---
http_interactions:
- request:
    method: get
    uri: https://www.googleapis.com/youtube/v3/videos?id=ffff%08&key=<YOUTUBE_TOKEN>&part=snippet
    body:
      encoding: UTF-8
      string: ''
    headers:
      Connection:
      - close
      Host:
      - www.googleapis.com
      User-Agent:
      - http.rb/4.4.1
  response:
    status:
      code: 400
      message: Bad Request
    headers:
      Content-Length:
      - '54'
      Content-Type:
      - text/html; charset=UTF-8
      Date:
      - Thu, 07 Jan 2021 08:56:40 GMT
    body:
      encoding: UTF-8
      string: "<html><title>Error 400 (Bad Request)!!1</title></html>"
  recorded_at: Thu, 07 Jan 2021 08:56:39 GMT
- request:
    method: get
    uri: https://www.googleapis.com/youtube/v3/videos?id=DA8nk83xumg&key=WRONG_TOKEN&part=snippet
    body:
      encoding: UTF-8
      string: ''
    headers:
      Connection:
      - close
      Host:
      - www.googleapis.com
      User-Agent:
      - http.rb/4.4.1
  response:
    status:
      code: 400
      message: Bad Request
    headers:
      Vary:
      - Origin,Accept-Encoding
      - Referer
      - X-Origin
      Content-Type:
      - application/json; charset=UTF-8
      Date:
      - Thu, 07 Jan 2021 08:56:40 GMT
      Server:
      - scaffolding on HTTPServer2
      Cache-Control:
      - private
      X-Xss-Protection:
      - '0'
      X-Frame-Options:
      - SAMEORIGIN
      X-Content-Type-Options:
      - nosniff
      Accept-Ranges:
      - none
      Transfer-Encoding:
      - chunked
      Alt-Svc:
      - h3-29=":443"; ma=2592000,h3-T051=":443"; ma=2592000,h3-Q050=":443"; ma=2592000,h3-Q046=":443";
        ma=2592000,h3-Q043=":443"; ma=2592000,quic=":443"; ma=2592000; v="46,43"
      Connection:
      - close
    body:
      encoding: UTF-8
      string: |
        {
          "error": {
            "code": 400,
            "message": "API key not valid. Please pass a valid API key.",
            "errors": [
              {
                "message": "API key not valid. Please pass a valid API key.",
                "domain": "global",
                "reason": "badRequest"
              }
            ],
            "status": "INVALID_ARGUMENT"
          }
        }
  recorded_at: Thu, 07 Jan 2021 08:56:39 GMT
- request:
    method: get
    uri: https://www.googleapis.com/youtube/v3/videos?id=DA8nk83xumg&key=<YOUTUBE_TOKEN>&part=snippet
    body:
      encoding: UTF-8
      string: ''
    headers:
      Connection:
      - close
      Host:
      - www.googleapis.com
      User-Agent:
      - http.rb/4.4.1
  response:
    status:
      code: 200
      message: OK
    headers:
      Content-Type:
      - application/json; charset=UTF-8
      Vary:
      - Origin,Accept-Encoding
      - Referer
      - X-Origin
      Date:
      - Thu, 07 Jan 2021 08:56:40 GMT
      Server:
      - scaffolding on HTTPServer2
      Cache-Control:
      - private
      X-Xss-Protection:
      - '0'
      X-Frame-Options:
      - SAMEORIGIN
      X-Content-Type-Options:
      - nosniff
      Accept-Ranges:
      - none
      Transfer-Encoding:
      - chunked
      Alt-Svc:
      - h3-29=":443"; ma=2592000,h3-T051=":443"; ma=2592000,h3-Q050=":443"; ma=2592000,h3-Q046=":443";
        ma=2592000,h3-Q043=":443"; ma=2592000,quic=":443"; ma=2592000; v="46,43"
      Connection:
      - close
    body:
      encoding: UTF-8
      string: "{\n  \"kind\": \"youtube#videoListResponse\",\n  \"etag\": \"hwfDy1e25CRx6iNq1kU3xe3r4_k\",\n
        \ \"items\": [\n    {\n      \"kind\": \"youtube#video\",\n      \"etag\":
        \"Uwx69zGvgPAQ8YRpIRWXXcVgO0g\",\n      \"id\": \"DA8nk83xumg\",\n      \"snippet\":
        {\n        \"publishedAt\": \"2020-09-24T13:00:12Z\",\n        \"channelId\":
        \"UCveuRV_jio_ivRlUhUla8sA\",\n        \"title\": \"張語噥 Sammy -【我們】《劇集 腦波小姐
        片尾曲》Official MV\",\n        \"description\": \"\U0001F3A7 KKBOX ➡️ https://kkbox.fm/xa5e3m\\n\U0001F3A7
        Spotify ➡️ https://spoti.fi/32WjNZ6\\n\U0001F3A7 All Platforms ➡️ https://www.soundscape.net/a/12164\\n\\n張語噥
        IG ➡️ https://www.instagram.com/sammymimi3/\\n張語噥 FB ➡️ https://www.facebook.com/loveyunung/\\n\\n耗資億萬的跨國製作，近四千顆動畫鏡頭打造出的奇幻世界\\n《腦波小姐》於9/12周六晚八點，中天綜合台播出，愛奇藝台灣站跟播\\n歐陽妮妮首挑大樑，影評一致讚譽\\n張書豪一人分飾多角，精彩可期\\n還有豆花妹、張捷、狄志杰、劉修甫、楊麗音、黃仲崑、陳孝萱、夏靖庭、湯志偉與韓瑜\\n一起演出這榮獲文化部長篇劇本首獎劇本\\n\\n【我們】是一首量身定做的片尾曲。兩個人從「你」、「我」變成「我們」，這樣的關係，到底是朋友、戀人還是仇人？！也許有一種關係是無法被歸類的，「我們」也許就是這樣獨一無二的關係。\\n張語噥以細膩中帶著暖度的嗓音，唱著這段撲朔迷離的「我們」，令人感到隱隱心疼，卻也回想起自己生命中，彷彿也曾有過這樣的一個人，無法被定義、被歸類的關係的「我們」。\\n\\n我們
        Us \\n詞曲 Composers：許芸齊\\n製作人 Producer ：Victor Lau 劉偉德\\n編曲 Arranger：Elisa
        Lin 林依霖/Victor Lau 劉偉德\\n吉他 Guitarist: Victor Lau 劉偉德\\n和聲 Backing Vocal :
        張語噥\\n配唱製作人 Vocal Producer：Victor Lau 劉偉德\\n錄音/混音 Engineer/Mixer : Victor劉偉德
        @ Downtown Music\\n\\n我常常會想  如果有一天你消失在我身旁\\n那這個世界  再怎麼運轉也轉不出完整的模樣\\n\\n我們的立場從不一樣
        \ 總是鍋碗瓢盆什麼都能吵\\n就因為這樣我才不能想像  你不在的時候我有多孤單\\n \\n我們不像戀人  不是敵人  不做朋友  \\n是什麼
        \ 只是曾經手勾過手\\n說好活到八十歲的時候  你要揹著我去環繞地球\\n我們不像戀人  不是敵人  不做朋友  \\n沒什麼  不能歸類獨一無二的感受\\n有彼此以後
        \ 才找到出發的點  \\n去畫更多更遠更美的圓周\\n\\n我們的立場從不一樣  總是鍋碗瓢盆什麼都能吵\\n就因為這樣我才不能想像  你不在的時候我有多孤單\\n
        \\n我們不像戀人  不是敵人  不做朋友  \\n是什麼  只是曾經手勾過手\\n說好活到八十歲的時候  你要揹著我去環繞地球\\n我們不像戀人
        \ 不是敵人  不做朋友  \\n沒什麼  不能歸類獨一無二的感受\\n有彼此以後 才找到那塊遺失的 \\n深深烙印在角落\\n\\n【MV製作 Music
        Video Credit List】\\n導演 Director：李洹宇 Sean Li  \\n攝影師 DOP：古曜華         \\n剪接
        Editor : 李洹宇     \\n\\n【工作人員名單 Staff List】\\n上城娛樂股份有限公司 Uptown Entertainment
        Co., Ltd.\\n團隊統籌 & 音樂總監 Team Supervisor & Music Supervisor：劉偉德 Victor Lau\\n藝人經紀
        & 宣傳統籌 & 行政統籌 Artist Manager & Publicity Planning & Administrative Support：柯斈霖
        Mollie Ke\\n宣傳執行 Publicity Execution：陳心瑀 Arielle Chen\\n妝髮 Make up & Hair:
        平平 Naomi\\n\\n#張語噥  #我們 #腦波小姐\",\n        \"thumbnails\": {\n          \"default\":
        {\n            \"url\": \"https://i.ytimg.com/vi/DA8nk83xumg/default.jpg\",\n
        \           \"width\": 120,\n            \"height\": 90\n          },\n          \"medium\":
        {\n            \"url\": \"https://i.ytimg.com/vi/DA8nk83xumg/mqdefault.jpg\",\n
        \           \"width\": 320,\n            \"height\": 180\n          },\n          \"high\":
        {\n            \"url\": \"https://i.ytimg.com/vi/DA8nk83xumg/hqdefault.jpg\",\n
        \           \"width\": 480,\n            \"height\": 360\n          },\n          \"standard\":
        {\n            \"url\": \"https://i.ytimg.com/vi/DA8nk83xumg/sddefault.jpg\",\n
        \           \"width\": 640,\n            \"height\": 480\n          },\n          \"maxres\":
        {\n            \"url\": \"https://i.ytimg.com/vi/DA8nk83xumg/maxresdefault.jpg\",\n
        \           \"width\": 1280,\n            \"height\": 720\n          }\n        },\n
        \       \"channelTitle\": \"張語噥\",\n        \"tags\": [\n          \"張語噥\",\n
        \         \"Sammy\",\n          \"華語流行音樂\",\n          \"kkbox\",\n          \"MV\",\n
        \         \"上城娛樂\",\n          \"狼人殺\",\n          \"新歌\",\n          \"超級偶像\",\n
        \         \"sammy chang\",\n          \"Sammy 1.0\",\n          \"抒情歌\",\n
        \         \"我們\",\n          \"腦波小姐\",\n          \"片尾曲\",\n          \"偶像劇\"\n
        \       ],\n        \"categoryId\": \"10\",\n        \"liveBroadcastContent\":
        \"none\",\n        \"defaultLanguage\": \"zh-TW\",\n        \"localized\":
        {\n          \"title\": \"張語噥 Sammy -【我們】《劇集 腦波小姐 片尾曲》Official MV\",\n          \"description\":
        \"\U0001F3A7 KKBOX ➡️ https://kkbox.fm/xa5e3m\\n\U0001F3A7 Spotify ➡️ https://spoti.fi/32WjNZ6\\n\U0001F3A7
        All Platforms ➡️ https://www.soundscape.net/a/12164\\n\\n張語噥 IG ➡️ https://www.instagram.com/sammymimi3/\\n張語噥
        FB ➡️ https://www.facebook.com/loveyunung/\\n\\n耗資億萬的跨國製作，近四千顆動畫鏡頭打造出的奇幻世界\\n《腦波小姐》於9/12周六晚八點，中天綜合台播出，愛奇藝台灣站跟播\\n歐陽妮妮首挑大樑，影評一致讚譽\\n張書豪一人分飾多角，精彩可期\\n還有豆花妹、張捷、狄志杰、劉修甫、楊麗音、黃仲崑、陳孝萱、夏靖庭、湯志偉與韓瑜\\n一起演出這榮獲文化部長篇劇本首獎劇本\\n\\n【我們】是一首量身定做的片尾曲。兩個人從「你」、「我」變成「我們」，這樣的關係，到底是朋友、戀人還是仇人？！也許有一種關係是無法被歸類的，「我們」也許就是這樣獨一無二的關係。\\n張語噥以細膩中帶著暖度的嗓音，唱著這段撲朔迷離的「我們」，令人感到隱隱心疼，卻也回想起自己生命中，彷彿也曾有過這樣的一個人，無法被定義、被歸類的關係的「我們」。\\n\\n我們
        Us \\n詞曲 Composers：許芸齊\\n製作人 Producer ：Victor Lau 劉偉德\\n編曲 Arranger：Elisa
        Lin 林依霖/Victor Lau 劉偉德\\n吉他 Guitarist: Victor Lau 劉偉德\\n和聲 Backing Vocal :
        張語噥\\n配唱製作人 Vocal Producer：Victor Lau 劉偉德\\n錄音/混音 Engineer/Mixer : Victor劉偉德
        @ Downtown Music\\n\\n我常常會想  如果有一天你消失在我身旁\\n那這個世界  再怎麼運轉也轉不出完整的模樣\\n\\n我們的立場從不一樣
        \ 總是鍋碗瓢盆什麼都能吵\\n就因為這樣我才不能想像  你不在的時候我有多孤單\\n \\n我們不像戀人  不是敵人  不做朋友  \\n是什麼
        \ 只是曾經手勾過手\\n說好活到八十歲的時候  你要揹著我去環繞地球\\n我們不像戀人  不是敵人  不做朋友  \\n沒什麼  不能歸類獨一無二的感受\\n有彼此以後
        \ 才找到出發的點  \\n去畫更多更遠更美的圓周\\n\\n我們的立場從不一樣  總是鍋碗瓢盆什麼都能吵\\n就因為這樣我才不能想像  你不在的時候我有多孤單\\n
        \\n我們不像戀人  不是敵人  不做朋友  \\n是什麼  只是曾經手勾過手\\n說好活到八十歲的時候  你要揹著我去環繞地球\\n我們不像戀人
        \ 不是敵人  不做朋友  \\n沒什麼  不能歸類獨一無二的感受\\n有彼此以後 才找到那塊遺失的 \\n深深烙印在角落\\n\\n【MV製作 Music
        Video Credit List】\\n導演 Director：李洹宇 Sean Li  \\n攝影師 DOP：古曜華         \\n剪接
        Editor : 李洹宇     \\n\\n【工作人員名單 Staff List】\\n上城娛樂股份有限公司 Uptown Entertainment
        Co., Ltd.\\n團隊統籌 & 音樂總監 Team Supervisor & Music Supervisor：劉偉德 Victor Lau\\n藝人經紀
        & 宣傳統籌 & 行政統籌 Artist Manager & Publicity Planning & Administrative Support：柯斈霖
        Mollie Ke\\n宣傳執行 Publicity Execution：陳心瑀 Arielle Chen\\n妝髮 Make up & Hair:
        平平 Naomi\\n\\n#張語噥  #我們 #腦波小姐\"\n        },\n        \"defaultAudioLanguage\":
        \"zh\"\n      }\n    }\n  ],\n  \"pageInfo\": {\n    \"totalResults\": 1,\n
        \   \"resultsPerPage\": 1\n  }\n}\n"
  recorded_at: Thu, 07 Jan 2021 08:56:39 GMT
- request:
    method: get
    uri: https://www.googleapis.com/youtube/v3/videos?id=I_LOVE_IU&key=<YOUTUBE_TOKEN>&part=snippet
    body:
      encoding: UTF-8
      string: ''
    headers:
      Connection:
      - close
      Host:
      - www.googleapis.com
      User-Agent:
      - http.rb/4.4.1
  response:
    status:
      code: 200
      message: OK
    headers:
      Content-Type:
      - application/json; charset=UTF-8
      Vary:
      - Origin,Accept-Encoding
      - Referer
      - X-Origin
      Date:
      - Thu, 07 Jan 2021 08:56:40 GMT
      Server:
      - scaffolding on HTTPServer2
      Cache-Control:
      - private
      X-Xss-Protection:
      - '0'
      X-Frame-Options:
      - SAMEORIGIN
      X-Content-Type-Options:
      - nosniff
      Accept-Ranges:
      - none
      Transfer-Encoding:
      - chunked
      Alt-Svc:
      - h3-29=":443"; ma=2592000,h3-T051=":443"; ma=2592000,h3-Q050=":443"; ma=2592000,h3-Q046=":443";
        ma=2592000,h3-Q043=":443"; ma=2592000,quic=":443"; ma=2592000; v="46,43"
      Connection:
      - close
    body:
      encoding: UTF-8
      string: |
        {
          "kind": "youtube#videoListResponse",
          "etag": "N3cH4-8Qyt6di3nGkvNQ0-9oBYc",
          "items": [],
          "pageInfo": {
            "totalResults": 0,
            "resultsPerPage": 0
          }
        }
  recorded_at: Thu, 07 Jan 2021 08:56:39 GMT
- request:
    method: get
    uri: https://www.googleapis.com/youtube/v3/commentThreads?key=<YOUTUBE_TOKEN>&maxResults=100&order=time&part=snippet&videoId=DA8nk83xumg
    body:
      encoding: UTF-8
      string: ''
    headers:
      Connection:
      - close
      Host:
      - www.googleapis.com
      User-Agent:
      - http.rb/4.4.1
  response:
    status:
      code: 200
      message: OK
    headers:
      Content-Type:
      - application/json; charset=UTF-8
      Vary:
      - Origin,Accept-Encoding
      - Referer
      - X-Origin
      Date:
      - Thu, 07 Jan 2021 08:56:40 GMT
      Server:
      - scaffolding on HTTPServer2
      Cache-Control:
      - private
      X-Xss-Protection:
      - '0'
      X-Frame-Options:
      - SAMEORIGIN
      X-Content-Type-Options:
      - nosniff
      Accept-Ranges:
      - none
      Transfer-Encoding:
      - chunked
      Alt-Svc:
      - h3-29=":443"; ma=2592000,h3-T051=":443"; ma=2592000,h3-Q050=":443"; ma=2592000,h3-Q046=":443";
        ma=2592000,h3-Q043=":443"; ma=2592000,quic=":443"; ma=2592000; v="46,43"
      Connection:
      - close
    body:
      encoding: UTF-8
      string: "{\n  \"kind\": \"youtube#commentThreadListResponse\",\n  \"etag\":
        \"R05sS4U4Dzisf9W6Wx179810wMA\",\n  \"nextPageToken\": \"QURTSl9pMEx3VFhjUG5sUWhVN2FTWmFKYnJEV2I1WVVUNUFZajh6NURDT3JDNWp4RVVUV2d3emY3SjVNODctOEZFWXBSZkVNdlFTX1FDZw==\",\n
        \ \"pageInfo\": {\n    \"totalResults\": 100,\n    \"resultsPerPage\": 100\n
        \ },\n  \"items\": [\n    {\n      \"kind\": \"youtube#commentThread\",\n
        \     \"etag\": \"TGcPokzsCKyyZtcS7wwMFib9VIw\",\n      \"id\": \"Ugy9pMSpqv0G2xQZTuJ4AaABAg\",\n
        \     \"snippet\": {\n        \"videoId\": \"DA8nk83xumg\",\n        \"topLevelComment\":
        {\n          \"kind\": \"youtube#comment\",\n          \"etag\": \"EnhV-fMKmsaJpKYikgwsyOUl3qM\",\n
        \         \"id\": \"Ugy9pMSpqv0G2xQZTuJ4AaABAg\",\n          \"snippet\":
        {\n            \"videoId\": \"DA8nk83xumg\",\n            \"textDisplay\":
        \"對於“腦波”，沒有什麼看～\\u003cbr /\\u003e倒是覺得這首歌曲，真地是很、非常不錯～\\u003cbr /\\u003e希望大家，可以、能夠多多的心、眼，寬廣些，並且支持、支援無須在國號中國、中華的政治、教育下，並且實質地、實際地，擁有自己，出彩、亮眼的台灣文化～\\u003cbr
        /\\u003e包括可以、能夠實在、真實的多元融合、自由平等，於古國們、國際各族各地的並非既然國號的政治、教育，其所謂而已的台灣文化～\\u003cbr
        /\\u003e因為可以、能夠正視、無避，並且描述、敘述出來原本、真正的國號明、清之明國、清國（包括它們的官話（清國，是並行兩種語文）、各族各地語文們，以及早就已經不是原本、真正漢族、漢人的所謂漢族、漢人），以及原本、真正的尚未被國號中國化、中華化之福州泉州漳州潮州、所謂客家，還有不只是那種政治及其教育，所謂原住民等等而已的高山族各族、平埔族各族、台灣群島本來就是一直都是西太平洋群島之一，甚至是原本、真正之整體、全部史實的葡萄牙、西班牙、荷蘭、日本、美國、英國、俄羅斯露希亞（RUSSIA）等等的台灣國家、台灣文化，真地才是出彩、亮眼、永恆、絕對，並且不會繼續被特定國號的政治教育、制度文化，所貶損汙蔑、所勢必消滅，而逐漸地，實質、實際衰弱、消失～\\u003cbr
        /\\u003e含還在被偽盡和平和諧、平等平衡、實質實際的漠視各族、各地，自己發展出來之如何、怎麼描述、敘述時空事物的所謂專業人士、人員，貶損汙蔑的台語、台灣話（可以、能夠把任何一個的語文，講、說成為所謂髒話、只剩下隻字片語而已的模樣，並且還得意洋洋、還志得意滿，然後，自以為尊，於特定語文的人們，不是低級下流、偽盡實在真實等等的爛咖、臭咖，是什麼？包括對於俄文、泰文、越南文、土耳其文等等）～\",\n
        \           \"textOriginal\": \"對於“腦波”，沒有什麼看～\\n倒是覺得這首歌曲，真地是很、非常不錯～\\n希望大家，可以、能夠多多的心、眼，寬廣些，並且支持、支援無須在國號中國、中華的政治、教育下，並且實質地、實際地，擁有自己，出彩、亮眼的台灣文化～\\n包括可以、能夠實在、真實的多元融合、自由平等，於古國們、國際各族各地的並非既然國號的政治、教育，其所謂而已的台灣文化～\\n因為可以、能夠正視、無避，並且描述、敘述出來原本、真正的國號明、清之明國、清國（包括它們的官話（清國，是並行兩種語文）、各族各地語文們，以及早就已經不是原本、真正漢族、漢人的所謂漢族、漢人），以及原本、真正的尚未被國號中國化、中華化之福州泉州漳州潮州、所謂客家，還有不只是那種政治及其教育，所謂原住民等等而已的高山族各族、平埔族各族、台灣群島本來就是一直都是西太平洋群島之一，甚至是原本、真正之整體、全部史實的葡萄牙、西班牙、荷蘭、日本、美國、英國、俄羅斯露希亞（RUSSIA）等等的台灣國家、台灣文化，真地才是出彩、亮眼、永恆、絕對，並且不會繼續被特定國號的政治教育、制度文化，所貶損汙蔑、所勢必消滅，而逐漸地，實質、實際衰弱、消失～\\n含還在被偽盡和平和諧、平等平衡、實質實際的漠視各族、各地，自己發展出來之如何、怎麼描述、敘述時空事物的所謂專業人士、人員，貶損汙蔑的台語、台灣話（可以、能夠把任何一個的語文，講、說成為所謂髒話、只剩下隻字片語而已的模樣，並且還得意洋洋、還志得意滿，然後，自以為尊，於特定語文的人們，不是低級下流、偽盡實在真實等等的爛咖、臭咖，是什麼？包括對於俄文、泰文、越南文、土耳其文等等）～\",\n
        \           \"authorDisplayName\": \"徐瑋\",\n            \"authorProfileImageUrl\":
        \"https://yt3.ggpht.com/ytc/AAUvwniI9rCdDt5mfyIpYSaW_E1o87VHZUoJiAvrlWMH=s48-c-k-c0xffffffff-no-rj-mo\",\n
        \           \"authorChannelUrl\": \"http://www.youtube.com/channel/UC9Wksyax4SW4h6z157tE_6Q\",\n
        \           \"authorChannelId\": {\n              \"value\": \"UC9Wksyax4SW4h6z157tE_6Q\"\n
        \           },\n            \"canRate\": true,\n            \"viewerRating\":
        \"none\",\n            \"likeCount\": 1,\n            \"publishedAt\": \"2020-12-31T08:11:10Z\",\n
        \           \"updatedAt\": \"2020-12-31T08:11:10Z\"\n          }\n        },\n
        \       \"canReply\": true,\n        \"totalReplyCount\": 0,\n        \"isPublic\":
        true\n      }\n    },\n    {\n      \"kind\": \"youtube#commentThread\",\n
        \     \"etag\": \"bnJWHk_UTQAlSzSzA1yf3sQaabQ\",\n      \"id\": \"UgyHUS2DwXkkbweho9h4AaABAg\",\n
        \     \"snippet\": {\n        \"videoId\": \"DA8nk83xumg\",\n        \"topLevelComment\":
        {\n          \"kind\": \"youtube#comment\",\n          \"etag\": \"3YP4QyfVyk1dt6dSDlFgvzFi8rc\",\n
        \         \"id\": \"UgyHUS2DwXkkbweho9h4AaABAg\",\n          \"snippet\":
        {\n            \"videoId\": \"DA8nk83xumg\",\n            \"textDisplay\":
        \"我絕對不會說粉圓米這首是我的鈴聲...\",\n            \"textOriginal\": \"我絕對不會說粉圓米這首是我的鈴聲...\",\n
        \           \"authorDisplayName\": \"蛋堡家余文樂\",\n            \"authorProfileImageUrl\":
        \"https://yt3.ggpht.com/ytc/AAUvwngCZTOWwnuDvhA_e1CX7D7ncVZYLMFc1AJKOnkyrg=s48-c-k-c0xffffffff-no-rj-mo\",\n
        \           \"authorChannelUrl\": \"http://www.youtube.com/channel/UC9IpkOznz0W7X0BhF7LtzLg\",\n
        \           \"authorChannelId\": {\n              \"value\": \"UC9IpkOznz0W7X0BhF7LtzLg\"\n
        \           },\n            \"canRate\": true,\n            \"viewerRating\":
        \"none\",\n            \"likeCount\": 0,\n            \"publishedAt\": \"2020-12-31T00:47:31Z\",\n
        \           \"updatedAt\": \"2020-12-31T00:47:47Z\"\n          }\n        },\n
        \       \"canReply\": true,\n        \"totalReplyCount\": 0,\n        \"isPublic\":
        true\n      }\n    },\n    {\n      \"kind\": \"youtube#commentThread\",\n
        \     \"etag\": \"u1_a6tYRmBeEseabLMldnLxrxk8\",\n      \"id\": \"UgzC08nb1smPBfC5vyJ4AaABAg\",\n
        \     \"snippet\": {\n        \"videoId\": \"DA8nk83xumg\",\n        \"topLevelComment\":
        {\n          \"kind\": \"youtube#comment\",\n          \"etag\": \"WvxTVWBTPnxKU6v9MQZrc7YMhWQ\",\n
        \         \"id\": \"UgzC08nb1smPBfC5vyJ4AaABAg\",\n          \"snippet\":
        {\n            \"videoId\": \"DA8nk83xumg\",\n            \"textDisplay\":
        \"在內中舞會第一次聽到這首歌之後就愛上了\",\n            \"textOriginal\": \"在內中舞會第一次聽到這首歌之後就愛上了\",\n
        \           \"authorDisplayName\": \"L PJ\",\n            \"authorProfileImageUrl\":
        \"https://yt3.ggpht.com/ytc/AAUvwngeYhefbStVUGQDlpocMPy6297cZIEVG24VgyjJNQ=s48-c-k-c0xffffffff-no-rj-mo\",\n
        \           \"authorChannelUrl\": \"http://www.youtube.com/channel/UCbpWWSmshnW9MIYfngmLn6w\",\n
        \           \"authorChannelId\": {\n              \"value\": \"UCbpWWSmshnW9MIYfngmLn6w\"\n
        \           },\n            \"canRate\": true,\n            \"viewerRating\":
        \"none\",\n            \"likeCount\": 0,\n            \"publishedAt\": \"2020-12-18T15:20:51Z\",\n
        \           \"updatedAt\": \"2020-12-18T15:20:51Z\"\n          }\n        },\n
        \       \"canReply\": true,\n        \"totalReplyCount\": 0,\n        \"isPublic\":
        true\n      }\n    },\n    {\n      \"kind\": \"youtube#commentThread\",\n
        \     \"etag\": \"vhlsWj7pnuBvL48laidWGaX347c\",\n      \"id\": \"Ugz3iqLsB_tPcd4RjIN4AaABAg\",\n
        \     \"snippet\": {\n        \"videoId\": \"DA8nk83xumg\",\n        \"topLevelComment\":
        {\n          \"kind\": \"youtube#comment\",\n          \"etag\": \"rwjpeshs1vQDW0AK_RSDtovhCMY\",\n
        \         \"id\": \"Ugz3iqLsB_tPcd4RjIN4AaABAg\",\n          \"snippet\":
        {\n            \"videoId\": \"DA8nk83xumg\",\n            \"textDisplay\":
        \"这不就是室友么\U0001F602\",\n            \"textOriginal\": \"这不就是室友么\U0001F602\",\n
        \           \"authorDisplayName\": \"Alison Gao\",\n            \"authorProfileImageUrl\":
        \"https://yt3.ggpht.com/ytc/AAUvwnjfNtJljUJcc0aI0TNLaZYAlAZH0Qp8l_bSjg=s48-c-k-c0xffffffff-no-rj-mo\",\n
        \           \"authorChannelUrl\": \"http://www.youtube.com/channel/UCops81OpKOATsxPwd7ZI-Tw\",\n
        \           \"authorChannelId\": {\n              \"value\": \"UCops81OpKOATsxPwd7ZI-Tw\"\n
        \           },\n            \"canRate\": true,\n            \"viewerRating\":
        \"none\",\n            \"likeCount\": 0,\n            \"publishedAt\": \"2020-12-16T23:47:27Z\",\n
        \           \"updatedAt\": \"2020-12-16T23:47:27Z\"\n          }\n        },\n
        \       \"canReply\": true,\n        \"totalReplyCount\": 0,\n        \"isPublic\":
        true\n      }\n    },\n    {\n      \"kind\": \"youtube#commentThread\",\n
        \     \"etag\": \"6O4UN4iQsoeyNlbsobqIIxpomKM\",\n      \"id\": \"Ugy-Ac2i-Au1Rq9lHbp4AaABAg\",\n
        \     \"snippet\": {\n        \"videoId\": \"DA8nk83xumg\",\n        \"topLevelComment\":
        {\n          \"kind\": \"youtube#comment\",\n          \"etag\": \"a1NcYJSYFCnoUvhHzJyvwZBWLmM\",\n
        \         \"id\": \"Ugy-Ac2i-Au1Rq9lHbp4AaABAg\",\n          \"snippet\":
        {\n            \"videoId\": \"DA8nk83xumg\",\n            \"textDisplay\":
        \"你有天使般的語音 \U0001F496\",\n            \"textOriginal\": \"你有天使般的語音 \U0001F496\",\n
        \           \"authorDisplayName\": \"Henutmire\",\n            \"authorProfileImageUrl\":
        \"https://yt3.ggpht.com/ytc/AAUvwnjLaJcGFs90FLTNnXQbK99xKiaVsmFDNDfmxo7ZDtc=s48-c-k-c0xffffffff-no-rj-mo\",\n
        \           \"authorChannelUrl\": \"http://www.youtube.com/channel/UCkc2k3PZO0IjIU_5l7rIuFw\",\n
        \           \"authorChannelId\": {\n              \"value\": \"UCkc2k3PZO0IjIU_5l7rIuFw\"\n
        \           },\n            \"canRate\": true,\n            \"viewerRating\":
        \"none\",\n            \"likeCount\": 1,\n            \"publishedAt\": \"2020-12-15T19:51:30Z\",\n
        \           \"updatedAt\": \"2020-12-15T19:51:30Z\"\n          }\n        },\n
        \       \"canReply\": true,\n        \"totalReplyCount\": 0,\n        \"isPublic\":
        true\n      }\n    },\n    {\n      \"kind\": \"youtube#commentThread\",\n
        \     \"etag\": \"L7qSPr3SchZ81xartl8oabHBQg4\",\n      \"id\": \"UgytvIhjrudH_yrsu_94AaABAg\",\n
        \     \"snippet\": {\n        \"videoId\": \"DA8nk83xumg\",\n        \"topLevelComment\":
        {\n          \"kind\": \"youtube#comment\",\n          \"etag\": \"beJfjZNMxyKMzGdpe3rvTUAXyUY\",\n
        \         \"id\": \"UgytvIhjrudH_yrsu_94AaABAg\",\n          \"snippet\":
        {\n            \"videoId\": \"DA8nk83xumg\",\n            \"textDisplay\":
        \"在2020年12月，这里有人吗，让我看看你的手吗？\\u003cbr /\\u003e\U0001F447\U0001F447\U0001F447\",\n
        \           \"textOriginal\": \"在2020年12月，这里有人吗，让我看看你的手吗？\\n\U0001F447\U0001F447\U0001F447\",\n
        \           \"authorDisplayName\": \"TD-Music\",\n            \"authorProfileImageUrl\":
        \"https://yt3.ggpht.com/ytc/AAUvwnj6Sq8I4fqEBNXWy_W6CwqmIyh7ToFtC7-HaDuM=s48-c-k-c0xffffffff-no-rj-mo\",\n
        \           \"authorChannelUrl\": \"http://www.youtube.com/channel/UCIPxxCw_UB4CaceO9ZBq_bQ\",\n
        \           \"authorChannelId\": {\n              \"value\": \"UCIPxxCw_UB4CaceO9ZBq_bQ\"\n
        \           },\n            \"canRate\": true,\n            \"viewerRating\":
        \"none\",\n            \"likeCount\": 4,\n            \"publishedAt\": \"2020-12-08T02:58:20Z\",\n
        \           \"updatedAt\": \"2020-12-08T02:58:20Z\"\n          }\n        },\n
        \       \"canReply\": true,\n        \"totalReplyCount\": 0,\n        \"isPublic\":
        true\n      }\n    },\n    {\n      \"kind\": \"youtube#commentThread\",\n
        \     \"etag\": \"Q8iLPoEy6tLfOcrsqcUosOt-wZ4\",\n      \"id\": \"Ugw4mYn49ylmmeBWD2p4AaABAg\",\n
        \     \"snippet\": {\n        \"videoId\": \"DA8nk83xumg\",\n        \"topLevelComment\":
        {\n          \"kind\": \"youtube#comment\",\n          \"etag\": \"Qqkew-QlDeG-x18tEO48eCK8RS4\",\n
        \         \"id\": \"Ugw4mYn49ylmmeBWD2p4AaABAg\",\n          \"snippet\":
        {\n            \"videoId\": \"DA8nk83xumg\",\n            \"textDisplay\":
        \"翔宇\U0001F90D睡衣的最愛的只愛的想念的語噥@我的真心永遠愛著專屬語噥因為語噥很善良魅力太迷人@我是永遠睡衣愛著語噥的預言家@語噥歌曲情緒詮釋的非常細膩我很喜歡@我們
        會是我生命中最重要的歌曲\U0001F90D\U0001F90D\U0001F90D\",\n            \"textOriginal\":
        \"翔宇\U0001F90D睡衣的最愛的只愛的想念的語噥@我的真心永遠愛著專屬語噥因為語噥很善良魅力太迷人@我是永遠睡衣愛著語噥的預言家@語噥歌曲情緒詮釋的非常細膩我很喜歡@我們
        會是我生命中最重要的歌曲\U0001F90D\U0001F90D\U0001F90D\",\n            \"authorDisplayName\":
        \"薛翔宇\",\n            \"authorProfileImageUrl\": \"https://yt3.ggpht.com/ytc/AAUvwnhWhtRRJCRJb5dxUQS6HzATQAVMMAM4d2SQZw=s48-c-k-c0xffffffff-no-rj-mo\",\n
        \           \"authorChannelUrl\": \"http://www.youtube.com/channel/UCY1MPJDDFozz5MC1KMKIPJg\",\n
        \           \"authorChannelId\": {\n              \"value\": \"UCY1MPJDDFozz5MC1KMKIPJg\"\n
        \           },\n            \"canRate\": true,\n            \"viewerRating\":
        \"none\",\n            \"likeCount\": 0,\n            \"publishedAt\": \"2020-12-07T09:26:41Z\",\n
        \           \"updatedAt\": \"2020-12-07T09:26:41Z\"\n          }\n        },\n
        \       \"canReply\": true,\n        \"totalReplyCount\": 0,\n        \"isPublic\":
        true\n      }\n    },\n    {\n      \"kind\": \"youtube#commentThread\",\n
        \     \"etag\": \"QVrXavcMlLtTH58IpvIyFef9R6s\",\n      \"id\": \"UgxtWuwNnor9rKu4beJ4AaABAg\",\n
        \     \"snippet\": {\n        \"videoId\": \"DA8nk83xumg\",\n        \"topLevelComment\":
        {\n          \"kind\": \"youtube#comment\",\n          \"etag\": \"JDYqJnc9BvgxCBDIKUZLoht85hA\",\n
        \         \"id\": \"UgxtWuwNnor9rKu4beJ4AaABAg\",\n          \"snippet\":
        {\n            \"videoId\": \"DA8nk83xumg\",\n            \"textDisplay\":
        \"好好听 ❤\",\n            \"textOriginal\": \"好好听 ❤\",\n            \"authorDisplayName\":
        \"Kelbin Lin\",\n            \"authorProfileImageUrl\": \"https://yt3.ggpht.com/ytc/AAUvwniSOfB5kFFAd1d4xyy2swaoRMf9an6KtqD7KuudgA=s48-c-k-c0xffffffff-no-rj-mo\",\n
        \           \"authorChannelUrl\": \"http://www.youtube.com/channel/UCTp73kQd7UVaGpNcyJLS0cA\",\n
        \           \"authorChannelId\": {\n              \"value\": \"UCTp73kQd7UVaGpNcyJLS0cA\"\n
        \           },\n            \"canRate\": true,\n            \"viewerRating\":
        \"none\",\n            \"likeCount\": 0,\n            \"publishedAt\": \"2020-12-02T11:56:44Z\",\n
        \           \"updatedAt\": \"2020-12-02T11:56:44Z\"\n          }\n        },\n
        \       \"canReply\": true,\n        \"totalReplyCount\": 0,\n        \"isPublic\":
        true\n      }\n    },\n    {\n      \"kind\": \"youtube#commentThread\",\n
        \     \"etag\": \"wYd5Mx2SyvD9TOt9aYNtcvrTsUk\",\n      \"id\": \"Ugy6-sa4UCgwHI7KYJ94AaABAg\",\n
        \     \"snippet\": {\n        \"videoId\": \"DA8nk83xumg\",\n        \"topLevelComment\":
        {\n          \"kind\": \"youtube#comment\",\n          \"etag\": \"FNpugSwrEfthqbFDXmxf5A7v41c\",\n
        \         \"id\": \"Ugy6-sa4UCgwHI7KYJ94AaABAg\",\n          \"snippet\":
        {\n            \"videoId\": \"DA8nk83xumg\",\n            \"textDisplay\":
        \"喜欢丁屿在善良与嫉妒之间做挣扎的内心戏，虽然后面还是黑化了。\\u003cbr /\\u003e但不得不说蔡黄汝后面真的演得很绿茶\U0001F923\U0001F923把一个圆滑（表里不一）演得出神入化。\",\n
        \           \"textOriginal\": \"喜欢丁屿在善良与嫉妒之间做挣扎的内心戏，虽然后面还是黑化了。\\n但不得不说蔡黄汝后面真的演得很绿茶\U0001F923\U0001F923把一个圆滑（表里不一）演得出神入化。\",\n
        \           \"authorDisplayName\": \"小刘人生杂货店\",\n            \"authorProfileImageUrl\":
        \"https://yt3.ggpht.com/ytc/AAUvwnjathNnamco7ea2DP6OSAxkt_7RsJ63gtpiV4EdPw=s48-c-k-c0xffffffff-no-rj-mo\",\n
        \           \"authorChannelUrl\": \"http://www.youtube.com/channel/UCG4Kgm8FKUSDFuPsQdtjuxA\",\n
        \           \"authorChannelId\": {\n              \"value\": \"UCG4Kgm8FKUSDFuPsQdtjuxA\"\n
        \           },\n            \"canRate\": true,\n            \"viewerRating\":
        \"none\",\n            \"likeCount\": 0,\n            \"publishedAt\": \"2020-11-29T17:16:21Z\",\n
        \           \"updatedAt\": \"2020-11-29T17:16:21Z\"\n          }\n        },\n
        \       \"canReply\": true,\n        \"totalReplyCount\": 0,\n        \"isPublic\":
        true\n      }\n    },\n    {\n      \"kind\": \"youtube#commentThread\",\n
        \     \"etag\": \"z2bfCI1GlMWp2uoSiTfMRmSmZr0\",\n      \"id\": \"UgxWgbzMgV209D2D6ZB4AaABAg\",\n
        \     \"snippet\": {\n        \"videoId\": \"DA8nk83xumg\",\n        \"topLevelComment\":
        {\n          \"kind\": \"youtube#comment\",\n          \"etag\": \"8yz8WqJlxnPpshwzwNHXF1jBmEE\",\n
        \         \"id\": \"UgxWgbzMgV209D2D6ZB4AaABAg\",\n          \"snippet\":
        {\n            \"videoId\": \"DA8nk83xumg\",\n            \"textDisplay\":
        \"超好聽～～支持美美的語噥！！！\",\n            \"textOriginal\": \"超好聽～～支持美美的語噥！！！\",\n
        \           \"authorDisplayName\": \"cherry blossoms8811\",\n            \"authorProfileImageUrl\":
        \"https://yt3.ggpht.com/ytc/AAUvwnhQyOLNI_70fpIscuyPKy0KlWpC33itJfWMxRvk-g=s48-c-k-c0xffffffff-no-rj-mo\",\n
        \           \"authorChannelUrl\": \"http://www.youtube.com/channel/UC54gsPhivSIFrszf8YhzpDw\",\n
        \           \"authorChannelId\": {\n              \"value\": \"UC54gsPhivSIFrszf8YhzpDw\"\n
        \           },\n            \"canRate\": true,\n            \"viewerRating\":
        \"none\",\n            \"likeCount\": 1,\n            \"publishedAt\": \"2020-11-20T14:52:16Z\",\n
        \           \"updatedAt\": \"2020-11-20T14:52:16Z\"\n          }\n        },\n
        \       \"canReply\": true,\n        \"totalReplyCount\": 0,\n        \"isPublic\":
        true\n      }\n    },\n    {\n      \"kind\": \"youtube#commentThread\",\n
        \     \"etag\": \"imGArXQ856QExGgThwRKnzETXYk\",\n      \"id\": \"UgzzsB6fJQtpQOrG2gp4AaABAg\",\n
        \     \"snippet\": {\n        \"videoId\": \"DA8nk83xumg\",\n        \"topLevelComment\":
        {\n          \"kind\": \"youtube#comment\",\n          \"etag\": \"5hMUuXUWLUwbAlvPcefN_AKrFlk\",\n
        \         \"id\": \"UgzzsB6fJQtpQOrG2gp4AaABAg\",\n          \"snippet\":
        {\n            \"videoId\": \"DA8nk83xumg\",\n            \"textDisplay\":
        \"好聽到我耳朵懷孕了\U0001F914\",\n            \"textOriginal\": \"好聽到我耳朵懷孕了\U0001F914\",\n
        \           \"authorDisplayName\": \"李念軒\",\n            \"authorProfileImageUrl\":
        \"https://yt3.ggpht.com/ytc/AAUvwnhheC8xDFTZg1x3YHLaKiF5brjwqEFr1MB6_nQKHA=s48-c-k-c0xffffffff-no-rj-mo\",\n
        \           \"authorChannelUrl\": \"http://www.youtube.com/channel/UC0-Au5Za84H-EQSRwA5D_Sg\",\n
        \           \"authorChannelId\": {\n              \"value\": \"UC0-Au5Za84H-EQSRwA5D_Sg\"\n
        \           },\n            \"canRate\": true,\n            \"viewerRating\":
        \"none\",\n            \"likeCount\": 1,\n            \"publishedAt\": \"2020-11-14T09:36:32Z\",\n
        \           \"updatedAt\": \"2020-11-14T09:36:32Z\"\n          }\n        },\n
        \       \"canReply\": true,\n        \"totalReplyCount\": 0,\n        \"isPublic\":
        true\n      }\n    },\n    {\n      \"kind\": \"youtube#commentThread\",\n
        \     \"etag\": \"Jf0xRMIaG42vSGeTcAvgBTi6g5U\",\n      \"id\": \"UgwjRvZIbBVJWAmbDQd4AaABAg\",\n
        \     \"snippet\": {\n        \"videoId\": \"DA8nk83xumg\",\n        \"topLevelComment\":
        {\n          \"kind\": \"youtube#comment\",\n          \"etag\": \"ZwFNBA2H1AcoJUrspuCL7K2-hMs\",\n
        \         \"id\": \"UgwjRvZIbBVJWAmbDQd4AaABAg\",\n          \"snippet\":
        {\n            \"videoId\": \"DA8nk83xumg\",\n            \"textDisplay\":
        \"從超偶到RC語音從RC語音到現在電視上看到妳，妳的努力我們都看的到，做自己喜歡的事堅持自己的路，妳很棒，從妳的歌聽的出來妳超越當初的那個自己唱歌情感也越來越濃烈我們很喜歡謝謝妳一直用歌聲陪伴在我們身邊，祝福你一切順利\",\n
        \           \"textOriginal\": \"從超偶到RC語音從RC語音到現在電視上看到妳，妳的努力我們都看的到，做自己喜歡的事堅持自己的路，妳很棒，從妳的歌聽的出來妳超越當初的那個自己唱歌情感也越來越濃烈我們很喜歡謝謝妳一直用歌聲陪伴在我們身邊，祝福你一切順利\",\n
        \           \"authorDisplayName\": \"林藤御\",\n            \"authorProfileImageUrl\":
        \"https://yt3.ggpht.com/ytc/AAUvwnjyS_Dl0ZwOrYlPoFW3agtfz8e9OsmWFGLjCEBS=s48-c-k-c0xffffffff-no-rj-mo\",\n
        \           \"authorChannelUrl\": \"http://www.youtube.com/channel/UCuRChvcxDLIgEXMzHPT9jFA\",\n
        \           \"authorChannelId\": {\n              \"value\": \"UCuRChvcxDLIgEXMzHPT9jFA\"\n
        \           },\n            \"canRate\": true,\n            \"viewerRating\":
        \"none\",\n            \"likeCount\": 1,\n            \"publishedAt\": \"2020-11-13T12:06:30Z\",\n
        \           \"updatedAt\": \"2020-11-13T12:06:30Z\"\n          }\n        },\n
        \       \"canReply\": true,\n        \"totalReplyCount\": 0,\n        \"isPublic\":
        true\n      }\n    },\n    {\n      \"kind\": \"youtube#commentThread\",\n
        \     \"etag\": \"vkEiQpDWeAxcgPWOi_vx5Q5pFTo\",\n      \"id\": \"UgwHA2qmmdjd0Z8Ux-l4AaABAg\",\n
        \     \"snippet\": {\n        \"videoId\": \"DA8nk83xumg\",\n        \"topLevelComment\":
        {\n          \"kind\": \"youtube#comment\",\n          \"etag\": \"u3vMMqwJnc-os-O8hVflM_gw2WE\",\n
        \         \"id\": \"UgwHA2qmmdjd0Z8Ux-l4AaABAg\",\n          \"snippet\":
        {\n            \"videoId\": \"DA8nk83xumg\",\n            \"textDisplay\":
        \"你好嗎，好好聽的歌聲真\U0001F44D感謝您，\",\n            \"textOriginal\": \"你好嗎，好好聽的歌聲真\U0001F44D感謝您，\",\n
        \           \"authorDisplayName\": \"張盛裕、\",\n            \"authorProfileImageUrl\":
        \"https://yt3.ggpht.com/ytc/AAUvwngC9SYgSuy9A7rNv6bvVmcFWeCIYIJyDQPKJg=s48-c-k-c0xffffffff-no-rj-mo\",\n
        \           \"authorChannelUrl\": \"http://www.youtube.com/channel/UCjbEgn8VQEOoXzuHARny1Dw\",\n
        \           \"authorChannelId\": {\n              \"value\": \"UCjbEgn8VQEOoXzuHARny1Dw\"\n
        \           },\n            \"canRate\": true,\n            \"viewerRating\":
        \"none\",\n            \"likeCount\": 1,\n            \"publishedAt\": \"2020-11-12T13:29:18Z\",\n
        \           \"updatedAt\": \"2020-11-12T13:29:18Z\"\n          }\n        },\n
        \       \"canReply\": true,\n        \"totalReplyCount\": 0,\n        \"isPublic\":
        true\n      }\n    },\n    {\n      \"kind\": \"youtube#commentThread\",\n
        \     \"etag\": \"e_BqE_mjjRvjKgEK7rnuUAWI0cE\",\n      \"id\": \"UgyYyH-YfKbVwUFtwTp4AaABAg\",\n
        \     \"snippet\": {\n        \"videoId\": \"DA8nk83xumg\",\n        \"topLevelComment\":
        {\n          \"kind\": \"youtube#comment\",\n          \"etag\": \"NaiNHbcpxWwpUPoZQNl9TCnksK4\",\n
        \         \"id\": \"UgyYyH-YfKbVwUFtwTp4AaABAg\",\n          \"snippet\":
        {\n            \"videoId\": \"DA8nk83xumg\",\n            \"textDisplay\":
        \"這首帶了一點感傷，唱著會哭捏\",\n            \"textOriginal\": \"這首帶了一點感傷，唱著會哭捏\",\n            \"authorDisplayName\":
        \"陳振瑋\",\n            \"authorProfileImageUrl\": \"https://yt3.ggpht.com/ytc/AAUvwnjXS9L5kxFEnNrEmWBdAmxpKGrc9MfqucpkDw=s48-c-k-c0xffffffff-no-rj-mo\",\n
        \           \"authorChannelUrl\": \"http://www.youtube.com/channel/UCZhL7XV8DqoOPaX2X0mqbfw\",\n
        \           \"authorChannelId\": {\n              \"value\": \"UCZhL7XV8DqoOPaX2X0mqbfw\"\n
        \           },\n            \"canRate\": true,\n            \"viewerRating\":
        \"none\",\n            \"likeCount\": 1,\n            \"publishedAt\": \"2020-11-10T06:27:36Z\",\n
        \           \"updatedAt\": \"2020-11-10T06:27:36Z\"\n          }\n        },\n
        \       \"canReply\": true,\n        \"totalReplyCount\": 0,\n        \"isPublic\":
        true\n      }\n    },\n    {\n      \"kind\": \"youtube#commentThread\",\n
        \     \"etag\": \"BZ8Mvw8AJKvHKmpNLDuA-Z8w5lM\",\n      \"id\": \"UgxACiYm3LyB4KOJUMt4AaABAg\",\n
        \     \"snippet\": {\n        \"videoId\": \"DA8nk83xumg\",\n        \"topLevelComment\":
        {\n          \"kind\": \"youtube#comment\",\n          \"etag\": \"vfV81TpGpZHVu1wxyrb6qqNB1Ps\",\n
        \         \"id\": \"UgxACiYm3LyB4KOJUMt4AaABAg\",\n          \"snippet\":
        {\n            \"videoId\": \"DA8nk83xumg\",\n            \"textDisplay\":
        \"聲音好溫柔～！晚上聽更有Feel!\",\n            \"textOriginal\": \"聲音好溫柔～！晚上聽更有Feel!\",\n
        \           \"authorDisplayName\": \"Chichileben廣東話說德國\",\n            \"authorProfileImageUrl\":
        \"https://yt3.ggpht.com/ytc/AAUvwniZq_s4RZkLnJbKUADnqjkHNpoQGSSfTym7OrsY=s48-c-k-c0xffffffff-no-rj-mo\",\n
        \           \"authorChannelUrl\": \"http://www.youtube.com/channel/UCQuIaTv6Ik1yTlCOoTI5aLw\",\n
        \           \"authorChannelId\": {\n              \"value\": \"UCQuIaTv6Ik1yTlCOoTI5aLw\"\n
        \           },\n            \"canRate\": true,\n            \"viewerRating\":
        \"none\",\n            \"likeCount\": 2,\n            \"publishedAt\": \"2020-11-08T22:47:26Z\",\n
        \           \"updatedAt\": \"2020-11-08T22:47:26Z\"\n          }\n        },\n
        \       \"canReply\": true,\n        \"totalReplyCount\": 0,\n        \"isPublic\":
        true\n      }\n    },\n    {\n      \"kind\": \"youtube#commentThread\",\n
        \     \"etag\": \"Cyr5aeDg6lX9JB-xtRxCSR1Kpz8\",\n      \"id\": \"UgyYtuE9qmEb9DFLG_x4AaABAg\",\n
        \     \"snippet\": {\n        \"videoId\": \"DA8nk83xumg\",\n        \"topLevelComment\":
        {\n          \"kind\": \"youtube#comment\",\n          \"etag\": \"xO309SdMK0Jq7geZ9Vi4vFJFTwk\",\n
        \         \"id\": \"UgyYtuE9qmEb9DFLG_x4AaABAg\",\n          \"snippet\":
        {\n            \"videoId\": \"DA8nk83xumg\",\n            \"textDisplay\":
        \"棒\",\n            \"textOriginal\": \"棒\",\n            \"authorDisplayName\":
        \"KasugaiSeika\",\n            \"authorProfileImageUrl\": \"https://yt3.ggpht.com/ytc/AAUvwnhLO_TV6o_Y3i2kwMq-YdkAXCu0xTmqmGFt4Q=s48-c-k-c0xffffffff-no-rj-mo\",\n
        \           \"authorChannelUrl\": \"http://www.youtube.com/channel/UCtspwVP5dXmPJxn1Np3Z7Ng\",\n
        \           \"authorChannelId\": {\n              \"value\": \"UCtspwVP5dXmPJxn1Np3Z7Ng\"\n
        \           },\n            \"canRate\": true,\n            \"viewerRating\":
        \"none\",\n            \"likeCount\": 1,\n            \"publishedAt\": \"2020-11-07T14:49:02Z\",\n
        \           \"updatedAt\": \"2020-11-07T14:49:02Z\"\n          }\n        },\n
        \       \"canReply\": true,\n        \"totalReplyCount\": 0,\n        \"isPublic\":
        true\n      }\n    },\n    {\n      \"kind\": \"youtube#commentThread\",\n
        \     \"etag\": \"BNdBaJy3qBuCrRQkV9L3iqAQBAs\",\n      \"id\": \"UgypvHY88sEIFd5Gm0p4AaABAg\",\n
        \     \"snippet\": {\n        \"videoId\": \"DA8nk83xumg\",\n        \"topLevelComment\":
        {\n          \"kind\": \"youtube#comment\",\n          \"etag\": \"VtLToGyGgkee7Rv9RntdBNuhcsM\",\n
        \         \"id\": \"UgypvHY88sEIFd5Gm0p4AaABAg\",\n          \"snippet\":
        {\n            \"videoId\": \"DA8nk83xumg\",\n            \"textDisplay\":
        \"語噥真的很棒\\u003cbr /\\u003e這首歌詮釋的很好 很抓耳\U0001F60D\",\n            \"textOriginal\":
        \"語噥真的很棒\\n這首歌詮釋的很好 很抓耳\U0001F60D\",\n            \"authorDisplayName\": \"PoPo\",\n
        \           \"authorProfileImageUrl\": \"https://yt3.ggpht.com/ytc/AAUvwniCHXGETO26cc3xPdiNw-a9Q-uU7PgL7Q4y2oZj=s48-c-k-c0xffffffff-no-rj-mo\",\n
        \           \"authorChannelUrl\": \"http://www.youtube.com/channel/UCeaOJspYrN9VGqS6gZiEVhA\",\n
        \           \"authorChannelId\": {\n              \"value\": \"UCeaOJspYrN9VGqS6gZiEVhA\"\n
        \           },\n            \"canRate\": true,\n            \"viewerRating\":
        \"none\",\n            \"likeCount\": 1,\n            \"publishedAt\": \"2020-11-06T12:44:14Z\",\n
        \           \"updatedAt\": \"2020-11-06T12:44:14Z\"\n          }\n        },\n
        \       \"canReply\": true,\n        \"totalReplyCount\": 0,\n        \"isPublic\":
        true\n      }\n    },\n    {\n      \"kind\": \"youtube#commentThread\",\n
        \     \"etag\": \"tF0-RZkOHutIG39YGXVIBDmKMew\",\n      \"id\": \"Ugw6HzU5leLreF0klyh4AaABAg\",\n
        \     \"snippet\": {\n        \"videoId\": \"DA8nk83xumg\",\n        \"topLevelComment\":
        {\n          \"kind\": \"youtube#comment\",\n          \"etag\": \"d9Tzgu_B2tnqzeO3pn_hxU2qHH4\",\n
        \         \"id\": \"Ugw6HzU5leLreF0klyh4AaABAg\",\n          \"snippet\":
        {\n            \"videoId\": \"DA8nk83xumg\",\n            \"textDisplay\":
        \"意外聽到這首歌 好好聽\",\n            \"textOriginal\": \"意外聽到這首歌 好好聽\",\n            \"authorDisplayName\":
        \"方寶珍\",\n            \"authorProfileImageUrl\": \"https://yt3.ggpht.com/ytc/AAUvwnhlZV9F54PBWLhD54QieiYPdTrRARZfYNcMePe9jA=s48-c-k-c0xffffffff-no-rj-mo\",\n
        \           \"authorChannelUrl\": \"http://www.youtube.com/channel/UCO4Mj3PdPPt08ZVTWBp4phg\",\n
        \           \"authorChannelId\": {\n              \"value\": \"UCO4Mj3PdPPt08ZVTWBp4phg\"\n
        \           },\n            \"canRate\": true,\n            \"viewerRating\":
        \"none\",\n            \"likeCount\": 2,\n            \"publishedAt\": \"2020-11-03T01:47:10Z\",\n
        \           \"updatedAt\": \"2020-11-03T01:47:10Z\"\n          }\n        },\n
        \       \"canReply\": true,\n        \"totalReplyCount\": 0,\n        \"isPublic\":
        true\n      }\n    },\n    {\n      \"kind\": \"youtube#commentThread\",\n
        \     \"etag\": \"HU503SJWU4N1H_6doEBZVLWBQEo\",\n      \"id\": \"Ugx5qhLsnM8x7uvZV1h4AaABAg\",\n
        \     \"snippet\": {\n        \"videoId\": \"DA8nk83xumg\",\n        \"topLevelComment\":
        {\n          \"kind\": \"youtube#comment\",\n          \"etag\": \"5RWg7T1QczTnS452cVorAQn23u4\",\n
        \         \"id\": \"Ugx5qhLsnM8x7uvZV1h4AaABAg\",\n          \"snippet\":
        {\n            \"videoId\": \"DA8nk83xumg\",\n            \"textDisplay\":
        \"粉圓米這首很可以  嘖嘖嘖...然後 歌詞有錯  環繞地球VS環遊地球...\",\n            \"textOriginal\":
        \"粉圓米這首很可以  嘖嘖嘖...然後 歌詞有錯  環繞地球VS環遊地球...\",\n            \"authorDisplayName\":
        \"蛋堡家余文樂\",\n            \"authorProfileImageUrl\": \"https://yt3.ggpht.com/ytc/AAUvwngCZTOWwnuDvhA_e1CX7D7ncVZYLMFc1AJKOnkyrg=s48-c-k-c0xffffffff-no-rj-mo\",\n
        \           \"authorChannelUrl\": \"http://www.youtube.com/channel/UC9IpkOznz0W7X0BhF7LtzLg\",\n
        \           \"authorChannelId\": {\n              \"value\": \"UC9IpkOznz0W7X0BhF7LtzLg\"\n
        \           },\n            \"canRate\": true,\n            \"viewerRating\":
        \"none\",\n            \"likeCount\": 1,\n            \"publishedAt\": \"2020-11-03T00:48:14Z\",\n
        \           \"updatedAt\": \"2020-11-03T00:52:20Z\"\n          }\n        },\n
        \       \"canReply\": true,\n        \"totalReplyCount\": 0,\n        \"isPublic\":
        true\n      }\n    },\n    {\n      \"kind\": \"youtube#commentThread\",\n
        \     \"etag\": \"HE6MbLl8HUyewxRkDJf_eNub9t0\",\n      \"id\": \"UgySvFgDtFGg7DcqpHJ4AaABAg\",\n
        \     \"snippet\": {\n        \"videoId\": \"DA8nk83xumg\",\n        \"topLevelComment\":
        {\n          \"kind\": \"youtube#comment\",\n          \"etag\": \"8aWEv3MIB1CAF1wtmyO_y-HV9aI\",\n
        \         \"id\": \"UgySvFgDtFGg7DcqpHJ4AaABAg\",\n          \"snippet\":
        {\n            \"videoId\": \"DA8nk83xumg\",\n            \"textDisplay\":
        \"我知道那些真正孤独的是那些默默的看着评论的人\",\n            \"textOriginal\": \"我知道那些真正孤独的是那些默默的看着评论的人\",\n
        \           \"authorDisplayName\": \"New KKbox Music\",\n            \"authorProfileImageUrl\":
        \"https://yt3.ggpht.com/ytc/AAUvwniDu6aeXrcdfWxl4m78-nC6TiOktopDYN6aN8j-=s48-c-k-c0xffffffff-no-rj-mo\",\n
        \           \"authorChannelUrl\": \"http://www.youtube.com/channel/UC_3N527cSxee2uM5eT0l40w\",\n
        \           \"authorChannelId\": {\n              \"value\": \"UC_3N527cSxee2uM5eT0l40w\"\n
        \           },\n            \"canRate\": true,\n            \"viewerRating\":
        \"none\",\n            \"likeCount\": 3,\n            \"publishedAt\": \"2020-10-31T02:56:40Z\",\n
        \           \"updatedAt\": \"2020-10-31T02:56:40Z\"\n          }\n        },\n
        \       \"canReply\": true,\n        \"totalReplyCount\": 0,\n        \"isPublic\":
        true\n      }\n    },\n    {\n      \"kind\": \"youtube#commentThread\",\n
        \     \"etag\": \"kRy_5oZCYTdndZHH60XFk5p8R9s\",\n      \"id\": \"UgyTx239J-LwQi1Z15N4AaABAg\",\n
        \     \"snippet\": {\n        \"videoId\": \"DA8nk83xumg\",\n        \"topLevelComment\":
        {\n          \"kind\": \"youtube#comment\",\n          \"etag\": \"6UrD5d54a3cHhcTSLAP6BhW47Yw\",\n
        \         \"id\": \"UgyTx239J-LwQi1Z15N4AaABAg\",\n          \"snippet\":
        {\n            \"videoId\": \"DA8nk83xumg\",\n            \"textDisplay\":
        \"好聽\U0001F97A\U0001F60D\",\n            \"textOriginal\": \"好聽\U0001F97A\U0001F60D\",\n
        \           \"authorDisplayName\": \"Cindy Lin\",\n            \"authorProfileImageUrl\":
        \"https://yt3.ggpht.com/ytc/AAUvwnjB8sIxcKyAM83EOkyzONa_t-9TE2vv1OjFRRqFXA=s48-c-k-c0xffffffff-no-rj-mo\",\n
        \           \"authorChannelUrl\": \"http://www.youtube.com/channel/UClWF-ZOX74iTBseoHtg4Xig\",\n
        \           \"authorChannelId\": {\n              \"value\": \"UClWF-ZOX74iTBseoHtg4Xig\"\n
        \           },\n            \"canRate\": true,\n            \"viewerRating\":
        \"none\",\n            \"likeCount\": 1,\n            \"publishedAt\": \"2020-10-30T07:55:34Z\",\n
        \           \"updatedAt\": \"2020-10-30T07:55:34Z\"\n          }\n        },\n
        \       \"canReply\": true,\n        \"totalReplyCount\": 0,\n        \"isPublic\":
        true\n      }\n    },\n    {\n      \"kind\": \"youtube#commentThread\",\n
        \     \"etag\": \"uNrbXR4SHzA94zIhlMXe3BI5qAs\",\n      \"id\": \"UgysLQw835E8xLoNmgJ4AaABAg\",\n
        \     \"snippet\": {\n        \"videoId\": \"DA8nk83xumg\",\n        \"topLevelComment\":
        {\n          \"kind\": \"youtube#comment\",\n          \"etag\": \"fW-PF0vUX7I2rKTHyuhRDcHA0pU\",\n
        \         \"id\": \"UgysLQw835E8xLoNmgJ4AaABAg\",\n          \"snippet\":
        {\n            \"videoId\": \"DA8nk83xumg\",\n            \"textDisplay\":
        \"\U0001F970\U0001F970\",\n            \"textOriginal\": \"\U0001F970\U0001F970\",\n
        \           \"authorDisplayName\": \"瀏源\",\n            \"authorProfileImageUrl\":
        \"https://yt3.ggpht.com/ytc/AAUvwnhpb2lN-JLMFdo3M0aKi41eIPlmW7OgWYUtecsp=s48-c-k-c0xffffffff-no-rj-mo\",\n
        \           \"authorChannelUrl\": \"http://www.youtube.com/channel/UCvHHqVMp6xTPOqtqndQERsg\",\n
        \           \"authorChannelId\": {\n              \"value\": \"UCvHHqVMp6xTPOqtqndQERsg\"\n
        \           },\n            \"canRate\": true,\n            \"viewerRating\":
        \"none\",\n            \"likeCount\": 1,\n            \"publishedAt\": \"2020-10-28T10:06:21Z\",\n
        \           \"updatedAt\": \"2020-10-28T10:06:21Z\"\n          }\n        },\n
        \       \"canReply\": true,\n        \"totalReplyCount\": 0,\n        \"isPublic\":
        true\n      }\n    },\n    {\n      \"kind\": \"youtube#commentThread\",\n
        \     \"etag\": \"Gm-PSwIaUgMKmdvEkP01dqlu9oI\",\n      \"id\": \"Ugx2IMplgJxiw45lrMl4AaABAg\",\n
        \     \"snippet\": {\n        \"videoId\": \"DA8nk83xumg\",\n        \"topLevelComment\":
        {\n          \"kind\": \"youtube#comment\",\n          \"etag\": \"BxI8RA4KTa9N-DeO2d8RmozCbRs\",\n
        \         \"id\": \"Ugx2IMplgJxiw45lrMl4AaABAg\",\n          \"snippet\":
        {\n            \"videoId\": \"DA8nk83xumg\",\n            \"textDisplay\":
        \"歐陽夫婦真好命生了女兒都那麼會賺\",\n            \"textOriginal\": \"歐陽夫婦真好命生了女兒都那麼會賺\",\n
        \           \"authorDisplayName\": \"王偉傑\",\n            \"authorProfileImageUrl\":
        \"https://yt3.ggpht.com/ytc/AAUvwnjUokhLQoLJs9Isxs9MMSZrUXyjiTb1xU3oDg=s48-c-k-c0xffffffff-no-rj-mo\",\n
        \           \"authorChannelUrl\": \"http://www.youtube.com/channel/UCusl3hLMANu64tZ-ka7yyOg\",\n
        \           \"authorChannelId\": {\n              \"value\": \"UCusl3hLMANu64tZ-ka7yyOg\"\n
        \           },\n            \"canRate\": true,\n            \"viewerRating\":
        \"none\",\n            \"likeCount\": 0,\n            \"publishedAt\": \"2020-10-27T12:43:28Z\",\n
        \           \"updatedAt\": \"2020-10-27T12:43:28Z\"\n          }\n        },\n
        \       \"canReply\": true,\n        \"totalReplyCount\": 0,\n        \"isPublic\":
        true\n      }\n    },\n    {\n      \"kind\": \"youtube#commentThread\",\n
        \     \"etag\": \"eNvuq00AdV9j2Tt2b5KTgNKYmjU\",\n      \"id\": \"UgxZ9VVdAEGOUHvAWWd4AaABAg\",\n
        \     \"snippet\": {\n        \"videoId\": \"DA8nk83xumg\",\n        \"topLevelComment\":
        {\n          \"kind\": \"youtube#comment\",\n          \"etag\": \"3pvMxrNfFV5h6ofDuWftEvCMFQY\",\n
        \         \"id\": \"UgxZ9VVdAEGOUHvAWWd4AaABAg\",\n          \"snippet\":
        {\n            \"videoId\": \"DA8nk83xumg\",\n            \"textDisplay\":
        \"脑波小姐其实蛮好看的。\\u003cbr /\\u003e因为《我们》才追的，欧阳妮妮演技本来是没什么期待，但她在这剧的表现我觉得还行，毕竟第一次当女主，已经很不错了。\",\n
        \           \"textOriginal\": \"脑波小姐其实蛮好看的。\\n因为《我们》才追的，欧阳妮妮演技本来是没什么期待，但她在这剧的表现我觉得还行，毕竟第一次当女主，已经很不错了。\",\n
        \           \"authorDisplayName\": \"小刘人生杂货店\",\n            \"authorProfileImageUrl\":
        \"https://yt3.ggpht.com/ytc/AAUvwnjathNnamco7ea2DP6OSAxkt_7RsJ63gtpiV4EdPw=s48-c-k-c0xffffffff-no-rj-mo\",\n
        \           \"authorChannelUrl\": \"http://www.youtube.com/channel/UCG4Kgm8FKUSDFuPsQdtjuxA\",\n
        \           \"authorChannelId\": {\n              \"value\": \"UCG4Kgm8FKUSDFuPsQdtjuxA\"\n
        \           },\n            \"canRate\": true,\n            \"viewerRating\":
        \"none\",\n            \"likeCount\": 6,\n            \"publishedAt\": \"2020-10-26T05:07:57Z\",\n
        \           \"updatedAt\": \"2020-10-26T05:08:26Z\"\n          }\n        },\n
        \       \"canReply\": true,\n        \"totalReplyCount\": 0,\n        \"isPublic\":
        true\n      }\n    },\n    {\n      \"kind\": \"youtube#commentThread\",\n
        \     \"etag\": \"-MvFPq9DUMNikkK5AF9DTeil9xI\",\n      \"id\": \"UgwjCJquPbZQvSNdQGR4AaABAg\",\n
        \     \"snippet\": {\n        \"videoId\": \"DA8nk83xumg\",\n        \"topLevelComment\":
        {\n          \"kind\": \"youtube#comment\",\n          \"etag\": \"Hv_3IhfUcxEsy86bjNEIXcXXJEU\",\n
        \         \"id\": \"UgwjCJquPbZQvSNdQGR4AaABAg\",\n          \"snippet\":
        {\n            \"videoId\": \"DA8nk83xumg\",\n            \"textDisplay\":
        \"這麼好聽的歌我竟然隔了一個月才聽到QQ\",\n            \"textOriginal\": \"這麼好聽的歌我竟然隔了一個月才聽到QQ\",\n
        \           \"authorDisplayName\": \"減脂之路有你有我\",\n            \"authorProfileImageUrl\":
        \"https://yt3.ggpht.com/ytc/AAUvwnipj4gJysyGVdhlj9EXZ1WH9mP7pcOpXzeO9XURlg=s48-c-k-c0xffffffff-no-rj-mo\",\n
        \           \"authorChannelUrl\": \"http://www.youtube.com/channel/UCOT7FAbWYfFzvhb9xpvFSwA\",\n
        \           \"authorChannelId\": {\n              \"value\": \"UCOT7FAbWYfFzvhb9xpvFSwA\"\n
        \           },\n            \"canRate\": true,\n            \"viewerRating\":
        \"none\",\n            \"likeCount\": 2,\n            \"publishedAt\": \"2020-10-23T16:00:39Z\",\n
        \           \"updatedAt\": \"2020-10-23T16:00:39Z\"\n          }\n        },\n
        \       \"canReply\": true,\n        \"totalReplyCount\": 0,\n        \"isPublic\":
        true\n      }\n    },\n    {\n      \"kind\": \"youtube#commentThread\",\n
        \     \"etag\": \"D-4NMYYM4Rl5e-zZsoqglayTOm4\",\n      \"id\": \"UgygYgxf5t6wNd5HHuh4AaABAg\",\n
        \     \"snippet\": {\n        \"videoId\": \"DA8nk83xumg\",\n        \"topLevelComment\":
        {\n          \"kind\": \"youtube#comment\",\n          \"etag\": \"QhmbeYvIIHdOKRNbd_TRCOd1m04\",\n
        \         \"id\": \"UgygYgxf5t6wNd5HHuh4AaABAg\",\n          \"snippet\":
        {\n            \"videoId\": \"DA8nk83xumg\",\n            \"textDisplay\":
        \"這首歌好好聽, 帶一點淡淡的感傷, 希望有機會在ktv唱到這首歌.\",\n            \"textOriginal\": \"這首歌好好聽,
        帶一點淡淡的感傷, 希望有機會在ktv唱到這首歌.\",\n            \"authorDisplayName\": \"Luis yen\",\n
        \           \"authorProfileImageUrl\": \"https://yt3.ggpht.com/ytc/AAUvwnj7qqhos4NUHfL5lCsrJCnW6Yw4sUwoxknqQw=s48-c-k-c0xffffffff-no-rj-mo\",\n
        \           \"authorChannelUrl\": \"http://www.youtube.com/channel/UCdDeVSCphu0J6Dft6xs9Fnw\",\n
        \           \"authorChannelId\": {\n              \"value\": \"UCdDeVSCphu0J6Dft6xs9Fnw\"\n
        \           },\n            \"canRate\": true,\n            \"viewerRating\":
        \"none\",\n            \"likeCount\": 6,\n            \"publishedAt\": \"2020-10-22T16:19:57Z\",\n
        \           \"updatedAt\": \"2020-10-22T16:19:57Z\"\n          }\n        },\n
        \       \"canReply\": true,\n        \"totalReplyCount\": 2,\n        \"isPublic\":
        true\n      }\n    },\n    {\n      \"kind\": \"youtube#commentThread\",\n
        \     \"etag\": \"exsz4fNfX0piSkzmkw-fmiA8Yyc\",\n      \"id\": \"UgzkgPN2A3UE5EpxnyJ4AaABAg\",\n
        \     \"snippet\": {\n        \"videoId\": \"DA8nk83xumg\",\n        \"topLevelComment\":
        {\n          \"kind\": \"youtube#comment\",\n          \"etag\": \"JxYlE2wR_tadOQ6PYbPHkLZUW90\",\n
        \         \"id\": \"UgzkgPN2A3UE5EpxnyJ4AaABAg\",\n          \"snippet\":
        {\n            \"videoId\": \"DA8nk83xumg\",\n            \"textDisplay\":
        \"好聽\U0001F495\",\n            \"textOriginal\": \"好聽\U0001F495\",\n            \"authorDisplayName\":
        \"Lee Lung Kei Rick\",\n            \"authorProfileImageUrl\": \"https://yt3.ggpht.com/ytc/AAUvwnhuxHSvQVJkdSsf2yMTYzpkBriUTy30u1MFOA=s48-c-k-c0xffffffff-no-rj-mo\",\n
        \           \"authorChannelUrl\": \"http://www.youtube.com/channel/UCSG3eYQy0dZeBJxzUSWBusA\",\n
        \           \"authorChannelId\": {\n              \"value\": \"UCSG3eYQy0dZeBJxzUSWBusA\"\n
        \           },\n            \"canRate\": true,\n            \"viewerRating\":
        \"none\",\n            \"likeCount\": 1,\n            \"publishedAt\": \"2020-10-20T16:24:03Z\",\n
        \           \"updatedAt\": \"2020-10-20T16:24:03Z\"\n          }\n        },\n
        \       \"canReply\": true,\n        \"totalReplyCount\": 0,\n        \"isPublic\":
        true\n      }\n    },\n    {\n      \"kind\": \"youtube#commentThread\",\n
        \     \"etag\": \"km-MTiMfIh3BboHEUzomQOI6RTw\",\n      \"id\": \"UgzFOj2TPnJvWBYK4oF4AaABAg\",\n
        \     \"snippet\": {\n        \"videoId\": \"DA8nk83xumg\",\n        \"topLevelComment\":
        {\n          \"kind\": \"youtube#comment\",\n          \"etag\": \"fpQ66LPQuxwXX4Vzfw6GI4ER24A\",\n
        \         \"id\": \"UgzFOj2TPnJvWBYK4oF4AaABAg\",\n          \"snippet\":
        {\n            \"videoId\": \"DA8nk83xumg\",\n            \"textDisplay\":
        \"這首這麼好聽 點閱率怎麼這麼少⋯\\u003cbr /\\u003e可惜一首好歌\",\n            \"textOriginal\":
        \"這首這麼好聽 點閱率怎麼這麼少⋯\\n可惜一首好歌\",\n            \"authorDisplayName\": \"LI PP\",\n
        \           \"authorProfileImageUrl\": \"https://yt3.ggpht.com/ytc/AAUvwniVQenGA4pzpIRRValy66lk_3xDJ8gS5RdxTQ=s48-c-k-c0xffffffff-no-rj-mo\",\n
        \           \"authorChannelUrl\": \"http://www.youtube.com/channel/UCaNSbcV0WLe8GIcclOjG6Bw\",\n
        \           \"authorChannelId\": {\n              \"value\": \"UCaNSbcV0WLe8GIcclOjG6Bw\"\n
        \           },\n            \"canRate\": true,\n            \"viewerRating\":
        \"none\",\n            \"likeCount\": 12,\n            \"publishedAt\": \"2020-10-18T10:00:34Z\",\n
        \           \"updatedAt\": \"2020-10-18T10:00:34Z\"\n          }\n        },\n
        \       \"canReply\": true,\n        \"totalReplyCount\": 1,\n        \"isPublic\":
        true\n      }\n    },\n    {\n      \"kind\": \"youtube#commentThread\",\n
        \     \"etag\": \"Y-wOYrtheDuDslpAbuLB4QpmIrY\",\n      \"id\": \"UgxbdMHAGeOjLmZLMEF4AaABAg\",\n
        \     \"snippet\": {\n        \"videoId\": \"DA8nk83xumg\",\n        \"topLevelComment\":
        {\n          \"kind\": \"youtube#comment\",\n          \"etag\": \"IyiYunXASQr8jRg23z9d6wf2jtw\",\n
        \         \"id\": \"UgxbdMHAGeOjLmZLMEF4AaABAg\",\n          \"snippet\":
        {\n            \"videoId\": \"DA8nk83xumg\",\n            \"textDisplay\":
        \"腦波小姐很好看\",\n            \"textOriginal\": \"腦波小姐很好看\",\n            \"authorDisplayName\":
        \"Tiffany\",\n            \"authorProfileImageUrl\": \"https://yt3.ggpht.com/ytc/AAUvwng5fvjKaBYmSuVlgs17Dab7KtFBhlBQbqJ2Fw=s48-c-k-c0xffffffff-no-rj-mo\",\n
        \           \"authorChannelUrl\": \"http://www.youtube.com/channel/UCMXSRHTY9nsnN9HdF6vUQ2w\",\n
        \           \"authorChannelId\": {\n              \"value\": \"UCMXSRHTY9nsnN9HdF6vUQ2w\"\n
        \           },\n            \"canRate\": true,\n            \"viewerRating\":
        \"none\",\n            \"likeCount\": 0,\n            \"publishedAt\": \"2020-10-17T14:46:06Z\",\n
        \           \"updatedAt\": \"2020-10-17T14:46:06Z\"\n          }\n        },\n
        \       \"canReply\": true,\n        \"totalReplyCount\": 0,\n        \"isPublic\":
        true\n      }\n    },\n    {\n      \"kind\": \"youtube#commentThread\",\n
        \     \"etag\": \"1K0acM-oJcOQLnaC3stLpLbHt_Q\",\n      \"id\": \"Ugyj6mhzrjH1zJ-wFo94AaABAg\",\n
        \     \"snippet\": {\n        \"videoId\": \"DA8nk83xumg\",\n        \"topLevelComment\":
        {\n          \"kind\": \"youtube#comment\",\n          \"etag\": \"G_B8ukaew54LaQ3RSg3eOB4MZIQ\",\n
        \         \"id\": \"Ugyj6mhzrjH1zJ-wFo94AaABAg\",\n          \"snippet\":
        {\n            \"videoId\": \"DA8nk83xumg\",\n            \"textDisplay\":
        \"這第一句真的唱的太好聽了&gt;&lt;\",\n            \"textOriginal\": \"這第一句真的唱的太好聽了\\u003e\\u003c\",\n
        \           \"authorDisplayName\": \"Gfriend 語噥's\",\n            \"authorProfileImageUrl\":
        \"https://yt3.ggpht.com/ytc/AAUvwnjA6kJ2s4XlSXcULFfjaL8Zgv8YkbN_SGJA8NhHEQ=s48-c-k-c0xffffffff-no-rj-mo\",\n
        \           \"authorChannelUrl\": \"http://www.youtube.com/channel/UCK7C-2MFwruSKNyOOfMD75A\",\n
        \           \"authorChannelId\": {\n              \"value\": \"UCK7C-2MFwruSKNyOOfMD75A\"\n
        \           },\n            \"canRate\": true,\n            \"viewerRating\":
        \"none\",\n            \"likeCount\": 1,\n            \"publishedAt\": \"2020-10-13T11:54:52Z\",\n
        \           \"updatedAt\": \"2020-10-13T11:54:52Z\"\n          }\n        },\n
        \       \"canReply\": true,\n        \"totalReplyCount\": 0,\n        \"isPublic\":
        true\n      }\n    },\n    {\n      \"kind\": \"youtube#commentThread\",\n
        \     \"etag\": \"tqbisqFfdWGL3jow-jjzV70P-bk\",\n      \"id\": \"UgwwQPXII__60Q64qqd4AaABAg\",\n
        \     \"snippet\": {\n        \"videoId\": \"DA8nk83xumg\",\n        \"topLevelComment\":
        {\n          \"kind\": \"youtube#comment\",\n          \"etag\": \"IQN3IiX_-eKRPv7zsaftVmv2Z3A\",\n
        \         \"id\": \"UgwwQPXII__60Q64qqd4AaABAg\",\n          \"snippet\":
        {\n            \"videoId\": \"DA8nk83xumg\",\n            \"textDisplay\":
        \"边听着歌默默看着留言的人。点个赞让我知道\",\n            \"textOriginal\": \"边听着歌默默看着留言的人。点个赞让我知道\",\n
        \           \"authorDisplayName\": \"好音樂 - Smile Music\",\n            \"authorProfileImageUrl\":
        \"https://yt3.ggpht.com/ytc/AAUvwngwWDI_IeVm4qd57F6q0YMAmTAHj64ICg-wEzlH=s48-c-k-c0xffffffff-no-rj-mo\",\n
        \           \"authorChannelUrl\": \"http://www.youtube.com/channel/UCTLWeE-E2XwO1vvC02ayl2A\",\n
        \           \"authorChannelId\": {\n              \"value\": \"UCTLWeE-E2XwO1vvC02ayl2A\"\n
        \           },\n            \"canRate\": true,\n            \"viewerRating\":
        \"none\",\n            \"likeCount\": 8,\n            \"publishedAt\": \"2020-10-12T05:33:53Z\",\n
        \           \"updatedAt\": \"2020-10-12T05:33:53Z\"\n          }\n        },\n
        \       \"canReply\": true,\n        \"totalReplyCount\": 0,\n        \"isPublic\":
        true\n      }\n    },\n    {\n      \"kind\": \"youtube#commentThread\",\n
        \     \"etag\": \"7jwAKdHhswSsheLnCIVW0gntyJ0\",\n      \"id\": \"UgxhgzwLPlhNGqza79Z4AaABAg\",\n
        \     \"snippet\": {\n        \"videoId\": \"DA8nk83xumg\",\n        \"topLevelComment\":
        {\n          \"kind\": \"youtube#comment\",\n          \"etag\": \"VOjTX5lll-Qm0LjPpnFAnrRf4aM\",\n
        \         \"id\": \"UgxhgzwLPlhNGqza79Z4AaABAg\",\n          \"snippet\":
        {\n            \"videoId\": \"DA8nk83xumg\",\n            \"textDisplay\":
        \"超好聽的！誰一邊聽音樂一邊看評論的舉手\U0001F64B\",\n            \"textOriginal\": \"超好聽的！誰一邊聽音樂一邊看評論的舉手\U0001F64B\",\n
        \           \"authorDisplayName\": \"Sweet Melody\",\n            \"authorProfileImageUrl\":
        \"https://yt3.ggpht.com/ytc/AAUvwnhV7JCUjLKhg4gmUVqhOH7DJPe-2eXiwJlQv_19=s48-c-k-c0xffffffff-no-rj-mo\",\n
        \           \"authorChannelUrl\": \"http://www.youtube.com/channel/UCjW4dqFaBEHTfZj9GWF_P1g\",\n
        \           \"authorChannelId\": {\n              \"value\": \"UCjW4dqFaBEHTfZj9GWF_P1g\"\n
        \           },\n            \"canRate\": true,\n            \"viewerRating\":
        \"none\",\n            \"likeCount\": 9,\n            \"publishedAt\": \"2020-10-11T05:44:16Z\",\n
        \           \"updatedAt\": \"2020-10-11T05:44:16Z\"\n          }\n        },\n
        \       \"canReply\": true,\n        \"totalReplyCount\": 0,\n        \"isPublic\":
        true\n      }\n    },\n    {\n      \"kind\": \"youtube#commentThread\",\n
        \     \"etag\": \"EJLyTJfyh-ypUIAhiChyCBdV6kE\",\n      \"id\": \"Ugw4MHxgQTvfqGwsK394AaABAg\",\n
        \     \"snippet\": {\n        \"videoId\": \"DA8nk83xumg\",\n        \"topLevelComment\":
        {\n          \"kind\": \"youtube#comment\",\n          \"etag\": \"Z3isDHtd51u0k8cQRUupsV582go\",\n
        \         \"id\": \"Ugw4MHxgQTvfqGwsK394AaABAg\",\n          \"snippet\":
        {\n            \"videoId\": \"DA8nk83xumg\",\n            \"textDisplay\":
        \"很好听啊♥\",\n            \"textOriginal\": \"很好听啊♥\",\n            \"authorDisplayName\":
        \"Gennie정령\",\n            \"authorProfileImageUrl\": \"https://yt3.ggpht.com/ytc/AAUvwnhb0WxdGe-UAm7EHdEOUp-6jLGM904USijuS1qHIg=s48-c-k-c0xffffffff-no-rj-mo\",\n
        \           \"authorChannelUrl\": \"http://www.youtube.com/channel/UCU-VQ5WWul4_p5q8tQmLN5A\",\n
        \           \"authorChannelId\": {\n              \"value\": \"UCU-VQ5WWul4_p5q8tQmLN5A\"\n
        \           },\n            \"canRate\": true,\n            \"viewerRating\":
        \"none\",\n            \"likeCount\": 1,\n            \"publishedAt\": \"2020-10-07T12:01:06Z\",\n
        \           \"updatedAt\": \"2020-10-07T12:01:06Z\"\n          }\n        },\n
        \       \"canReply\": true,\n        \"totalReplyCount\": 0,\n        \"isPublic\":
        true\n      }\n    },\n    {\n      \"kind\": \"youtube#commentThread\",\n
        \     \"etag\": \"uwyb4dULZLOsWB9JC4i_qMOONAk\",\n      \"id\": \"Ugyhu_iN6tgh58sh_994AaABAg\",\n
        \     \"snippet\": {\n        \"videoId\": \"DA8nk83xumg\",\n        \"topLevelComment\":
        {\n          \"kind\": \"youtube#comment\",\n          \"etag\": \"0b2IibKuSwOuz3o-LMZ9qC510WE\",\n
        \         \"id\": \"Ugyhu_iN6tgh58sh_994AaABAg\",\n          \"snippet\":
        {\n            \"videoId\": \"DA8nk83xumg\",\n            \"textDisplay\":
        \"好喜歡❤️\",\n            \"textOriginal\": \"好喜歡❤️\",\n            \"authorDisplayName\":
        \"何恩琪\",\n            \"authorProfileImageUrl\": \"https://yt3.ggpht.com/ytc/AAUvwniCW3P9SgONoETs0yg4pspygHzhHq4vIphu6xdLfAY=s48-c-k-c0xffffffff-no-rj-mo\",\n
        \           \"authorChannelUrl\": \"http://www.youtube.com/channel/UCHx2raj5C5NjdyEbfcKECog\",\n
        \           \"authorChannelId\": {\n              \"value\": \"UCHx2raj5C5NjdyEbfcKECog\"\n
        \           },\n            \"canRate\": true,\n            \"viewerRating\":
        \"none\",\n            \"likeCount\": 1,\n            \"publishedAt\": \"2020-10-03T12:20:52Z\",\n
        \           \"updatedAt\": \"2020-10-03T12:20:52Z\"\n          }\n        },\n
        \       \"canReply\": true,\n        \"totalReplyCount\": 0,\n        \"isPublic\":
        true\n      }\n    },\n    {\n      \"kind\": \"youtube#commentThread\",\n
        \     \"etag\": \"GKuRQFuS-dBelbusyXG2-1Pad4w\",\n      \"id\": \"UgzSjV-IM8ZPtceauJt4AaABAg\",\n
        \     \"snippet\": {\n        \"videoId\": \"DA8nk83xumg\",\n        \"topLevelComment\":
        {\n          \"kind\": \"youtube#comment\",\n          \"etag\": \"tLndzFLrMCN00zHo_QLzN_ZMkLw\",\n
        \         \"id\": \"UgzSjV-IM8ZPtceauJt4AaABAg\",\n          \"snippet\":
        {\n            \"videoId\": \"DA8nk83xumg\",\n            \"textDisplay\":
        \"張語噥SAMMY［我們］『中天偶像劇《腦波小姐》片尾曲』\",\n            \"textOriginal\": \"張語噥SAMMY［我們］『中天偶像劇《腦波小姐》片尾曲』\",\n
        \           \"authorDisplayName\": \"焦糖糕\",\n            \"authorProfileImageUrl\":
        \"https://yt3.ggpht.com/ytc/AAUvwnjAbXqEFPvTsuVpRnvwT5n-XzZc5U9vJNQ51mF4=s48-c-k-c0xffffffff-no-rj-mo\",\n
        \           \"authorChannelUrl\": \"http://www.youtube.com/channel/UCmEUAygOEPzUGqt3NcW_L1Q\",\n
        \           \"authorChannelId\": {\n              \"value\": \"UCmEUAygOEPzUGqt3NcW_L1Q\"\n
        \           },\n            \"canRate\": true,\n            \"viewerRating\":
        \"none\",\n            \"likeCount\": 1,\n            \"publishedAt\": \"2020-10-03T07:25:34Z\",\n
        \           \"updatedAt\": \"2020-10-03T07:25:34Z\"\n          }\n        },\n
        \       \"canReply\": true,\n        \"totalReplyCount\": 0,\n        \"isPublic\":
        true\n      }\n    },\n    {\n      \"kind\": \"youtube#commentThread\",\n
        \     \"etag\": \"nsbfPmuNSTcZSw_F3G9XtK8orAo\",\n      \"id\": \"UgzsnMJF4lI5XrOnzZZ4AaABAg\",\n
        \     \"snippet\": {\n        \"videoId\": \"DA8nk83xumg\",\n        \"topLevelComment\":
        {\n          \"kind\": \"youtube#comment\",\n          \"etag\": \"lMqdExuWuNBrB3SnnUoJo4WXdls\",\n
        \         \"id\": \"UgzsnMJF4lI5XrOnzZZ4AaABAg\",\n          \"snippet\":
        {\n            \"videoId\": \"DA8nk83xumg\",\n            \"textDisplay\":
        \"這首歌對我來說是代表所有事情不要亂去想去猜所有對與朋友或戀人的所有猜測猜想\",\n            \"textOriginal\":
        \"這首歌對我來說是代表所有事情不要亂去想去猜所有對與朋友或戀人的所有猜測猜想\",\n            \"authorDisplayName\":
        \"葉祐嘉\",\n            \"authorProfileImageUrl\": \"https://yt3.ggpht.com/ytc/AAUvwng4g4UI3TYjjERKZE2PGvqtbAFDwXDIo6KUMqExJg=s48-c-k-c0xffffffff-no-rj-mo\",\n
        \           \"authorChannelUrl\": \"http://www.youtube.com/channel/UC-1ZH2KND2a3I_ZH84LbWxQ\",\n
        \           \"authorChannelId\": {\n              \"value\": \"UC-1ZH2KND2a3I_ZH84LbWxQ\"\n
        \           },\n            \"canRate\": true,\n            \"viewerRating\":
        \"none\",\n            \"likeCount\": 0,\n            \"publishedAt\": \"2020-10-02T17:05:31Z\",\n
        \           \"updatedAt\": \"2020-10-02T17:06:22Z\"\n          }\n        },\n
        \       \"canReply\": true,\n        \"totalReplyCount\": 0,\n        \"isPublic\":
        true\n      }\n    },\n    {\n      \"kind\": \"youtube#commentThread\",\n
        \     \"etag\": \"QaMOyRrZRSeDszZYO0QRaO2fvGY\",\n      \"id\": \"UgyEDe5lk3vQsyC_53R4AaABAg\",\n
        \     \"snippet\": {\n        \"videoId\": \"DA8nk83xumg\",\n        \"topLevelComment\":
        {\n          \"kind\": \"youtube#comment\",\n          \"etag\": \"KuaNZONvSbSZo54JuhLnKZ-k3Y4\",\n
        \         \"id\": \"UgyEDe5lk3vQsyC_53R4AaABAg\",\n          \"snippet\":
        {\n            \"videoId\": \"DA8nk83xumg\",\n            \"textDisplay\":
        \"❤️❤️❤️\",\n            \"textOriginal\": \"❤️❤️❤️\",\n            \"authorDisplayName\":
        \"蒼奇\",\n            \"authorProfileImageUrl\": \"https://yt3.ggpht.com/ytc/AAUvwniG5BuHGCF1mvkhP5buKhoyQ7PG4Bb0aXMEheU5mA=s48-c-k-c0xffffffff-no-rj-mo\",\n
        \           \"authorChannelUrl\": \"http://www.youtube.com/channel/UCGT5mBjCLvlqWdUM6A3fqbA\",\n
        \           \"authorChannelId\": {\n              \"value\": \"UCGT5mBjCLvlqWdUM6A3fqbA\"\n
        \           },\n            \"canRate\": true,\n            \"viewerRating\":
        \"none\",\n            \"likeCount\": 2,\n            \"publishedAt\": \"2020-10-02T15:38:01Z\",\n
        \           \"updatedAt\": \"2020-10-02T15:38:01Z\"\n          }\n        },\n
        \       \"canReply\": true,\n        \"totalReplyCount\": 0,\n        \"isPublic\":
        true\n      }\n    },\n    {\n      \"kind\": \"youtube#commentThread\",\n
        \     \"etag\": \"NRbM2pO1okpDxnFL2_KcZpf3SgE\",\n      \"id\": \"UgzCI9UClxOaXqxmepZ4AaABAg\",\n
        \     \"snippet\": {\n        \"videoId\": \"DA8nk83xumg\",\n        \"topLevelComment\":
        {\n          \"kind\": \"youtube#comment\",\n          \"etag\": \"oydtbOeZqrOUtJ_QARdXkXItq4Q\",\n
        \         \"id\": \"UgzCI9UClxOaXqxmepZ4AaABAg\",\n          \"snippet\":
        {\n            \"videoId\": \"DA8nk83xumg\",\n            \"textDisplay\":
        \"語噥的歌喉練得非常好聽，唯一的點是\\u003ca href=\\\"https://www.youtube.com/watch?v=DA8nk83xumg&amp;t=1m21s\\\"\\u003e1:21\\u003c/a\\u003e
        和 \\u003ca href=\\\"https://www.youtube.com/watch?v=DA8nk83xumg&amp;t=2m42s\\\"\\u003e2:42\\u003c/a\\u003e
        他們上的字幕顯示環遊，哈哈哈\",\n            \"textOriginal\": \"語噥的歌喉練得非常好聽，唯一的點是1:21 和
        2:42 他們上的字幕顯示環遊，哈哈哈\",\n            \"authorDisplayName\": \"Lim Jian Swang\",\n
        \           \"authorProfileImageUrl\": \"https://yt3.ggpht.com/ytc/AAUvwnhBDrlP8WbSkrokj7FNiECz0F3EyosLZ_dcwnlfdQ=s48-c-k-c0xffffffff-no-rj-mo\",\n
        \           \"authorChannelUrl\": \"http://www.youtube.com/channel/UCsxIDrv5Xiqe5gv49sqgq-Q\",\n
        \           \"authorChannelId\": {\n              \"value\": \"UCsxIDrv5Xiqe5gv49sqgq-Q\"\n
        \           },\n            \"canRate\": true,\n            \"viewerRating\":
        \"none\",\n            \"likeCount\": 0,\n            \"publishedAt\": \"2020-10-01T12:10:07Z\",\n
        \           \"updatedAt\": \"2020-10-01T12:10:07Z\"\n          }\n        },\n
        \       \"canReply\": true,\n        \"totalReplyCount\": 0,\n        \"isPublic\":
        true\n      }\n    },\n    {\n      \"kind\": \"youtube#commentThread\",\n
        \     \"etag\": \"eXW2flmIo5qzjRiT3EOSv-DYe8s\",\n      \"id\": \"UgwyJzrNi4xnzGCsbed4AaABAg\",\n
        \     \"snippet\": {\n        \"videoId\": \"DA8nk83xumg\",\n        \"topLevelComment\":
        {\n          \"kind\": \"youtube#comment\",\n          \"etag\": \"R3SpUeBLZBMA99L8pjSNLQN1ioQ\",\n
        \         \"id\": \"UgwyJzrNi4xnzGCsbed4AaABAg\",\n          \"snippet\":
        {\n            \"videoId\": \"DA8nk83xumg\",\n            \"textDisplay\":
        \"會一直支持的\",\n            \"textOriginal\": \"會一直支持的\",\n            \"authorDisplayName\":
        \"吳阿森\",\n            \"authorProfileImageUrl\": \"https://yt3.ggpht.com/ytc/AAUvwngkkX9PvFjGjGPPbZwUvWW1nOFabCH4kYIzRglAf3M=s48-c-k-c0xffffffff-no-rj-mo\",\n
        \           \"authorChannelUrl\": \"http://www.youtube.com/channel/UCoMANXKrr1PbtyH8E0W2MOQ\",\n
        \           \"authorChannelId\": {\n              \"value\": \"UCoMANXKrr1PbtyH8E0W2MOQ\"\n
        \           },\n            \"canRate\": true,\n            \"viewerRating\":
        \"none\",\n            \"likeCount\": 1,\n            \"publishedAt\": \"2020-10-01T11:59:58Z\",\n
        \           \"updatedAt\": \"2020-10-01T11:59:58Z\"\n          }\n        },\n
        \       \"canReply\": true,\n        \"totalReplyCount\": 0,\n        \"isPublic\":
        true\n      }\n    },\n    {\n      \"kind\": \"youtube#commentThread\",\n
        \     \"etag\": \"F6vn8BNfeTjOoZ7rDJsYl7tHJSk\",\n      \"id\": \"UgxwN-JAGwwyNAa_ZOR4AaABAg\",\n
        \     \"snippet\": {\n        \"videoId\": \"DA8nk83xumg\",\n        \"topLevelComment\":
        {\n          \"kind\": \"youtube#comment\",\n          \"etag\": \"UcEWQvMutXoDOQg6mGgRYF8vmH8\",\n
        \         \"id\": \"UgxwN-JAGwwyNAa_ZOR4AaABAg\",\n          \"snippet\":
        {\n            \"videoId\": \"DA8nk83xumg\",\n            \"textDisplay\":
        \"太好聽了，我好喜歡呦！\",\n            \"textOriginal\": \"太好聽了，我好喜歡呦！\",\n            \"authorDisplayName\":
        \"吳阿森\",\n            \"authorProfileImageUrl\": \"https://yt3.ggpht.com/ytc/AAUvwngkkX9PvFjGjGPPbZwUvWW1nOFabCH4kYIzRglAf3M=s48-c-k-c0xffffffff-no-rj-mo\",\n
        \           \"authorChannelUrl\": \"http://www.youtube.com/channel/UCoMANXKrr1PbtyH8E0W2MOQ\",\n
        \           \"authorChannelId\": {\n              \"value\": \"UCoMANXKrr1PbtyH8E0W2MOQ\"\n
        \           },\n            \"canRate\": true,\n            \"viewerRating\":
        \"none\",\n            \"likeCount\": 1,\n            \"publishedAt\": \"2020-10-01T09:02:40Z\",\n
        \           \"updatedAt\": \"2020-10-01T09:02:40Z\"\n          }\n        },\n
        \       \"canReply\": true,\n        \"totalReplyCount\": 0,\n        \"isPublic\":
        true\n      }\n    },\n    {\n      \"kind\": \"youtube#commentThread\",\n
        \     \"etag\": \"_LeqR7E3wXiH3rD3Toh6ehYnD-s\",\n      \"id\": \"UgwL0h2AbDikNE1EG814AaABAg\",\n
        \     \"snippet\": {\n        \"videoId\": \"DA8nk83xumg\",\n        \"topLevelComment\":
        {\n          \"kind\": \"youtube#comment\",\n          \"etag\": \"wCrEAl4k7lDeI8DUshISPmccHwU\",\n
        \         \"id\": \"UgwL0h2AbDikNE1EG814AaABAg\",\n          \"snippet\":
        {\n            \"videoId\": \"DA8nk83xumg\",\n            \"textDisplay\":
        \"每天都在聽\",\n            \"textOriginal\": \"每天都在聽\",\n            \"authorDisplayName\":
        \"Jacky Tso\",\n            \"authorProfileImageUrl\": \"https://yt3.ggpht.com/ytc/AAUvwnitWXNBgsDHYDgJx_1C2NuguwSVAijeP5s91w=s48-c-k-c0xffffffff-no-rj-mo\",\n
        \           \"authorChannelUrl\": \"http://www.youtube.com/channel/UC5wa9c5lpT7Qn8q7H73fafg\",\n
        \           \"authorChannelId\": {\n              \"value\": \"UC5wa9c5lpT7Qn8q7H73fafg\"\n
        \           },\n            \"canRate\": true,\n            \"viewerRating\":
        \"none\",\n            \"likeCount\": 1,\n            \"publishedAt\": \"2020-10-01T06:05:48Z\",\n
        \           \"updatedAt\": \"2020-10-01T06:05:48Z\"\n          }\n        },\n
        \       \"canReply\": true,\n        \"totalReplyCount\": 0,\n        \"isPublic\":
        true\n      }\n    },\n    {\n      \"kind\": \"youtube#commentThread\",\n
        \     \"etag\": \"jsJQv9lQMEP0V_fp16UVxWSg3l4\",\n      \"id\": \"UgzyT0qrTjT09_-uXRh4AaABAg\",\n
        \     \"snippet\": {\n        \"videoId\": \"DA8nk83xumg\",\n        \"topLevelComment\":
        {\n          \"kind\": \"youtube#comment\",\n          \"etag\": \"SXrCJPOC8AroZ14zT-PScz00njw\",\n
        \         \"id\": \"UgzyT0qrTjT09_-uXRh4AaABAg\",\n          \"snippet\":
        {\n            \"videoId\": \"DA8nk83xumg\",\n            \"textDisplay\":
        \"好聽\U0001F44D\",\n            \"textOriginal\": \"好聽\U0001F44D\",\n            \"authorDisplayName\":
        \"願得一人心\",\n            \"authorProfileImageUrl\": \"https://yt3.ggpht.com/ytc/AAUvwniZM-PvOUn5yB0JBBxT7BMhVkPwRs4bQibptUnULQ=s48-c-k-c0xffffffff-no-rj-mo\",\n
        \           \"authorChannelUrl\": \"http://www.youtube.com/channel/UCEwrHKn1CXPG5e2_m8fXI_A\",\n
        \           \"authorChannelId\": {\n              \"value\": \"UCEwrHKn1CXPG5e2_m8fXI_A\"\n
        \           },\n            \"canRate\": true,\n            \"viewerRating\":
        \"none\",\n            \"likeCount\": 1,\n            \"publishedAt\": \"2020-09-29T13:38:38Z\",\n
        \           \"updatedAt\": \"2020-09-29T13:38:38Z\"\n          }\n        },\n
        \       \"canReply\": true,\n        \"totalReplyCount\": 0,\n        \"isPublic\":
        true\n      }\n    },\n    {\n      \"kind\": \"youtube#commentThread\",\n
        \     \"etag\": \"h_d1XWytKdYaFXyT1_n9juC8UBw\",\n      \"id\": \"UgzGk7pNE3Qynfy7KXJ4AaABAg\",\n
        \     \"snippet\": {\n        \"videoId\": \"DA8nk83xumg\",\n        \"topLevelComment\":
        {\n          \"kind\": \"youtube#comment\",\n          \"etag\": \"9S1u0Purxf1CXM_KIrMMpx7JPkY\",\n
        \         \"id\": \"UgzGk7pNE3Qynfy7KXJ4AaABAg\",\n          \"snippet\":
        {\n            \"videoId\": \"DA8nk83xumg\",\n            \"textDisplay\":
        \"看著這件衣服有點眼熟 原來是之前直播的時候穿的 依我專業的判斷那天可能是剛拍完這支Mv哦哦哦\U0001F92A\\u003cbr /\\u003e這些都不重要
        重要的是好好聽❤❤❤ 在電視上聽到的時候會停下來聽完\U0001F92A\",\n            \"textOriginal\": \"看著這件衣服有點眼熟
        原來是之前直播的時候穿的 依我專業的判斷那天可能是剛拍完這支Mv哦哦哦\U0001F92A\\n這些都不重要 重要的是好好聽❤❤❤ 在電視上聽到的時候會停下來聽完\U0001F92A\",\n
        \           \"authorDisplayName\": \"鍾佳玫\",\n            \"authorProfileImageUrl\":
        \"https://yt3.ggpht.com/ytc/AAUvwnhafl_sAmKDKQ8FPLw0qqfXI6bfD5UOw4i1L6hMoQw=s48-c-k-c0xffffffff-no-rj-mo\",\n
        \           \"authorChannelUrl\": \"http://www.youtube.com/channel/UC6qyIOg5L3ePhLTHpfHyawA\",\n
        \           \"authorChannelId\": {\n              \"value\": \"UC6qyIOg5L3ePhLTHpfHyawA\"\n
        \           },\n            \"canRate\": true,\n            \"viewerRating\":
        \"none\",\n            \"likeCount\": 1,\n            \"publishedAt\": \"2020-09-29T12:20:32Z\",\n
        \           \"updatedAt\": \"2020-09-29T12:20:32Z\"\n          }\n        },\n
        \       \"canReply\": true,\n        \"totalReplyCount\": 0,\n        \"isPublic\":
        true\n      }\n    },\n    {\n      \"kind\": \"youtube#commentThread\",\n
        \     \"etag\": \"A_e5qBBOdVhO8R0DRct97uHW_rY\",\n      \"id\": \"UgxeaxmhmCtaMhDmWI14AaABAg\",\n
        \     \"snippet\": {\n        \"videoId\": \"DA8nk83xumg\",\n        \"topLevelComment\":
        {\n          \"kind\": \"youtube#comment\",\n          \"etag\": \"JpQCHFoCjVppFO9XReAzkINvvLc\",\n
        \         \"id\": \"UgxeaxmhmCtaMhDmWI14AaABAg\",\n          \"snippet\":
        {\n            \"videoId\": \"DA8nk83xumg\",\n            \"textDisplay\":
        \"希望張語噥能夠拿個金曲獎，拿什麼獎我不知道，總能夠把各種曲風詮釋很好聽，加油\",\n            \"textOriginal\":
        \"希望張語噥能夠拿個金曲獎，拿什麼獎我不知道，總能夠把各種曲風詮釋很好聽，加油\",\n            \"authorDisplayName\":
        \"Wei-Jhe Hong\",\n            \"authorProfileImageUrl\": \"https://yt3.ggpht.com/ytc/AAUvwngZlVmAvFR2EmKAQzybFA1tZg_yZVPtON6qKRa6_w=s48-c-k-c0xffffffff-no-rj-mo\",\n
        \           \"authorChannelUrl\": \"http://www.youtube.com/channel/UCIpuNff3TwgMj8UbLA0Weqw\",\n
        \           \"authorChannelId\": {\n              \"value\": \"UCIpuNff3TwgMj8UbLA0Weqw\"\n
        \           },\n            \"canRate\": true,\n            \"viewerRating\":
        \"none\",\n            \"likeCount\": 16,\n            \"publishedAt\": \"2020-09-28T13:33:21Z\",\n
        \           \"updatedAt\": \"2020-09-28T13:33:21Z\"\n          }\n        },\n
        \       \"canReply\": true,\n        \"totalReplyCount\": 0,\n        \"isPublic\":
        true\n      }\n    },\n    {\n      \"kind\": \"youtube#commentThread\",\n
        \     \"etag\": \"ZSfRRf_fwTUqlLqkbF3I4f_Ee00\",\n      \"id\": \"UgxQvhYizes2rgq0OQF4AaABAg\",\n
        \     \"snippet\": {\n        \"videoId\": \"DA8nk83xumg\",\n        \"topLevelComment\":
        {\n          \"kind\": \"youtube#comment\",\n          \"etag\": \"66areLQ3NNQg7UH5Bcz-6-hPkP0\",\n
        \         \"id\": \"UgxQvhYizes2rgq0OQF4AaABAg\",\n          \"snippet\":
        {\n            \"videoId\": \"DA8nk83xumg\",\n            \"textDisplay\":
        \"我聽得腦震波\",\n            \"textOriginal\": \"我聽得腦震波\",\n            \"authorDisplayName\":
        \"Captain Builders\",\n            \"authorProfileImageUrl\": \"https://yt3.ggpht.com/ytc/AAUvwnh6ysx8H4GzSzBP6lwzABngZRiKa5hdCWtaswR2FQ=s48-c-k-c0xffffffff-no-rj-mo\",\n
        \           \"authorChannelUrl\": \"http://www.youtube.com/channel/UCQTYsLTPfE31-INKlp5cVzA\",\n
        \           \"authorChannelId\": {\n              \"value\": \"UCQTYsLTPfE31-INKlp5cVzA\"\n
        \           },\n            \"canRate\": true,\n            \"viewerRating\":
        \"none\",\n            \"likeCount\": 1,\n            \"publishedAt\": \"2020-09-28T13:03:41Z\",\n
        \           \"updatedAt\": \"2020-09-28T13:03:41Z\"\n          }\n        },\n
        \       \"canReply\": true,\n        \"totalReplyCount\": 0,\n        \"isPublic\":
        true\n      }\n    },\n    {\n      \"kind\": \"youtube#commentThread\",\n
        \     \"etag\": \"NM9dGR25_ksSkGRcKMIvJgg1Wfk\",\n      \"id\": \"UgzhAlbUBljCdb4xXTB4AaABAg\",\n
        \     \"snippet\": {\n        \"videoId\": \"DA8nk83xumg\",\n        \"topLevelComment\":
        {\n          \"kind\": \"youtube#comment\",\n          \"etag\": \"cIjU2CzwR7-dWkGPaUzuesbK3_4\",\n
        \         \"id\": \"UgzhAlbUBljCdb4xXTB4AaABAg\",\n          \"snippet\":
        {\n            \"videoId\": \"DA8nk83xumg\",\n            \"textDisplay\":
        \"真好聽的歌曲謝謝你，\U0001F31F。❤。\U0001F609。\U0001F340\\u003cbr /\\u003e。✨ 。\U0001F389。\U0001F31F\\u003cbr
        /\\u003e✨。＼｜／。\U0001F4AB\\u003cbr /\\u003eHappy New Year\\u003cbr /\\u003e\U0001F31F。／｜＼。\U0001F37B\\u003cbr
        /\\u003e。\U0001F340。 \U0001F378。\U0001F389。\\u003cbr /\\u003e \U0001F31F。
        \U0001F4AB。 \U0001F3B6 \U0001F4A5\",\n            \"textOriginal\": \"真好聽的歌曲謝謝你，\U0001F31F。❤。\U0001F609。\U0001F340\\n。✨
        。\U0001F389。\U0001F31F\\n✨。＼｜／。\U0001F4AB\\nHappy New Year\\n\U0001F31F。／｜＼。\U0001F37B\\n。\U0001F340。
        \U0001F378。\U0001F389。\\n \U0001F31F。 \U0001F4AB。 \U0001F3B6 \U0001F4A5\",\n
        \           \"authorDisplayName\": \"張盛裕、\",\n            \"authorProfileImageUrl\":
        \"https://yt3.ggpht.com/ytc/AAUvwngC9SYgSuy9A7rNv6bvVmcFWeCIYIJyDQPKJg=s48-c-k-c0xffffffff-no-rj-mo\",\n
        \           \"authorChannelUrl\": \"http://www.youtube.com/channel/UCjbEgn8VQEOoXzuHARny1Dw\",\n
        \           \"authorChannelId\": {\n              \"value\": \"UCjbEgn8VQEOoXzuHARny1Dw\"\n
        \           },\n            \"canRate\": true,\n            \"viewerRating\":
        \"none\",\n            \"likeCount\": 0,\n            \"publishedAt\": \"2020-09-28T12:45:52Z\",\n
        \           \"updatedAt\": \"2020-09-28T12:45:52Z\"\n          }\n        },\n
        \       \"canReply\": true,\n        \"totalReplyCount\": 0,\n        \"isPublic\":
        true\n      }\n    },\n    {\n      \"kind\": \"youtube#commentThread\",\n
        \     \"etag\": \"Dl_FpqEJk_Hl0V7DJeLVPv4amEk\",\n      \"id\": \"UgwHVc-UKPsovJUel6h4AaABAg\",\n
        \     \"snippet\": {\n        \"videoId\": \"DA8nk83xumg\",\n        \"topLevelComment\":
        {\n          \"kind\": \"youtube#comment\",\n          \"etag\": \"lwRFqsL8wCkfa21l9cCd7mOrKQo\",\n
        \         \"id\": \"UgwHVc-UKPsovJUel6h4AaABAg\",\n          \"snippet\":
        {\n            \"videoId\": \"DA8nk83xumg\",\n            \"textDisplay\":
        \"nice\",\n            \"textOriginal\": \"nice\",\n            \"authorDisplayName\":
        \"千風之屋Djentful's House\",\n            \"authorProfileImageUrl\": \"https://yt3.ggpht.com/ytc/AAUvwngNceAgPIbkhf4dbYoPrGkbYTmbsf5TOssV9yk7=s48-c-k-c0xffffffff-no-rj-mo\",\n
        \           \"authorChannelUrl\": \"http://www.youtube.com/channel/UC3cTNGh8eFGX9LiVB_f3nbg\",\n
        \           \"authorChannelId\": {\n              \"value\": \"UC3cTNGh8eFGX9LiVB_f3nbg\"\n
        \           },\n            \"canRate\": true,\n            \"viewerRating\":
        \"none\",\n            \"likeCount\": 1,\n            \"publishedAt\": \"2020-09-28T11:29:23Z\",\n
        \           \"updatedAt\": \"2020-09-28T11:29:23Z\"\n          }\n        },\n
        \       \"canReply\": true,\n        \"totalReplyCount\": 0,\n        \"isPublic\":
        true\n      }\n    },\n    {\n      \"kind\": \"youtube#commentThread\",\n
        \     \"etag\": \"1cSGHrFME8FpJ8UUzn-profuKSM\",\n      \"id\": \"UgxZT91kG9HIm4S_w0Z4AaABAg\",\n
        \     \"snippet\": {\n        \"videoId\": \"DA8nk83xumg\",\n        \"topLevelComment\":
        {\n          \"kind\": \"youtube#comment\",\n          \"etag\": \"uzbnER_E6esVkhV8KAoZR6v8pVg\",\n
        \         \"id\": \"UgxZT91kG9HIm4S_w0Z4AaABAg\",\n          \"snippet\":
        {\n            \"videoId\": \"DA8nk83xumg\",\n            \"textDisplay\":
        \"\U0001F44D\U0001F44D\U0001F44D\U0001F44D\",\n            \"textOriginal\":
        \"\U0001F44D\U0001F44D\U0001F44D\U0001F44D\",\n            \"authorDisplayName\":
        \"Lol Lee\",\n            \"authorProfileImageUrl\": \"https://yt3.ggpht.com/ytc/AAUvwnjsvvPoXqiIPLFp11qFS2_UwQZLrBG-BVkaO1kgTg=s48-c-k-c0xffffffff-no-rj-mo\",\n
        \           \"authorChannelUrl\": \"http://www.youtube.com/channel/UCoJ31nt__93z6MXCCGg8uIw\",\n
        \           \"authorChannelId\": {\n              \"value\": \"UCoJ31nt__93z6MXCCGg8uIw\"\n
        \           },\n            \"canRate\": true,\n            \"viewerRating\":
        \"none\",\n            \"likeCount\": 1,\n            \"publishedAt\": \"2020-09-28T09:03:36Z\",\n
        \           \"updatedAt\": \"2020-09-28T09:03:36Z\"\n          }\n        },\n
        \       \"canReply\": true,\n        \"totalReplyCount\": 0,\n        \"isPublic\":
        true\n      }\n    },\n    {\n      \"kind\": \"youtube#commentThread\",\n
        \     \"etag\": \"BQk5tdslj2crDyol2Abi_aRLEvo\",\n      \"id\": \"UgzjoCLC_ZEGs8yGo5d4AaABAg\",\n
        \     \"snippet\": {\n        \"videoId\": \"DA8nk83xumg\",\n        \"topLevelComment\":
        {\n          \"kind\": \"youtube#comment\",\n          \"etag\": \"1Suzfs2xXEZMoC_o7QWcVkhhFJM\",\n
        \         \"id\": \"UgzjoCLC_ZEGs8yGo5d4AaABAg\",\n          \"snippet\":
        {\n            \"videoId\": \"DA8nk83xumg\",\n            \"textDisplay\":
        \"好聽\",\n            \"textOriginal\": \"好聽\",\n            \"authorDisplayName\":
        \"久久\",\n            \"authorProfileImageUrl\": \"https://yt3.ggpht.com/ytc/AAUvwngCszjSbYbMDipjc6bhtt-QvgQ_JRCsjrWqtwOx=s48-c-k-c0xffffffff-no-rj-mo\",\n
        \           \"authorChannelUrl\": \"http://www.youtube.com/channel/UCuSVYTfUMqskdgmksxV2z8A\",\n
        \           \"authorChannelId\": {\n              \"value\": \"UCuSVYTfUMqskdgmksxV2z8A\"\n
        \           },\n            \"canRate\": true,\n            \"viewerRating\":
        \"none\",\n            \"likeCount\": 1,\n            \"publishedAt\": \"2020-09-27T23:13:33Z\",\n
        \           \"updatedAt\": \"2020-09-27T23:13:33Z\"\n          }\n        },\n
        \       \"canReply\": true,\n        \"totalReplyCount\": 0,\n        \"isPublic\":
        true\n      }\n    },\n    {\n      \"kind\": \"youtube#commentThread\",\n
        \     \"etag\": \"bShVYhtHywfGPLkquXdpOb_SLxU\",\n      \"id\": \"Ugx9GBGFm-S6GHvc3q54AaABAg\",\n
        \     \"snippet\": {\n        \"videoId\": \"DA8nk83xumg\",\n        \"topLevelComment\":
        {\n          \"kind\": \"youtube#comment\",\n          \"etag\": \"tRhdLIXSH9BL2853zS_Qvha0Wx0\",\n
        \         \"id\": \"Ugx9GBGFm-S6GHvc3q54AaABAg\",\n          \"snippet\":
        {\n            \"videoId\": \"DA8nk83xumg\",\n            \"textDisplay\":
        \"看了「腦波小姐」，聽到語噥唱的片尾曲，好聽!\",\n            \"textOriginal\": \"看了「腦波小姐」，聽到語噥唱的片尾曲，好聽!\",\n
        \           \"authorDisplayName\": \"蔡黑皮\",\n            \"authorProfileImageUrl\":
        \"https://yt3.ggpht.com/ytc/AAUvwnirefYnHBD_Iq8blIf8fbias6J2uoaAZy57kOhmcQ=s48-c-k-c0xffffffff-no-rj-mo\",\n
        \           \"authorChannelUrl\": \"http://www.youtube.com/channel/UC6DnGDUgbRfIJjkVKv84A6A\",\n
        \           \"authorChannelId\": {\n              \"value\": \"UC6DnGDUgbRfIJjkVKv84A6A\"\n
        \           },\n            \"canRate\": true,\n            \"viewerRating\":
        \"none\",\n            \"likeCount\": 1,\n            \"publishedAt\": \"2020-09-27T03:59:55Z\",\n
        \           \"updatedAt\": \"2020-09-27T04:01:26Z\"\n          }\n        },\n
        \       \"canReply\": true,\n        \"totalReplyCount\": 1,\n        \"isPublic\":
        true\n      }\n    },\n    {\n      \"kind\": \"youtube#commentThread\",\n
        \     \"etag\": \"d10LVpe05TdmgRKEKBB1xL_KqZ4\",\n      \"id\": \"UgzJTfRGLNrvA4t3Yq54AaABAg\",\n
        \     \"snippet\": {\n        \"videoId\": \"DA8nk83xumg\",\n        \"topLevelComment\":
        {\n          \"kind\": \"youtube#comment\",\n          \"etag\": \"biX5_uM9jj5GbX7BvDAnpwxs6_A\",\n
        \         \"id\": \"UgzJTfRGLNrvA4t3Yq54AaABAg\",\n          \"snippet\":
        {\n            \"videoId\": \"DA8nk83xumg\",\n            \"textDisplay\":
        \"我每天都會聽「不在乎」，現在有新歌聽了，謝謝你！\",\n            \"textOriginal\": \"我每天都會聽「不在乎」，現在有新歌聽了，謝謝你！\",\n
        \           \"authorDisplayName\": \"Lee Lung Kei Rick\",\n            \"authorProfileImageUrl\":
        \"https://yt3.ggpht.com/ytc/AAUvwnhuxHSvQVJkdSsf2yMTYzpkBriUTy30u1MFOA=s48-c-k-c0xffffffff-no-rj-mo\",\n
        \           \"authorChannelUrl\": \"http://www.youtube.com/channel/UCSG3eYQy0dZeBJxzUSWBusA\",\n
        \           \"authorChannelId\": {\n              \"value\": \"UCSG3eYQy0dZeBJxzUSWBusA\"\n
        \           },\n            \"canRate\": true,\n            \"viewerRating\":
        \"none\",\n            \"likeCount\": 2,\n            \"publishedAt\": \"2020-09-26T21:13:29Z\",\n
        \           \"updatedAt\": \"2020-09-26T21:13:29Z\"\n          }\n        },\n
        \       \"canReply\": true,\n        \"totalReplyCount\": 1,\n        \"isPublic\":
        true\n      }\n    },\n    {\n      \"kind\": \"youtube#commentThread\",\n
        \     \"etag\": \"ZcypNd5lx8tB44FVz_Gn3InSAG4\",\n      \"id\": \"Ugz-idZ7P41GKRa4FNF4AaABAg\",\n
        \     \"snippet\": {\n        \"videoId\": \"DA8nk83xumg\",\n        \"topLevelComment\":
        {\n          \"kind\": \"youtube#comment\",\n          \"etag\": \"yrbz4QXbXmNFs5nDYLwbR7fQj2M\",\n
        \         \"id\": \"Ugz-idZ7P41GKRa4FNF4AaABAg\",\n          \"snippet\":
        {\n            \"videoId\": \"DA8nk83xumg\",\n            \"textDisplay\":
        \"這首的歌詞真的有戳到我\U0001F62D\",\n            \"textOriginal\": \"這首的歌詞真的有戳到我\U0001F62D\",\n
        \           \"authorDisplayName\": \"Nora Cheng\",\n            \"authorProfileImageUrl\":
        \"https://yt3.ggpht.com/ytc/AAUvwngCDcTo1N-24U_ohDWk3_ckJO-svwLyXmJsQRYt8A=s48-c-k-c0xffffffff-no-rj-mo\",\n
        \           \"authorChannelUrl\": \"http://www.youtube.com/channel/UCXwsIBin-4s-AbttY0NKPtQ\",\n
        \           \"authorChannelId\": {\n              \"value\": \"UCXwsIBin-4s-AbttY0NKPtQ\"\n
        \           },\n            \"canRate\": true,\n            \"viewerRating\":
        \"none\",\n            \"likeCount\": 4,\n            \"publishedAt\": \"2020-09-26T14:38:27Z\",\n
        \           \"updatedAt\": \"2020-09-26T14:38:27Z\"\n          }\n        },\n
        \       \"canReply\": true,\n        \"totalReplyCount\": 1,\n        \"isPublic\":
        true\n      }\n    },\n    {\n      \"kind\": \"youtube#commentThread\",\n
        \     \"etag\": \"ugdr4R4SZEftWqbo7B7bPTtm9Zc\",\n      \"id\": \"UgzimtFMoBwS59vWboB4AaABAg\",\n
        \     \"snippet\": {\n        \"videoId\": \"DA8nk83xumg\",\n        \"topLevelComment\":
        {\n          \"kind\": \"youtube#comment\",\n          \"etag\": \"r-Fj_ar6_1A3skwNfAYierotcrw\",\n
        \         \"id\": \"UgzimtFMoBwS59vWboB4AaABAg\",\n          \"snippet\":
        {\n            \"videoId\": \"DA8nk83xumg\",\n            \"textDisplay\":
        \"請你一定要持續唱下去~\\u003cbr /\\u003e是台灣最新的希望了~\",\n            \"textOriginal\":
        \"請你一定要持續唱下去~\\n是台灣最新的希望了~\",\n            \"authorDisplayName\": \"涂瑞圃\",\n
        \           \"authorProfileImageUrl\": \"https://yt3.ggpht.com/ytc/AAUvwnj4N2mJRhfCsn-MLWmnr2-5CzItZ__fIWc0wEPqDg=s48-c-k-c0xffffffff-no-rj-mo\",\n
        \           \"authorChannelUrl\": \"http://www.youtube.com/channel/UCsfM22OiDBq1FS1Y2k-oliA\",\n
        \           \"authorChannelId\": {\n              \"value\": \"UCsfM22OiDBq1FS1Y2k-oliA\"\n
        \           },\n            \"canRate\": true,\n            \"viewerRating\":
        \"none\",\n            \"likeCount\": 4,\n            \"publishedAt\": \"2020-09-26T13:53:55Z\",\n
        \           \"updatedAt\": \"2020-09-26T13:53:55Z\"\n          }\n        },\n
        \       \"canReply\": true,\n        \"totalReplyCount\": 0,\n        \"isPublic\":
        true\n      }\n    },\n    {\n      \"kind\": \"youtube#commentThread\",\n
        \     \"etag\": \"BkkSEdqX2T8RoZaU97BGhOTFLiQ\",\n      \"id\": \"UgwsMowjta0V7XwHkQJ4AaABAg\",\n
        \     \"snippet\": {\n        \"videoId\": \"DA8nk83xumg\",\n        \"topLevelComment\":
        {\n          \"kind\": \"youtube#comment\",\n          \"etag\": \"juQ0apUm6KI5JnjXOicHUwWUGPE\",\n
        \         \"id\": \"UgwsMowjta0V7XwHkQJ4AaABAg\",\n          \"snippet\":
        {\n            \"videoId\": \"DA8nk83xumg\",\n            \"textDisplay\":
        \"奖励在2020年9月仍在听的任何人\",\n            \"textOriginal\": \"奖励在2020年9月仍在听的任何人\",\n
        \           \"authorDisplayName\": \"NEW KKBOX II\",\n            \"authorProfileImageUrl\":
        \"https://yt3.ggpht.com/ytc/AAUvwnhbPQ58OOqFJfe8VSKzlxY0ZeVAnLhEupswbjNN=s48-c-k-c0xffffffff-no-rj-mo\",\n
        \           \"authorChannelUrl\": \"http://www.youtube.com/channel/UCBm5s_mdyER4bkx8gBRdr-w\",\n
        \           \"authorChannelId\": {\n              \"value\": \"UCBm5s_mdyER4bkx8gBRdr-w\"\n
        \           },\n            \"canRate\": true,\n            \"viewerRating\":
        \"none\",\n            \"likeCount\": 8,\n            \"publishedAt\": \"2020-09-26T08:16:30Z\",\n
        \           \"updatedAt\": \"2020-09-26T08:16:30Z\"\n          }\n        },\n
        \       \"canReply\": true,\n        \"totalReplyCount\": 1,\n        \"isPublic\":
        true\n      }\n    },\n    {\n      \"kind\": \"youtube#commentThread\",\n
        \     \"etag\": \"aW7etRyLZSkBnKndMhg_cQAR9Lo\",\n      \"id\": \"Ugzu9j46vtGPXvYYjrR4AaABAg\",\n
        \     \"snippet\": {\n        \"videoId\": \"DA8nk83xumg\",\n        \"topLevelComment\":
        {\n          \"kind\": \"youtube#comment\",\n          \"etag\": \"0HCUSQTVWCHZQ5u0S9d3bbWmt2A\",\n
        \         \"id\": \"Ugzu9j46vtGPXvYYjrR4AaABAg\",\n          \"snippet\":
        {\n            \"videoId\": \"DA8nk83xumg\",\n            \"textDisplay\":
        \"語噥 你的歌聲真的很療愈 永遠支持妳\U0001F49A\U0001F49A\U0001F49A\",\n            \"textOriginal\":
        \"語噥 你的歌聲真的很療愈 永遠支持妳\U0001F49A\U0001F49A\U0001F49A\",\n            \"authorDisplayName\":
        \"丫文\",\n            \"authorProfileImageUrl\": \"https://yt3.ggpht.com/ytc/AAUvwniF2kT9UjjmflPebFCUmSv2V5Ume8I7hu-dsA=s48-c-k-c0xffffffff-no-rj-mo\",\n
        \           \"authorChannelUrl\": \"http://www.youtube.com/channel/UCPIpNdw1ExG-aecNe8Q2M5Q\",\n
        \           \"authorChannelId\": {\n              \"value\": \"UCPIpNdw1ExG-aecNe8Q2M5Q\"\n
        \           },\n            \"canRate\": true,\n            \"viewerRating\":
        \"none\",\n            \"likeCount\": 4,\n            \"publishedAt\": \"2020-09-25T14:19:32Z\",\n
        \           \"updatedAt\": \"2020-09-25T14:19:32Z\"\n          }\n        },\n
        \       \"canReply\": true,\n        \"totalReplyCount\": 0,\n        \"isPublic\":
        true\n      }\n    },\n    {\n      \"kind\": \"youtube#commentThread\",\n
        \     \"etag\": \"kwlkBApduVojaNhsinwqZg7E9Q8\",\n      \"id\": \"UgzyPQr-RKrAPv48RBl4AaABAg\",\n
        \     \"snippet\": {\n        \"videoId\": \"DA8nk83xumg\",\n        \"topLevelComment\":
        {\n          \"kind\": \"youtube#comment\",\n          \"etag\": \"C3Zf0Ge1g1xWqUK0qE0L69IAdxI\",\n
        \         \"id\": \"UgzyPQr-RKrAPv48RBl4AaABAg\",\n          \"snippet\":
        {\n            \"videoId\": \"DA8nk83xumg\",\n            \"textDisplay\":
        \"這首歌好難駕馭啊！語噥的聲音好好聽\U0001F970\",\n            \"textOriginal\": \"這首歌好難駕馭啊！語噥的聲音好好聽\U0001F970\",\n
        \           \"authorDisplayName\": \"Nora Chen\",\n            \"authorProfileImageUrl\":
        \"https://yt3.ggpht.com/ytc/AAUvwngSFeLnAT2Y7hqnqp3ADlrWhA9E1oZqYZwPQgTD_Q=s48-c-k-c0xffffffff-no-rj-mo\",\n
        \           \"authorChannelUrl\": \"http://www.youtube.com/channel/UCTyRv3lN9NnOc8XLYECuC5Q\",\n
        \           \"authorChannelId\": {\n              \"value\": \"UCTyRv3lN9NnOc8XLYECuC5Q\"\n
        \           },\n            \"canRate\": true,\n            \"viewerRating\":
        \"none\",\n            \"likeCount\": 2,\n            \"publishedAt\": \"2020-09-25T13:54:30Z\",\n
        \           \"updatedAt\": \"2020-09-25T13:54:30Z\"\n          }\n        },\n
        \       \"canReply\": true,\n        \"totalReplyCount\": 1,\n        \"isPublic\":
        true\n      }\n    },\n    {\n      \"kind\": \"youtube#commentThread\",\n
        \     \"etag\": \"y61TcfsIZbvv_WNBhwRG_3tSt1o\",\n      \"id\": \"Ugx0Ms7t3RbN1IRzVWJ4AaABAg\",\n
        \     \"snippet\": {\n        \"videoId\": \"DA8nk83xumg\",\n        \"topLevelComment\":
        {\n          \"kind\": \"youtube#comment\",\n          \"etag\": \"50uPrg2bXaNKm0kMSTcluWfSiX8\",\n
        \         \"id\": \"Ugx0Ms7t3RbN1IRzVWJ4AaABAg\",\n          \"snippet\":
        {\n            \"videoId\": \"DA8nk83xumg\",\n            \"textDisplay\":
        \"這首也蠻好聽的\",\n            \"textOriginal\": \"這首也蠻好聽的\",\n            \"authorDisplayName\":
        \"二次三\",\n            \"authorProfileImageUrl\": \"https://yt3.ggpht.com/ytc/AAUvwngu8sRWJ_OOQ4rSApPMBvj41DG_ttR2NkTh5A=s48-c-k-c0xffffffff-no-rj-mo\",\n
        \           \"authorChannelUrl\": \"http://www.youtube.com/channel/UCrkJoVjg5v_0piycAFkeLQg\",\n
        \           \"authorChannelId\": {\n              \"value\": \"UCrkJoVjg5v_0piycAFkeLQg\"\n
        \           },\n            \"canRate\": true,\n            \"viewerRating\":
        \"none\",\n            \"likeCount\": 2,\n            \"publishedAt\": \"2020-09-25T12:28:51Z\",\n
        \           \"updatedAt\": \"2020-09-25T12:28:51Z\"\n          }\n        },\n
        \       \"canReply\": true,\n        \"totalReplyCount\": 0,\n        \"isPublic\":
        true\n      }\n    },\n    {\n      \"kind\": \"youtube#commentThread\",\n
        \     \"etag\": \"LcJuscY7OY5gxkCYt8v-tsrcixw\",\n      \"id\": \"UgwOQhzuqV4SxniQWt94AaABAg\",\n
        \     \"snippet\": {\n        \"videoId\": \"DA8nk83xumg\",\n        \"topLevelComment\":
        {\n          \"kind\": \"youtube#comment\",\n          \"etag\": \"WL8GDeJDDSe0fi9tckceATwEb1k\",\n
        \         \"id\": \"UgwOQhzuqV4SxniQWt94AaABAg\",\n          \"snippet\":
        {\n            \"videoId\": \"DA8nk83xumg\",\n            \"textDisplay\":
        \"第一句 就愛上了 超好聽DER!\",\n            \"textOriginal\": \"第一句 就愛上了 超好聽DER!\",\n
        \           \"authorDisplayName\": \"兩津勘吉\",\n            \"authorProfileImageUrl\":
        \"https://yt3.ggpht.com/ytc/AAUvwnhzbCZJ3VE6H2Z2HUtsPo6u8BZc-y52amaUvyZM=s48-c-k-c0xffffffff-no-rj-mo\",\n
        \           \"authorChannelUrl\": \"http://www.youtube.com/channel/UCzeAiT_XeKrkaX7IFfuL6DA\",\n
        \           \"authorChannelId\": {\n              \"value\": \"UCzeAiT_XeKrkaX7IFfuL6DA\"\n
        \           },\n            \"canRate\": true,\n            \"viewerRating\":
        \"none\",\n            \"likeCount\": 3,\n            \"publishedAt\": \"2020-09-25T10:36:21Z\",\n
        \           \"updatedAt\": \"2020-09-25T10:36:21Z\"\n          }\n        },\n
        \       \"canReply\": true,\n        \"totalReplyCount\": 1,\n        \"isPublic\":
        true\n      }\n    },\n    {\n      \"kind\": \"youtube#commentThread\",\n
        \     \"etag\": \"mlBXePa_GfkVdtjOvUYXfYDKTt4\",\n      \"id\": \"UgwbCHHib8v2QrqR4CB4AaABAg\",\n
        \     \"snippet\": {\n        \"videoId\": \"DA8nk83xumg\",\n        \"topLevelComment\":
        {\n          \"kind\": \"youtube#comment\",\n          \"etag\": \"_dap6690U46ysxeuJRbejrDfOKM\",\n
        \         \"id\": \"UgwbCHHib8v2QrqR4CB4AaABAg\",\n          \"snippet\":
        {\n            \"videoId\": \"DA8nk83xumg\",\n            \"textDisplay\":
        \"真的太好聽了，不過聽完首播的當下內心真的好糾結\U0001F602\U0001F602\U0001F602\",\n            \"textOriginal\":
        \"真的太好聽了，不過聽完首播的當下內心真的好糾結\U0001F602\U0001F602\U0001F602\",\n            \"authorDisplayName\":
        \"李豪\",\n            \"authorProfileImageUrl\": \"https://yt3.ggpht.com/ytc/AAUvwnjEoNO78STS0zu7aGMeAVxTTBdBKpB21vtgCk_7hw=s48-c-k-c0xffffffff-no-rj-mo\",\n
        \           \"authorChannelUrl\": \"http://www.youtube.com/channel/UC8cMMn5keHwtwaQhW7IetXQ\",\n
        \           \"authorChannelId\": {\n              \"value\": \"UC8cMMn5keHwtwaQhW7IetXQ\"\n
        \           },\n            \"canRate\": true,\n            \"viewerRating\":
        \"none\",\n            \"likeCount\": 3,\n            \"publishedAt\": \"2020-09-25T08:22:32Z\",\n
        \           \"updatedAt\": \"2020-09-25T08:22:32Z\"\n          }\n        },\n
        \       \"canReply\": true,\n        \"totalReplyCount\": 0,\n        \"isPublic\":
        true\n      }\n    },\n    {\n      \"kind\": \"youtube#commentThread\",\n
        \     \"etag\": \"omePcwea4cJix-d_CH_5d2llqZs\",\n      \"id\": \"UgzutNwyijgtTWb3att4AaABAg\",\n
        \     \"snippet\": {\n        \"videoId\": \"DA8nk83xumg\",\n        \"topLevelComment\":
        {\n          \"kind\": \"youtube#comment\",\n          \"etag\": \"s3I4teZXstRC0ZxqEPck-V16gEs\",\n
        \         \"id\": \"UgzutNwyijgtTWb3att4AaABAg\",\n          \"snippet\":
        {\n            \"videoId\": \"DA8nk83xumg\",\n            \"textDisplay\":
        \"真的很好聽♥️ 這聲線我大愛\U0001F606\U0001F606\U0001F606\U0001F499\",\n            \"textOriginal\":
        \"真的很好聽♥️ 這聲線我大愛\U0001F606\U0001F606\U0001F606\U0001F499\",\n            \"authorDisplayName\":
        \"蘿蔔.\",\n            \"authorProfileImageUrl\": \"https://yt3.ggpht.com/ytc/AAUvwnjrLEYAxRm4f3sRD6rJEhfLlQp5VLFxr5gXPms9=s48-c-k-c0xffffffff-no-rj-mo\",\n
        \           \"authorChannelUrl\": \"http://www.youtube.com/channel/UCRRiuIPtr9tDpbnUXojrnOQ\",\n
        \           \"authorChannelId\": {\n              \"value\": \"UCRRiuIPtr9tDpbnUXojrnOQ\"\n
        \           },\n            \"canRate\": true,\n            \"viewerRating\":
        \"none\",\n            \"likeCount\": 4,\n            \"publishedAt\": \"2020-09-25T05:08:10Z\",\n
        \           \"updatedAt\": \"2020-09-25T05:08:10Z\"\n          }\n        },\n
        \       \"canReply\": true,\n        \"totalReplyCount\": 0,\n        \"isPublic\":
        true\n      }\n    },\n    {\n      \"kind\": \"youtube#commentThread\",\n
        \     \"etag\": \"-8Cvevf1MWF_t5pxQguQ8PS-URA\",\n      \"id\": \"Ugww1nfqYN6J4izKqeB4AaABAg\",\n
        \     \"snippet\": {\n        \"videoId\": \"DA8nk83xumg\",\n        \"topLevelComment\":
        {\n          \"kind\": \"youtube#comment\",\n          \"etag\": \"IaGDM_yny3-aXxeRxJTDvPO4L8c\",\n
        \         \"id\": \"Ugww1nfqYN6J4izKqeB4AaABAg\",\n          \"snippet\":
        {\n            \"videoId\": \"DA8nk83xumg\",\n            \"textDisplay\":
        \"好聽♥️♥️♥️ 不過想看語噥在MV裡面\U0001F605\U0001F606\",\n            \"textOriginal\":
        \"好聽♥️♥️♥️ 不過想看語噥在MV裡面\U0001F605\U0001F606\",\n            \"authorDisplayName\":
        \"蘿蔔.\",\n            \"authorProfileImageUrl\": \"https://yt3.ggpht.com/ytc/AAUvwnjrLEYAxRm4f3sRD6rJEhfLlQp5VLFxr5gXPms9=s48-c-k-c0xffffffff-no-rj-mo\",\n
        \           \"authorChannelUrl\": \"http://www.youtube.com/channel/UCRRiuIPtr9tDpbnUXojrnOQ\",\n
        \           \"authorChannelId\": {\n              \"value\": \"UCRRiuIPtr9tDpbnUXojrnOQ\"\n
        \           },\n            \"canRate\": true,\n            \"viewerRating\":
        \"none\",\n            \"likeCount\": 1,\n            \"publishedAt\": \"2020-09-25T05:07:27Z\",\n
        \           \"updatedAt\": \"2020-09-25T05:07:27Z\"\n          }\n        },\n
        \       \"canReply\": true,\n        \"totalReplyCount\": 0,\n        \"isPublic\":
        true\n      }\n    },\n    {\n      \"kind\": \"youtube#commentThread\",\n
        \     \"etag\": \"i-KvM6PH-550oxfjtLIV_XtT6xY\",\n      \"id\": \"UgyNCPLi1wF6iG7cLkl4AaABAg\",\n
        \     \"snippet\": {\n        \"videoId\": \"DA8nk83xumg\",\n        \"topLevelComment\":
        {\n          \"kind\": \"youtube#comment\",\n          \"etag\": \"7R2R3WSQ72IFYI8pD4sR6H4UGuE\",\n
        \         \"id\": \"UgyNCPLi1wF6iG7cLkl4AaABAg\",\n          \"snippet\":
        {\n            \"videoId\": \"DA8nk83xumg\",\n            \"textDisplay\":
        \"我又不能想像語噥不在的時候我有多孤單\",\n            \"textOriginal\": \"我又不能想像語噥不在的時候我有多孤單\",\n
        \           \"authorDisplayName\": \"michael wong\",\n            \"authorProfileImageUrl\":
        \"https://yt3.ggpht.com/ytc/AAUvwnipvFXxnvFVugpY4Ynr_XreSggl-Xd9zyySxg=s48-c-k-c0xffffffff-no-rj-mo\",\n
        \           \"authorChannelUrl\": \"http://www.youtube.com/channel/UCsRf_oP5W6CmKuOEddj7l9Q\",\n
        \           \"authorChannelId\": {\n              \"value\": \"UCsRf_oP5W6CmKuOEddj7l9Q\"\n
        \           },\n            \"canRate\": true,\n            \"viewerRating\":
        \"none\",\n            \"likeCount\": 3,\n            \"publishedAt\": \"2020-09-24T20:15:26Z\",\n
        \           \"updatedAt\": \"2020-09-24T20:15:26Z\"\n          }\n        },\n
        \       \"canReply\": true,\n        \"totalReplyCount\": 0,\n        \"isPublic\":
        true\n      }\n    },\n    {\n      \"kind\": \"youtube#commentThread\",\n
        \     \"etag\": \"KRYClGMdkSN2YV0qcE2jZMYLnz8\",\n      \"id\": \"UgwgrIm3NM5J0Uo309Z4AaABAg\",\n
        \     \"snippet\": {\n        \"videoId\": \"DA8nk83xumg\",\n        \"topLevelComment\":
        {\n          \"kind\": \"youtube#comment\",\n          \"etag\": \"Ed9_pSmPxmbt3gMPsK7qd58h02E\",\n
        \         \"id\": \"UgwgrIm3NM5J0Uo309Z4AaABAg\",\n          \"snippet\":
        {\n            \"videoId\": \"DA8nk83xumg\",\n            \"textDisplay\":
        \"完美\",\n            \"textOriginal\": \"完美\",\n            \"authorDisplayName\":
        \"Tan Si Jie\",\n            \"authorProfileImageUrl\": \"https://yt3.ggpht.com/ytc/AAUvwng_qvz3iquefJqd7Cc5C3H_pXnciZIg17adfQ=s48-c-k-c0xffffffff-no-rj-mo\",\n
        \           \"authorChannelUrl\": \"http://www.youtube.com/channel/UCh3xT7a0LNRsj4bkv-LGwBg\",\n
        \           \"authorChannelId\": {\n              \"value\": \"UCh3xT7a0LNRsj4bkv-LGwBg\"\n
        \           },\n            \"canRate\": true,\n            \"viewerRating\":
        \"none\",\n            \"likeCount\": 2,\n            \"publishedAt\": \"2020-09-24T18:02:01Z\",\n
        \           \"updatedAt\": \"2020-09-24T18:02:01Z\"\n          }\n        },\n
        \       \"canReply\": true,\n        \"totalReplyCount\": 0,\n        \"isPublic\":
        true\n      }\n    },\n    {\n      \"kind\": \"youtube#commentThread\",\n
        \     \"etag\": \"NQVOzCDKSA8vHCkT7WqddUcDReU\",\n      \"id\": \"UgzMzC0GQJeTFz6OWrt4AaABAg\",\n
        \     \"snippet\": {\n        \"videoId\": \"DA8nk83xumg\",\n        \"topLevelComment\":
        {\n          \"kind\": \"youtube#comment\",\n          \"etag\": \"6LT-kbsVv9MRrSOnIakX34qTf_8\",\n
        \         \"id\": \"UgzMzC0GQJeTFz6OWrt4AaABAg\",\n          \"snippet\":
        {\n            \"videoId\": \"DA8nk83xumg\",\n            \"textDisplay\":
        \"\\u003ca href=\\\"https://www.youtube.com/watch?v=DA8nk83xumg&amp;t=1m21s\\\"\\u003e1:21\\u003c/a\\u003e
        \\u003ca href=\\\"https://www.youtube.com/watch?v=DA8nk83xumg&amp;t=2m42s\\\"\\u003e2:42\\u003c/a\\u003e的環繞打成環遊了\U0001F440\",\n
        \           \"textOriginal\": \"1:21 2:42的環繞打成環遊了\U0001F440\",\n            \"authorDisplayName\":
        \"Wen Ting Chen\",\n            \"authorProfileImageUrl\": \"https://yt3.ggpht.com/ytc/AAUvwnjJvdVQweRnT_AsZ27sGdtUU8YT9P6y2eqemgRK_ws=s48-c-k-c0xffffffff-no-rj-mo\",\n
        \           \"authorChannelUrl\": \"http://www.youtube.com/channel/UCTDfi-Kd_w0kQMykmGKgNzQ\",\n
        \           \"authorChannelId\": {\n              \"value\": \"UCTDfi-Kd_w0kQMykmGKgNzQ\"\n
        \           },\n            \"canRate\": true,\n            \"viewerRating\":
        \"none\",\n            \"likeCount\": 0,\n            \"publishedAt\": \"2020-09-24T17:13:18Z\",\n
        \           \"updatedAt\": \"2020-09-24T17:15:14Z\"\n          }\n        },\n
        \       \"canReply\": true,\n        \"totalReplyCount\": 0,\n        \"isPublic\":
        true\n      }\n    },\n    {\n      \"kind\": \"youtube#commentThread\",\n
        \     \"etag\": \"qRMuE-0SVIOqITE6_coVJM6csJI\",\n      \"id\": \"UgwWpbnoM-plo30errF4AaABAg\",\n
        \     \"snippet\": {\n        \"videoId\": \"DA8nk83xumg\",\n        \"topLevelComment\":
        {\n          \"kind\": \"youtube#comment\",\n          \"etag\": \"QLx4MlxV9d56y5p4eIhIb7xrR2E\",\n
        \         \"id\": \"UgwWpbnoM-plo30errF4AaABAg\",\n          \"snippet\":
        {\n            \"videoId\": \"DA8nk83xumg\",\n            \"textDisplay\":
        \"\\u003ca href=\\\"https://www.youtube.com/watch?v=DA8nk83xumg&amp;t=1m20s\\\"\\u003e1:20\\u003c/a\\u003e
        字幕錯了~環&quot;繞&quot;地球\U0001F62D\",\n            \"textOriginal\": \"1:20 字幕錯了~環\\\"繞\\\"地球\U0001F62D\",\n
        \           \"authorDisplayName\": \"Hermics\",\n            \"authorProfileImageUrl\":
        \"https://yt3.ggpht.com/ytc/AAUvwngjaUqzhvbZz8TI2WXd6r-R-nFq6H27vQ82JQ=s48-c-k-c0xffffffff-no-rj-mo\",\n
        \           \"authorChannelUrl\": \"http://www.youtube.com/channel/UCYfc25j2Qk9hBlJdrxR4C9g\",\n
        \           \"authorChannelId\": {\n              \"value\": \"UCYfc25j2Qk9hBlJdrxR4C9g\"\n
        \           },\n            \"canRate\": true,\n            \"viewerRating\":
        \"none\",\n            \"likeCount\": 4,\n            \"publishedAt\": \"2020-09-24T16:54:03Z\",\n
        \           \"updatedAt\": \"2020-09-24T16:54:03Z\"\n          }\n        },\n
        \       \"canReply\": true,\n        \"totalReplyCount\": 1,\n        \"isPublic\":
        true\n      }\n    },\n    {\n      \"kind\": \"youtube#commentThread\",\n
        \     \"etag\": \"17G4nMfh6pqpqdgpyI9GDDjSqOY\",\n      \"id\": \"UgwWdynEWAo1DwpuA_J4AaABAg\",\n
        \     \"snippet\": {\n        \"videoId\": \"DA8nk83xumg\",\n        \"topLevelComment\":
        {\n          \"kind\": \"youtube#comment\",\n          \"etag\": \"haJ56oUp75Fo_LQyay-Jcmk_IZU\",\n
        \         \"id\": \"UgwWdynEWAo1DwpuA_J4AaABAg\",\n          \"snippet\":
        {\n            \"videoId\": \"DA8nk83xumg\",\n            \"textDisplay\":
        \"唱的很好聽 :)\",\n            \"textOriginal\": \"唱的很好聽 :)\",\n            \"authorDisplayName\":
        \"tenkid840901\",\n            \"authorProfileImageUrl\": \"https://yt3.ggpht.com/ytc/AAUvwnjZNT2yX20HvAKa9OAwgZ4YXBWTrSY2ILKBPw=s48-c-k-c0xffffffff-no-rj-mo\",\n
        \           \"authorChannelUrl\": \"http://www.youtube.com/channel/UC4qfbdM7BbOiNqUsiwAiUkQ\",\n
        \           \"authorChannelId\": {\n              \"value\": \"UC4qfbdM7BbOiNqUsiwAiUkQ\"\n
        \           },\n            \"canRate\": true,\n            \"viewerRating\":
        \"none\",\n            \"likeCount\": 4,\n            \"publishedAt\": \"2020-09-24T16:51:47Z\",\n
        \           \"updatedAt\": \"2020-09-24T16:51:47Z\"\n          }\n        },\n
        \       \"canReply\": true,\n        \"totalReplyCount\": 0,\n        \"isPublic\":
        true\n      }\n    },\n    {\n      \"kind\": \"youtube#commentThread\",\n
        \     \"etag\": \"VkzZGdejizqwGfxWG9tI6OBzmOA\",\n      \"id\": \"UgywSHIkCzc8elKSMIZ4AaABAg\",\n
        \     \"snippet\": {\n        \"videoId\": \"DA8nk83xumg\",\n        \"topLevelComment\":
        {\n          \"kind\": \"youtube#comment\",\n          \"etag\": \"nHHxtugOWoF9KUPPtQhA2sBx9W0\",\n
        \         \"id\": \"UgywSHIkCzc8elKSMIZ4AaABAg\",\n          \"snippet\":
        {\n            \"videoId\": \"DA8nk83xumg\",\n            \"textDisplay\":
        \"終於等到你了 觸動人心 搭配劇情看起來聽起來太有感覺了\",\n            \"textOriginal\": \"終於等到你了 觸動人心
        搭配劇情看起來聽起來太有感覺了\",\n            \"authorDisplayName\": \"王勝弘\",\n            \"authorProfileImageUrl\":
        \"https://yt3.ggpht.com/ytc/AAUvwnhqd5Mgv7fsIRMW7kihSkoJXRRxYRlPKrDXc3G1hg=s48-c-k-c0xffffffff-no-rj-mo\",\n
        \           \"authorChannelUrl\": \"http://www.youtube.com/channel/UCEvmIB5o5QDeejUffDaFB8g\",\n
        \           \"authorChannelId\": {\n              \"value\": \"UCEvmIB5o5QDeejUffDaFB8g\"\n
        \           },\n            \"canRate\": true,\n            \"viewerRating\":
        \"none\",\n            \"likeCount\": 7,\n            \"publishedAt\": \"2020-09-24T16:36:25Z\",\n
        \           \"updatedAt\": \"2020-09-24T16:36:25Z\"\n          }\n        },\n
        \       \"canReply\": true,\n        \"totalReplyCount\": 1,\n        \"isPublic\":
        true\n      }\n    },\n    {\n      \"kind\": \"youtube#commentThread\",\n
        \     \"etag\": \"XBnx6g1Af7ll8Hk74yvqK6StunY\",\n      \"id\": \"UgyuNgBCGZxKEEblbW94AaABAg\",\n
        \     \"snippet\": {\n        \"videoId\": \"DA8nk83xumg\",\n        \"topLevelComment\":
        {\n          \"kind\": \"youtube#comment\",\n          \"etag\": \"MXYgccfreln3y3xC8mY5kInVrho\",\n
        \         \"id\": \"UgyuNgBCGZxKEEblbW94AaABAg\",\n          \"snippet\":
        {\n            \"videoId\": \"DA8nk83xumg\",\n            \"textDisplay\":
        \"好聽\",\n            \"textOriginal\": \"好聽\",\n            \"authorDisplayName\":
        \"Kuong Charles\",\n            \"authorProfileImageUrl\": \"https://yt3.ggpht.com/ytc/AAUvwnhW4JQWNc0JhRwFSf5zqlSObaVDPUN9q0xc=s48-c-k-c0xffffffff-no-rj-mo\",\n
        \           \"authorChannelUrl\": \"http://www.youtube.com/channel/UC2uimxANs3pd9ypxLLe9AZA\",\n
        \           \"authorChannelId\": {\n              \"value\": \"UC2uimxANs3pd9ypxLLe9AZA\"\n
        \           },\n            \"canRate\": true,\n            \"viewerRating\":
        \"none\",\n            \"likeCount\": 4,\n            \"publishedAt\": \"2020-09-24T16:33:02Z\",\n
        \           \"updatedAt\": \"2020-09-24T16:33:02Z\"\n          }\n        },\n
        \       \"canReply\": true,\n        \"totalReplyCount\": 0,\n        \"isPublic\":
        true\n      }\n    },\n    {\n      \"kind\": \"youtube#commentThread\",\n
        \     \"etag\": \"zMx32_ZhAaua2NS_I-Inn7mr9C8\",\n      \"id\": \"UgyWDsEX42KEAgUKhBJ4AaABAg\",\n
        \     \"snippet\": {\n        \"videoId\": \"DA8nk83xumg\",\n        \"topLevelComment\":
        {\n          \"kind\": \"youtube#comment\",\n          \"etag\": \"gByHLRNfPAW2Fjkp5RezEOMZSFg\",\n
        \         \"id\": \"UgyWDsEX42KEAgUKhBJ4AaABAg\",\n          \"snippet\":
        {\n            \"videoId\": \"DA8nk83xumg\",\n            \"textDisplay\":
        \"太好听了，语哝是我觉得娱百女神里最有女神气质的了\U0001F497\",\n            \"textOriginal\": \"太好听了，语哝是我觉得娱百女神里最有女神气质的了\U0001F497\",\n
        \           \"authorDisplayName\": \"耀蒙\",\n            \"authorProfileImageUrl\":
        \"https://yt3.ggpht.com/ytc/AAUvwnj3WxER-nX6HZynbzHAvEgMuVYXh0lC8j7Xww=s48-c-k-c0xffffffff-no-rj-mo\",\n
        \           \"authorChannelUrl\": \"http://www.youtube.com/channel/UC-7-LB-UkCoZuq0YlFeuzVg\",\n
        \           \"authorChannelId\": {\n              \"value\": \"UC-7-LB-UkCoZuq0YlFeuzVg\"\n
        \           },\n            \"canRate\": true,\n            \"viewerRating\":
        \"none\",\n            \"likeCount\": 26,\n            \"publishedAt\": \"2020-09-24T15:55:46Z\",\n
        \           \"updatedAt\": \"2020-09-24T15:55:46Z\"\n          }\n        },\n
        \       \"canReply\": true,\n        \"totalReplyCount\": 4,\n        \"isPublic\":
        true\n      }\n    },\n    {\n      \"kind\": \"youtube#commentThread\",\n
        \     \"etag\": \"3Zg7scEluwPCkyFXr5UOn2MorF8\",\n      \"id\": \"Ugz2dJQBnGhLcoOBe-V4AaABAg\",\n
        \     \"snippet\": {\n        \"videoId\": \"DA8nk83xumg\",\n        \"topLevelComment\":
        {\n          \"kind\": \"youtube#comment\",\n          \"etag\": \"y_V6w08bb-IbeBNYXS9s2pDlpVU\",\n
        \         \"id\": \"Ugz2dJQBnGhLcoOBe-V4AaABAg\",\n          \"snippet\":
        {\n            \"videoId\": \"DA8nk83xumg\",\n            \"textDisplay\":
        \"語噥，認真唱歌的女人，最美！妳就是。\",\n            \"textOriginal\": \"語噥，認真唱歌的女人，最美！妳就是。\",\n
        \           \"authorDisplayName\": \"Wei-Jhe Hong\",\n            \"authorProfileImageUrl\":
        \"https://yt3.ggpht.com/ytc/AAUvwngZlVmAvFR2EmKAQzybFA1tZg_yZVPtON6qKRa6_w=s48-c-k-c0xffffffff-no-rj-mo\",\n
        \           \"authorChannelUrl\": \"http://www.youtube.com/channel/UCIpuNff3TwgMj8UbLA0Weqw\",\n
        \           \"authorChannelId\": {\n              \"value\": \"UCIpuNff3TwgMj8UbLA0Weqw\"\n
        \           },\n            \"canRate\": true,\n            \"viewerRating\":
        \"none\",\n            \"likeCount\": 4,\n            \"publishedAt\": \"2020-09-24T15:40:37Z\",\n
        \           \"updatedAt\": \"2020-09-24T15:40:37Z\"\n          }\n        },\n
        \       \"canReply\": true,\n        \"totalReplyCount\": 1,\n        \"isPublic\":
        true\n      }\n    },\n    {\n      \"kind\": \"youtube#commentThread\",\n
        \     \"etag\": \"cn5yFlKb2HlIl2CEL-9RHR3X2zM\",\n      \"id\": \"Ugy_P2bdV_ASa_cwz-N4AaABAg\",\n
        \     \"snippet\": {\n        \"videoId\": \"DA8nk83xumg\",\n        \"topLevelComment\":
        {\n          \"kind\": \"youtube#comment\",\n          \"etag\": \"K9EUpTuF3lsGce9uInCP9u1N6UE\",\n
        \         \"id\": \"Ugy_P2bdV_ASa_cwz-N4AaABAg\",\n          \"snippet\":
        {\n            \"videoId\": \"DA8nk83xumg\",\n            \"textDisplay\":
        \"語噥唱歌又進步了，這首歌我很喜歡！\",\n            \"textOriginal\": \"語噥唱歌又進步了，這首歌我很喜歡！\",\n
        \           \"authorDisplayName\": \"Gbtrenta\",\n            \"authorProfileImageUrl\":
        \"https://yt3.ggpht.com/ytc/AAUvwngGEbJylQsKE79Xe4q5QGkLWRyMbpv1pzndGEyA=s48-c-k-c0xffffffff-no-rj-mo\",\n
        \           \"authorChannelUrl\": \"http://www.youtube.com/channel/UC-f3mxCJgVVn6PaiF4ZIBbg\",\n
        \           \"authorChannelId\": {\n              \"value\": \"UC-f3mxCJgVVn6PaiF4ZIBbg\"\n
        \           },\n            \"canRate\": true,\n            \"viewerRating\":
        \"none\",\n            \"likeCount\": 4,\n            \"publishedAt\": \"2020-09-24T15:39:41Z\",\n
        \           \"updatedAt\": \"2020-09-24T15:39:41Z\"\n          }\n        },\n
        \       \"canReply\": true,\n        \"totalReplyCount\": 1,\n        \"isPublic\":
        true\n      }\n    },\n    {\n      \"kind\": \"youtube#commentThread\",\n
        \     \"etag\": \"4SJ_gfjo-8YVndl9AF3JJwqzkFc\",\n      \"id\": \"UgxTWSxLLh8vLOkQu9R4AaABAg\",\n
        \     \"snippet\": {\n        \"videoId\": \"DA8nk83xumg\",\n        \"topLevelComment\":
        {\n          \"kind\": \"youtube#comment\",\n          \"etag\": \"PitQxD7WcOpz7xfWj4TQwy6mLow\",\n
        \         \"id\": \"UgxTWSxLLh8vLOkQu9R4AaABAg\",\n          \"snippet\":
        {\n            \"videoId\": \"DA8nk83xumg\",\n            \"textDisplay\":
        \"簽到 超好聽&lt;3\",\n            \"textOriginal\": \"簽到 超好聽\\u003c3\",\n            \"authorDisplayName\":
        \"晁晁Chao\",\n            \"authorProfileImageUrl\": \"https://yt3.ggpht.com/ytc/AAUvwniDPxzvhdyLO3XoEnbCnzSln084yVJJgl2RYlEy7w=s48-c-k-c0xffffffff-no-rj-mo\",\n
        \           \"authorChannelUrl\": \"http://www.youtube.com/channel/UCQTWXJN96bwhOOJUuf0lBEQ\",\n
        \           \"authorChannelId\": {\n              \"value\": \"UCQTWXJN96bwhOOJUuf0lBEQ\"\n
        \           },\n            \"canRate\": true,\n            \"viewerRating\":
        \"none\",\n            \"likeCount\": 3,\n            \"publishedAt\": \"2020-09-24T15:01:09Z\",\n
        \           \"updatedAt\": \"2020-09-24T15:01:09Z\"\n          }\n        },\n
        \       \"canReply\": true,\n        \"totalReplyCount\": 0,\n        \"isPublic\":
        true\n      }\n    },\n    {\n      \"kind\": \"youtube#commentThread\",\n
        \     \"etag\": \"nqX6kMgL-dJzOpl-yIV8ffhMy80\",\n      \"id\": \"UgwDxCZ74qyTmxEE7-Z4AaABAg\",\n
        \     \"snippet\": {\n        \"videoId\": \"DA8nk83xumg\",\n        \"topLevelComment\":
        {\n          \"kind\": \"youtube#comment\",\n          \"etag\": \"1TCTtaPpSjHDzDuJ6HdyemwcKSc\",\n
        \         \"id\": \"UgwDxCZ74qyTmxEE7-Z4AaABAg\",\n          \"snippet\":
        {\n            \"videoId\": \"DA8nk83xumg\",\n            \"textDisplay\":
        \"我愛爆這首歌\U0001F62D\\u003cbr /\\u003e私心希望Time Will Remember \\u003cbr /\\u003e也有MV\U0001F61A\U0001F92A\U0001F92A\U0001F92A\",\n
        \           \"textOriginal\": \"我愛爆這首歌\U0001F62D\\n私心希望Time Will Remember
        \\n也有MV\U0001F61A\U0001F92A\U0001F92A\U0001F92A\",\n            \"authorDisplayName\":
        \"凱\",\n            \"authorProfileImageUrl\": \"https://yt3.ggpht.com/ytc/AAUvwngDq2wzsJ-sSTI2sxBIruwYz0zYhXbBHWCs4W9aEQ=s48-c-k-c0xffffffff-no-rj-mo\",\n
        \           \"authorChannelUrl\": \"http://www.youtube.com/channel/UC9iRr2zfI_maO54Ddnge49w\",\n
        \           \"authorChannelId\": {\n              \"value\": \"UC9iRr2zfI_maO54Ddnge49w\"\n
        \           },\n            \"canRate\": true,\n            \"viewerRating\":
        \"none\",\n            \"likeCount\": 2,\n            \"publishedAt\": \"2020-09-24T14:50:26Z\",\n
        \           \"updatedAt\": \"2020-09-24T14:50:26Z\"\n          }\n        },\n
        \       \"canReply\": true,\n        \"totalReplyCount\": 0,\n        \"isPublic\":
        true\n      }\n    },\n    {\n      \"kind\": \"youtube#commentThread\",\n
        \     \"etag\": \"R7kNG2fRXrwJlQ0uhohHlQ6kok8\",\n      \"id\": \"UgyDOSYy72B2odsmM8p4AaABAg\",\n
        \     \"snippet\": {\n        \"videoId\": \"DA8nk83xumg\",\n        \"topLevelComment\":
        {\n          \"kind\": \"youtube#comment\",\n          \"etag\": \"FYqoAFY87JGaEAgxZSrPa7FbdfQ\",\n
        \         \"id\": \"UgyDOSYy72B2odsmM8p4AaABAg\",\n          \"snippet\":
        {\n            \"videoId\": \"DA8nk83xumg\",\n            \"textDisplay\":
        \"語噥語噥好棒棒,  我一直都在重播這首歌\\u003cbr /\\u003e\\u003cbr /\\u003eP.S. 女主角怎麼長得像漢典
        XD\",\n            \"textOriginal\": \"語噥語噥好棒棒,  我一直都在重播這首歌\\n\\nP.S. 女主角怎麼長得像漢典
        XD\",\n            \"authorDisplayName\": \"皇帝Kingsaga\",\n            \"authorProfileImageUrl\":
        \"https://yt3.ggpht.com/ytc/AAUvwniv8jv8_Q_s2A6Mc4iGqaw-tG6EJ3VlaUJI0xdRVSU=s48-c-k-c0xffffffff-no-rj-mo\",\n
        \           \"authorChannelUrl\": \"http://www.youtube.com/channel/UCjh0Ho18rAsnT6kDRUgfw1g\",\n
        \           \"authorChannelId\": {\n              \"value\": \"UCjh0Ho18rAsnT6kDRUgfw1g\"\n
        \           },\n            \"canRate\": true,\n            \"viewerRating\":
        \"none\",\n            \"likeCount\": 13,\n            \"publishedAt\": \"2020-09-24T14:37:17Z\",\n
        \           \"updatedAt\": \"2020-09-24T14:37:17Z\"\n          }\n        },\n
        \       \"canReply\": true,\n        \"totalReplyCount\": 2,\n        \"isPublic\":
        true\n      }\n    },\n    {\n      \"kind\": \"youtube#commentThread\",\n
        \     \"etag\": \"xxGIFR3ec12cr5DsCBSNObXHAuY\",\n      \"id\": \"UgwH9TE0b2yLQZaTGQJ4AaABAg\",\n
        \     \"snippet\": {\n        \"videoId\": \"DA8nk83xumg\",\n        \"topLevelComment\":
        {\n          \"kind\": \"youtube#comment\",\n          \"etag\": \"CJcWNYt-7LIwsq_nLvdb8uvko5U\",\n
        \         \"id\": \"UgwH9TE0b2yLQZaTGQJ4AaABAg\",\n          \"snippet\":
        {\n            \"videoId\": \"DA8nk83xumg\",\n            \"textDisplay\":
        \"语哝，因为海外的关系，很多活动都没办法去到现场替你加油，但我都《默默》支持你的。\\u003cbr /\\u003e谢谢你，你仿佛就像一位带着《翅膀》的天使，让我带着属于自己的《节奏》迎向每一天的《Tomorrow》，从超偶认识你后觉得人生充满《色彩》。\\u003cbr
        /\\u003e喜欢你上狼人杀，我认你是女神高玩家哦~ 如果关闭上帝视角，真的《看不清你是谁》，是好人呢？还是狼人呢？哈哈，我每次都《猜猜》你是什么角色，但每次都猜错。\\u003cbr
        /\\u003e哝，希望你不要去理会酸民的留言，要学着《不在乎》，不要为了他们失去自我，要有信心，向酸民say\\u003cbr /\\u003e《No
        More》，只要《对我好, Treat Me Right 》（呃....不是啦，是对所有支持你的米粉好)。\\u003cbr /\\u003e《Time
        Will Remember 》，相信总有一天，《我们》一定会遇见。 你是最棒的，找不到第二个《Somebody Like You》，你是无可取代，独一无二的。\\u003cbr
        /\\u003e中秋节要到了，好像蛮适合听《月光下的影子》的...是否可以哼着《复数的孤寂》迎接《零距离的圣诞》夜呢？ 哈哈！加油，语哝女神 。\",\n
        \           \"textOriginal\": \"语哝，因为海外的关系，很多活动都没办法去到现场替你加油，但我都《默默》支持你的。\\n谢谢你，你仿佛就像一位带着《翅膀》的天使，让我带着属于自己的《节奏》迎向每一天的《Tomorrow》，从超偶认识你后觉得人生充满《色彩》。\\n喜欢你上狼人杀，我认你是女神高玩家哦~
        如果关闭上帝视角，真的《看不清你是谁》，是好人呢？还是狼人呢？哈哈，我每次都《猜猜》你是什么角色，但每次都猜错。\\n哝，希望你不要去理会酸民的留言，要学着《不在乎》，不要为了他们失去自我，要有信心，向酸民say\\n《No
        More》，只要《对我好, Treat Me Right 》（呃....不是啦，是对所有支持你的米粉好)。\\n《Time Will Remember
        》，相信总有一天，《我们》一定会遇见。 你是最棒的，找不到第二个《Somebody Like You》，你是无可取代，独一无二的。\\n中秋节要到了，好像蛮适合听《月光下的影子》的...是否可以哼着《复数的孤寂》迎接《零距离的圣诞》夜呢？
        哈哈！加油，语哝女神 。\",\n            \"authorDisplayName\": \"River Hoe\",\n            \"authorProfileImageUrl\":
        \"https://yt3.ggpht.com/ytc/AAUvwnjDnAUqQUmsPFnjLpbGdFgCSvcAjFi2naYtNTr01A=s48-c-k-c0xffffffff-no-rj-mo\",\n
        \           \"authorChannelUrl\": \"http://www.youtube.com/channel/UC8Kk8nXuWfQVSTWBvluPnvA\",\n
        \           \"authorChannelId\": {\n              \"value\": \"UC8Kk8nXuWfQVSTWBvluPnvA\"\n
        \           },\n            \"canRate\": true,\n            \"viewerRating\":
        \"none\",\n            \"likeCount\": 20,\n            \"publishedAt\": \"2020-09-24T14:23:44Z\",\n
        \           \"updatedAt\": \"2020-09-24T14:27:24Z\"\n          }\n        },\n
        \       \"canReply\": true,\n        \"totalReplyCount\": 5,\n        \"isPublic\":
        true\n      }\n    },\n    {\n      \"kind\": \"youtube#commentThread\",\n
        \     \"etag\": \"SCjzFy0u1rm4hkwcXzVPPlRY7nU\",\n      \"id\": \"UgyLaoA53_uuZJ7nKhl4AaABAg\",\n
        \     \"snippet\": {\n        \"videoId\": \"DA8nk83xumg\",\n        \"topLevelComment\":
        {\n          \"kind\": \"youtube#comment\",\n          \"etag\": \"yuFB7RfM5kq-tFVr5QkqVv7TcS8\",\n
        \         \"id\": \"UgyLaoA53_uuZJ7nKhl4AaABAg\",\n          \"snippet\":
        {\n            \"videoId\": \"DA8nk83xumg\",\n            \"textDisplay\":
        \"喜歡♡♡好好聽~\\u003cbr /\\u003e語噥好美~\",\n            \"textOriginal\": \"喜歡♡♡好好聽~\\n語噥好美~\",\n
        \           \"authorDisplayName\": \"star melody\",\n            \"authorProfileImageUrl\":
        \"https://yt3.ggpht.com/ytc/AAUvwngujmxw550GYjy9fPrS0vLZXtu8RpNApGx9L0bjpfY=s48-c-k-c0xffffffff-no-rj-mo\",\n
        \           \"authorChannelUrl\": \"http://www.youtube.com/channel/UCTxc6sLEuI1bvMRcHEVrcnA\",\n
        \           \"authorChannelId\": {\n              \"value\": \"UCTxc6sLEuI1bvMRcHEVrcnA\"\n
        \           },\n            \"canRate\": true,\n            \"viewerRating\":
        \"none\",\n            \"likeCount\": 4,\n            \"publishedAt\": \"2020-09-24T14:18:44Z\",\n
        \           \"updatedAt\": \"2020-09-24T14:18:44Z\"\n          }\n        },\n
        \       \"canReply\": true,\n        \"totalReplyCount\": 1,\n        \"isPublic\":
        true\n      }\n    },\n    {\n      \"kind\": \"youtube#commentThread\",\n
        \     \"etag\": \"lPcHh91TSt3GYcLi2VxadVPlYfE\",\n      \"id\": \"Ugzyq512dLqUd8ONmpF4AaABAg\",\n
        \     \"snippet\": {\n        \"videoId\": \"DA8nk83xumg\",\n        \"topLevelComment\":
        {\n          \"kind\": \"youtube#comment\",\n          \"etag\": \"XZTBk0mbDs2O-0T3auc_-5cfeEY\",\n
        \         \"id\": \"Ugzyq512dLqUd8ONmpF4AaABAg\",\n          \"snippet\":
        {\n            \"videoId\": \"DA8nk83xumg\",\n            \"textDisplay\":
        \"推~好聽\U0001F495\",\n            \"textOriginal\": \"推~好聽\U0001F495\",\n            \"authorDisplayName\":
        \"Leslie Zhang\",\n            \"authorProfileImageUrl\": \"https://yt3.ggpht.com/ytc/AAUvwnhrebC6DJLu8j8WT7jFcYaHg0Ya0-M14Xk-7w=s48-c-k-c0xffffffff-no-rj-mo\",\n
        \           \"authorChannelUrl\": \"http://www.youtube.com/channel/UCq1eG6njO08lMJZiFLyYseA\",\n
        \           \"authorChannelId\": {\n              \"value\": \"UCq1eG6njO08lMJZiFLyYseA\"\n
        \           },\n            \"canRate\": true,\n            \"viewerRating\":
        \"none\",\n            \"likeCount\": 1,\n            \"publishedAt\": \"2020-09-24T14:13:33Z\",\n
        \           \"updatedAt\": \"2020-09-24T14:13:33Z\"\n          }\n        },\n
        \       \"canReply\": true,\n        \"totalReplyCount\": 0,\n        \"isPublic\":
        true\n      }\n    },\n    {\n      \"kind\": \"youtube#commentThread\",\n
        \     \"etag\": \"8alryzWsK935WvdB5L-_2siuks8\",\n      \"id\": \"Ugx-4ga4s6BEWRyCSzt4AaABAg\",\n
        \     \"snippet\": {\n        \"videoId\": \"DA8nk83xumg\",\n        \"topLevelComment\":
        {\n          \"kind\": \"youtube#comment\",\n          \"etag\": \"_wXMPDylklQqOpXjS3wbjVnAC0I\",\n
        \         \"id\": \"Ugx-4ga4s6BEWRyCSzt4AaABAg\",\n          \"snippet\":
        {\n            \"videoId\": \"DA8nk83xumg\",\n            \"textDisplay\":
        \"\U0001F9E1\",\n            \"textOriginal\": \"\U0001F9E1\",\n            \"authorDisplayName\":
        \"李安翊\",\n            \"authorProfileImageUrl\": \"https://yt3.ggpht.com/ytc/AAUvwnj0s8WGtEG0hgersvlsrogM--8WR8jMM8uWd-3k=s48-c-k-c0xffffffff-no-rj-mo\",\n
        \           \"authorChannelUrl\": \"http://www.youtube.com/channel/UCIi0Bur3X4kPeHsRE54vu3Q\",\n
        \           \"authorChannelId\": {\n              \"value\": \"UCIi0Bur3X4kPeHsRE54vu3Q\"\n
        \           },\n            \"canRate\": true,\n            \"viewerRating\":
        \"none\",\n            \"likeCount\": 1,\n            \"publishedAt\": \"2020-09-24T14:09:48Z\",\n
        \           \"updatedAt\": \"2020-09-24T14:09:48Z\"\n          }\n        },\n
        \       \"canReply\": true,\n        \"totalReplyCount\": 0,\n        \"isPublic\":
        true\n      }\n    },\n    {\n      \"kind\": \"youtube#commentThread\",\n
        \     \"etag\": \"CyH0Ak-dfTcpkPJfYZXzUkqQLOk\",\n      \"id\": \"UgzUAnNfZ7czBFnFjIR4AaABAg\",\n
        \     \"snippet\": {\n        \"videoId\": \"DA8nk83xumg\",\n        \"topLevelComment\":
        {\n          \"kind\": \"youtube#comment\",\n          \"etag\": \"20kt3trzC5YhNYwzl5cnw5AcKEg\",\n
        \         \"id\": \"UgzUAnNfZ7czBFnFjIR4AaABAg\",\n          \"snippet\":
        {\n            \"videoId\": \"DA8nk83xumg\",\n            \"textDisplay\":
        \"當初看到蔡黃汝演這部戲內心充滿期待，再搭上語噥的歌聲這部一定會收視長紅\",\n            \"textOriginal\": \"當初看到蔡黃汝演這部戲內心充滿期待，再搭上語噥的歌聲這部一定會收視長紅\",\n
        \           \"authorDisplayName\": \"賀世橤\",\n            \"authorProfileImageUrl\":
        \"https://yt3.ggpht.com/ytc/AAUvwnjJtXsXaT1iKf4DVpEI7VQ8Noydcn12KKvGV_2ilg=s48-c-k-c0xffffffff-no-rj-mo\",\n
        \           \"authorChannelUrl\": \"http://www.youtube.com/channel/UCnNyoBG2YkR3Yfzq1I2Mx-A\",\n
        \           \"authorChannelId\": {\n              \"value\": \"UCnNyoBG2YkR3Yfzq1I2Mx-A\"\n
        \           },\n            \"canRate\": true,\n            \"viewerRating\":
        \"none\",\n            \"likeCount\": 3,\n            \"publishedAt\": \"2020-09-24T14:04:46Z\",\n
        \           \"updatedAt\": \"2020-09-24T14:04:46Z\"\n          }\n        },\n
        \       \"canReply\": true,\n        \"totalReplyCount\": 0,\n        \"isPublic\":
        true\n      }\n    },\n    {\n      \"kind\": \"youtube#commentThread\",\n
        \     \"etag\": \"Kkn9OdG912WtrJyK-Be3T7Z9TzQ\",\n      \"id\": \"Ugy1f-SpmOuxGLqpCEF4AaABAg\",\n
        \     \"snippet\": {\n        \"videoId\": \"DA8nk83xumg\",\n        \"topLevelComment\":
        {\n          \"kind\": \"youtube#comment\",\n          \"etag\": \"Armu6QWjXFHqtN7lfarfYgcXCv4\",\n
        \         \"id\": \"Ugy1f-SpmOuxGLqpCEF4AaABAg\",\n          \"snippet\":
        {\n            \"videoId\": \"DA8nk83xumg\",\n            \"textDisplay\":
        \"張語噥 Sammy ｜Official MV\\r\\u003cbr /\\u003e\\u003cbr /\\u003e\\r\\u003ca
        href=\\\"https://www.youtube.com/playlist?list=PL4RSuS71XpT77j7bdpEg9qw07e5uMutyZ\\\"\\u003ehttps://www.youtube.com/playlist?list=PL4RSuS71XpT77j7bdpEg9qw07e5uMutyZ\\u003c/a\\u003e\",\n
        \           \"textOriginal\": \"張語噥 Sammy ｜Official MV\\r\\n\\n\\rhttps://www.youtube.com/playlist?list=PL4RSuS71XpT77j7bdpEg9qw07e5uMutyZ\",\n
        \           \"authorDisplayName\": \"leekaixiaokai leezekai\",\n            \"authorProfileImageUrl\":
        \"https://yt3.ggpht.com/ytc/AAUvwniX7H8WFiHH6N25Vw_47crSLXCUtGQPBJlCJ6OX=s48-c-k-c0xffffffff-no-rj-mo\",\n
        \           \"authorChannelUrl\": \"http://www.youtube.com/channel/UCRPPFysJujQuC3bbh3UrgXg\",\n
        \           \"authorChannelId\": {\n              \"value\": \"UCRPPFysJujQuC3bbh3UrgXg\"\n
        \           },\n            \"canRate\": true,\n            \"viewerRating\":
        \"none\",\n            \"likeCount\": 0,\n            \"publishedAt\": \"2020-09-24T13:40:59Z\",\n
        \           \"updatedAt\": \"2020-09-24T13:40:59Z\"\n          }\n        },\n
        \       \"canReply\": true,\n        \"totalReplyCount\": 0,\n        \"isPublic\":
        true\n      }\n    },\n    {\n      \"kind\": \"youtube#commentThread\",\n
        \     \"etag\": \"-gM4JaRMpg9-fXadoWsGkYYiAE0\",\n      \"id\": \"UgwLRJqExDRq9h2RXW54AaABAg\",\n
        \     \"snippet\": {\n        \"videoId\": \"DA8nk83xumg\",\n        \"topLevelComment\":
        {\n          \"kind\": \"youtube#comment\",\n          \"etag\": \"pZcVB0wQEUCOtCFEMgKbtgK7l3E\",\n
        \         \"id\": \"UgwLRJqExDRq9h2RXW54AaABAg\",\n          \"snippet\":
        {\n            \"videoId\": \"DA8nk83xumg\",\n            \"textDisplay\":
        \"好听\",\n            \"textOriginal\": \"好听\",\n            \"authorDisplayName\":
        \"leekaixiaokai leezekai\",\n            \"authorProfileImageUrl\": \"https://yt3.ggpht.com/ytc/AAUvwniX7H8WFiHH6N25Vw_47crSLXCUtGQPBJlCJ6OX=s48-c-k-c0xffffffff-no-rj-mo\",\n
        \           \"authorChannelUrl\": \"http://www.youtube.com/channel/UCRPPFysJujQuC3bbh3UrgXg\",\n
        \           \"authorChannelId\": {\n              \"value\": \"UCRPPFysJujQuC3bbh3UrgXg\"\n
        \           },\n            \"canRate\": true,\n            \"viewerRating\":
        \"none\",\n            \"likeCount\": 2,\n            \"publishedAt\": \"2020-09-24T13:40:20Z\",\n
        \           \"updatedAt\": \"2020-09-24T13:40:20Z\"\n          }\n        },\n
        \       \"canReply\": true,\n        \"totalReplyCount\": 0,\n        \"isPublic\":
        true\n      }\n    },\n    {\n      \"kind\": \"youtube#commentThread\",\n
        \     \"etag\": \"T1Zt6qbj2K4xqTMmd3BjZFwLIR8\",\n      \"id\": \"Ugxqqvvi4XhOs_5ADzJ4AaABAg\",\n
        \     \"snippet\": {\n        \"videoId\": \"DA8nk83xumg\",\n        \"topLevelComment\":
        {\n          \"kind\": \"youtube#comment\",\n          \"etag\": \"DHuMnNmj0rNzIBLDUoihpKqB7nE\",\n
        \         \"id\": \"Ugxqqvvi4XhOs_5ADzJ4AaABAg\",\n          \"snippet\":
        {\n            \"videoId\": \"DA8nk83xumg\",\n            \"textDisplay\":
        \"加入歌單每天聽\U0001F44D\U0001F3FB\",\n            \"textOriginal\": \"加入歌單每天聽\U0001F44D\U0001F3FB\",\n
        \           \"authorDisplayName\": \"小缸\",\n            \"authorProfileImageUrl\":
        \"https://yt3.ggpht.com/ytc/AAUvwnidNGDCNXRhRil_W3bd4ouu7hX5C6pPaLnsfxRDSA=s48-c-k-c0xffffffff-no-rj-mo\",\n
        \           \"authorChannelUrl\": \"http://www.youtube.com/channel/UCa_63spXv_iCS4uyt0VOHRQ\",\n
        \           \"authorChannelId\": {\n              \"value\": \"UCa_63spXv_iCS4uyt0VOHRQ\"\n
        \           },\n            \"canRate\": true,\n            \"viewerRating\":
        \"none\",\n            \"likeCount\": 6,\n            \"publishedAt\": \"2020-09-24T13:40:12Z\",\n
        \           \"updatedAt\": \"2020-09-24T13:40:12Z\"\n          }\n        },\n
        \       \"canReply\": true,\n        \"totalReplyCount\": 0,\n        \"isPublic\":
        true\n      }\n    },\n    {\n      \"kind\": \"youtube#commentThread\",\n
        \     \"etag\": \"ZgtkWHmzWGgxJhxH6_te56R7Jh0\",\n      \"id\": \"Ugwdj8azlnTkyOMFPpV4AaABAg\",\n
        \     \"snippet\": {\n        \"videoId\": \"DA8nk83xumg\",\n        \"topLevelComment\":
        {\n          \"kind\": \"youtube#comment\",\n          \"etag\": \"qDDlfC3B11o1R6Wvs55_3I9vOYM\",\n
        \         \"id\": \"Ugwdj8azlnTkyOMFPpV4AaABAg\",\n          \"snippet\":
        {\n            \"videoId\": \"DA8nk83xumg\",\n            \"textDisplay\":
        \"語噥唱歌就是好聽❤❤\U0001F618\U0001F44D\U0001F44D\",\n            \"textOriginal\":
        \"語噥唱歌就是好聽❤❤\U0001F618\U0001F44D\U0001F44D\",\n            \"authorDisplayName\":
        \"陳智凱\",\n            \"authorProfileImageUrl\": \"https://yt3.ggpht.com/ytc/AAUvwnhgMcqOoLEqTxhWAEiHJZhsrIf1vj-m4pGnaQ=s48-c-k-c0xffffffff-no-rj-mo\",\n
        \           \"authorChannelUrl\": \"http://www.youtube.com/channel/UCZjFo98pJ3OMdx9DiD4QysA\",\n
        \           \"authorChannelId\": {\n              \"value\": \"UCZjFo98pJ3OMdx9DiD4QysA\"\n
        \           },\n            \"canRate\": true,\n            \"viewerRating\":
        \"none\",\n            \"likeCount\": 1,\n            \"publishedAt\": \"2020-09-24T13:22:32Z\",\n
        \           \"updatedAt\": \"2020-09-24T13:22:32Z\"\n          }\n        },\n
        \       \"canReply\": true,\n        \"totalReplyCount\": 0,\n        \"isPublic\":
        true\n      }\n    },\n    {\n      \"kind\": \"youtube#commentThread\",\n
        \     \"etag\": \"P4FJ3kN_I5k3yZZpEzgJNdoXYQs\",\n      \"id\": \"UgxR6Tu0XrGc28vBisR4AaABAg\",\n
        \     \"snippet\": {\n        \"videoId\": \"DA8nk83xumg\",\n        \"topLevelComment\":
        {\n          \"kind\": \"youtube#comment\",\n          \"etag\": \"pq6uWc45Rd7htSnk6rJN_6Xge8g\",\n
        \         \"id\": \"UgxR6Tu0XrGc28vBisR4AaABAg\",\n          \"snippet\":
        {\n            \"videoId\": \"DA8nk83xumg\",\n            \"textDisplay\":
        \"語噥唱歌一定来签到啦\",\n            \"textOriginal\": \"語噥唱歌一定来签到啦\",\n            \"authorDisplayName\":
        \"ray foong\",\n            \"authorProfileImageUrl\": \"https://yt3.ggpht.com/ytc/AAUvwniuN463ZPILRdQeK-SUQU90uYeQmlREAqDX1kKDwg=s48-c-k-c0xffffffff-no-rj-mo\",\n
        \           \"authorChannelUrl\": \"http://www.youtube.com/channel/UCOc7BcntKcqzUucdqQA1hWw\",\n
        \           \"authorChannelId\": {\n              \"value\": \"UCOc7BcntKcqzUucdqQA1hWw\"\n
        \           },\n            \"canRate\": true,\n            \"viewerRating\":
        \"none\",\n            \"likeCount\": 1,\n            \"publishedAt\": \"2020-09-24T13:18:09Z\",\n
        \           \"updatedAt\": \"2020-09-24T13:18:09Z\"\n          }\n        },\n
        \       \"canReply\": true,\n        \"totalReplyCount\": 0,\n        \"isPublic\":
        true\n      }\n    },\n    {\n      \"kind\": \"youtube#commentThread\",\n
        \     \"etag\": \"vXsXDc-jBxY4O6eNfTgZfuIL7Jo\",\n      \"id\": \"Ugx23xdsuYPs1u3K_FB4AaABAg\",\n
        \     \"snippet\": {\n        \"videoId\": \"DA8nk83xumg\",\n        \"topLevelComment\":
        {\n          \"kind\": \"youtube#comment\",\n          \"etag\": \"gnAarPekDVD8AqQlG4uOb4NAEDA\",\n
        \         \"id\": \"Ugx23xdsuYPs1u3K_FB4AaABAg\",\n          \"snippet\":
        {\n            \"videoId\": \"DA8nk83xumg\",\n            \"textDisplay\":
        \"唱出一首好聽的歌，謝謝，分享，✨\U0001F33A\U0001F33A✨\U0001F33A\U0001F33A✨\\u003cbr /\\u003e\U0001F33A\U0001F33A\U0001F33A\U0001F33A\U0001F33A\U0001F33A\U0001F33A\\u003cbr
        /\\u003e\U0001F33A\U0001F33A\U0001F33A\U0001F33A\U0001F33A\U0001F33A\U0001F33A\\u003cbr
        /\\u003e✨\U0001F33A\U0001F33A\U0001F33A\U0001F33A\U0001F33A✨\\u003cbr /\\u003e✨✨\U0001F33A\U0001F33A\U0001F33A✨✨\\u003cbr
        /\\u003e✨✨✨\U0001F33A✨✨✨\",\n            \"textOriginal\": \"唱出一首好聽的歌，謝謝，分享，✨\U0001F33A\U0001F33A✨\U0001F33A\U0001F33A✨\\n\U0001F33A\U0001F33A\U0001F33A\U0001F33A\U0001F33A\U0001F33A\U0001F33A\\n\U0001F33A\U0001F33A\U0001F33A\U0001F33A\U0001F33A\U0001F33A\U0001F33A\\n✨\U0001F33A\U0001F33A\U0001F33A\U0001F33A\U0001F33A✨\\n✨✨\U0001F33A\U0001F33A\U0001F33A✨✨\\n✨✨✨\U0001F33A✨✨✨\",\n
        \           \"authorDisplayName\": \"張盛裕、\",\n            \"authorProfileImageUrl\":
        \"https://yt3.ggpht.com/ytc/AAUvwngC9SYgSuy9A7rNv6bvVmcFWeCIYIJyDQPKJg=s48-c-k-c0xffffffff-no-rj-mo\",\n
        \           \"authorChannelUrl\": \"http://www.youtube.com/channel/UCjbEgn8VQEOoXzuHARny1Dw\",\n
        \           \"authorChannelId\": {\n              \"value\": \"UCjbEgn8VQEOoXzuHARny1Dw\"\n
        \           },\n            \"canRate\": true,\n            \"viewerRating\":
        \"none\",\n            \"likeCount\": 2,\n            \"publishedAt\": \"2020-09-24T13:17:47Z\",\n
        \           \"updatedAt\": \"2020-09-24T13:17:47Z\"\n          }\n        },\n
        \       \"canReply\": true,\n        \"totalReplyCount\": 0,\n        \"isPublic\":
        true\n      }\n    },\n    {\n      \"kind\": \"youtube#commentThread\",\n
        \     \"etag\": \"ut6r4NkcfYW9RGvETm504Q2RaMc\",\n      \"id\": \"UgybZvAb258UUbIT9T14AaABAg\",\n
        \     \"snippet\": {\n        \"videoId\": \"DA8nk83xumg\",\n        \"topLevelComment\":
        {\n          \"kind\": \"youtube#comment\",\n          \"etag\": \"raNvGd1Y3mR1wctnAXTa0_a2Y-I\",\n
        \         \"id\": \"UgybZvAb258UUbIT9T14AaABAg\",\n          \"snippet\":
        {\n            \"videoId\": \"DA8nk83xumg\",\n            \"textDisplay\":
        \"開始要循環播放喇\U0001F3B6太好聽啦\U0001F62D\U0001F60D\",\n            \"textOriginal\":
        \"開始要循環播放喇\U0001F3B6太好聽啦\U0001F62D\U0001F60D\",\n            \"authorDisplayName\":
        \"王家珮\",\n            \"authorProfileImageUrl\": \"https://yt3.ggpht.com/ytc/AAUvwniUcqBsolaOyiblbSmEBALTaP2X6A8JXF83_xstQw=s48-c-k-c0xffffffff-no-rj-mo\",\n
        \           \"authorChannelUrl\": \"http://www.youtube.com/channel/UCM8tFDqQarN4YdBdyCUI30w\",\n
        \           \"authorChannelId\": {\n              \"value\": \"UCM8tFDqQarN4YdBdyCUI30w\"\n
        \           },\n            \"canRate\": true,\n            \"viewerRating\":
        \"none\",\n            \"likeCount\": 1,\n            \"publishedAt\": \"2020-09-24T13:17:31Z\",\n
        \           \"updatedAt\": \"2020-09-24T13:17:31Z\"\n          }\n        },\n
        \       \"canReply\": true,\n        \"totalReplyCount\": 0,\n        \"isPublic\":
        true\n      }\n    },\n    {\n      \"kind\": \"youtube#commentThread\",\n
        \     \"etag\": \"CfCX0DBjFLSGdMIY-dsyWVaTzbI\",\n      \"id\": \"UgxpNc7lL73WidlLKUh4AaABAg\",\n
        \     \"snippet\": {\n        \"videoId\": \"DA8nk83xumg\",\n        \"topLevelComment\":
        {\n          \"kind\": \"youtube#comment\",\n          \"etag\": \"6G0H_MVtquRvpDr7B8rcMLkMAeg\",\n
        \         \"id\": \"UgxpNc7lL73WidlLKUh4AaABAg\",\n          \"snippet\":
        {\n            \"videoId\": \"DA8nk83xumg\",\n            \"textDisplay\":
        \"語噥❤\\u003cbr /\\u003e這首抒情歌，聽起來很浪漫，專輯每天聽，聽歌詞表現出來的有點曖昧，不知道該如何是好的概念\",\n            \"textOriginal\":
        \"語噥❤\\n這首抒情歌，聽起來很浪漫，專輯每天聽，聽歌詞表現出來的有點曖昧，不知道該如何是好的概念\",\n            \"authorDisplayName\":
        \"吳忠洋\",\n            \"authorProfileImageUrl\": \"https://yt3.ggpht.com/ytc/AAUvwnjjxMaUIuMvr684jJpD5dk9tgq4SBy756XMI-XR8g=s48-c-k-c0xffffffff-no-rj-mo\",\n
        \           \"authorChannelUrl\": \"http://www.youtube.com/channel/UCvRdqzqBagOz8UUe07mvI0A\",\n
        \           \"authorChannelId\": {\n              \"value\": \"UCvRdqzqBagOz8UUe07mvI0A\"\n
        \           },\n            \"canRate\": true,\n            \"viewerRating\":
        \"none\",\n            \"likeCount\": 3,\n            \"publishedAt\": \"2020-09-24T13:15:36Z\",\n
        \           \"updatedAt\": \"2020-09-24T13:15:36Z\"\n          }\n        },\n
        \       \"canReply\": true,\n        \"totalReplyCount\": 0,\n        \"isPublic\":
        true\n      }\n    },\n    {\n      \"kind\": \"youtube#commentThread\",\n
        \     \"etag\": \"ID86SOmhz2iDdgvgcS8W7djm5sQ\",\n      \"id\": \"UgyOQZz0pLJErpHRvT94AaABAg\",\n
        \     \"snippet\": {\n        \"videoId\": \"DA8nk83xumg\",\n        \"topLevelComment\":
        {\n          \"kind\": \"youtube#comment\",\n          \"etag\": \"f07Yo59kfKUj9mPOBQpTnayq9kU\",\n
        \         \"id\": \"UgyOQZz0pLJErpHRvT94AaABAg\",\n          \"snippet\":
        {\n            \"videoId\": \"DA8nk83xumg\",\n            \"textDisplay\":
        \"推推推，超好聽，希望以後在跨年晚會，新北耶誕晚會能看到妳\",\n            \"textOriginal\": \"推推推，超好聽，希望以後在跨年晚會，新北耶誕晚會能看到妳\",\n
        \           \"authorDisplayName\": \"Andy\",\n            \"authorProfileImageUrl\":
        \"https://yt3.ggpht.com/ytc/AAUvwnhVeHmWMGd0nGm5fyMTR3uU0_doPYKrAIrK9PUnxj4=s48-c-k-c0xffffffff-no-rj-mo\",\n
        \           \"authorChannelUrl\": \"http://www.youtube.com/channel/UCMp2_SojryrGDBZhJKD1HPA\",\n
        \           \"authorChannelId\": {\n              \"value\": \"UCMp2_SojryrGDBZhJKD1HPA\"\n
        \           },\n            \"canRate\": true,\n            \"viewerRating\":
        \"none\",\n            \"likeCount\": 3,\n            \"publishedAt\": \"2020-09-24T13:14:46Z\",\n
        \           \"updatedAt\": \"2020-09-24T13:14:46Z\"\n          }\n        },\n
        \       \"canReply\": true,\n        \"totalReplyCount\": 0,\n        \"isPublic\":
        true\n      }\n    },\n    {\n      \"kind\": \"youtube#commentThread\",\n
        \     \"etag\": \"7TD4B5f_8PwyJI8IHqbKY9mzmp8\",\n      \"id\": \"UgyMqdoMgRbiKpeZd214AaABAg\",\n
        \     \"snippet\": {\n        \"videoId\": \"DA8nk83xumg\",\n        \"topLevelComment\":
        {\n          \"kind\": \"youtube#comment\",\n          \"etag\": \"EaegxSTVhamNIJzwlc4fdiN3a7o\",\n
        \         \"id\": \"UgyMqdoMgRbiKpeZd214AaABAg\",\n          \"snippet\":
        {\n            \"videoId\": \"DA8nk83xumg\",\n            \"textDisplay\":
        \"希望偶像劇女主角也是語噥❤️❤️❤️\",\n            \"textOriginal\": \"希望偶像劇女主角也是語噥❤️❤️❤️\",\n
        \           \"authorDisplayName\": \"Startfvlog Bianca\",\n            \"authorProfileImageUrl\":
        \"https://yt3.ggpht.com/ytc/AAUvwniubIsG4QafOPUDMcrKXkRzcEMl7BTXwzIsKWod=s48-c-k-c0xffffffff-no-rj-mo\",\n
        \           \"authorChannelUrl\": \"http://www.youtube.com/channel/UCwMmWWIRrrriTF1gIfsfbzA\",\n
        \           \"authorChannelId\": {\n              \"value\": \"UCwMmWWIRrrriTF1gIfsfbzA\"\n
        \           },\n            \"canRate\": true,\n            \"viewerRating\":
        \"none\",\n            \"likeCount\": 4,\n            \"publishedAt\": \"2020-09-24T13:13:27Z\",\n
        \           \"updatedAt\": \"2020-09-24T13:13:27Z\"\n          }\n        },\n
        \       \"canReply\": true,\n        \"totalReplyCount\": 0,\n        \"isPublic\":
        true\n      }\n    },\n    {\n      \"kind\": \"youtube#commentThread\",\n
        \     \"etag\": \"RPxZwjBm0iHbjLeNQLAjOjRupRg\",\n      \"id\": \"Ugw2KOBr2RbfVPWJGgx4AaABAg\",\n
        \     \"snippet\": {\n        \"videoId\": \"DA8nk83xumg\",\n        \"topLevelComment\":
        {\n          \"kind\": \"youtube#comment\",\n          \"etag\": \"HZUg3EJdUXPspOR55nuwnH8DVMM\",\n
        \         \"id\": \"Ugw2KOBr2RbfVPWJGgx4AaABAg\",\n          \"snippet\":
        {\n            \"videoId\": \"DA8nk83xumg\",\n            \"textDisplay\":
        \"語噥真的太棒了\U0001F497 專輯的歌一半以上都有MV~\\u003cbr /\\u003e要記得不要努力過頭~偶爾也要放鬆一下喔\\u003cbr
        /\\u003e永遠支持你\U0001F48C 真的超好聽的！\",\n            \"textOriginal\": \"語噥真的太棒了\U0001F497
        專輯的歌一半以上都有MV~\\n要記得不要努力過頭~偶爾也要放鬆一下喔\\n永遠支持你\U0001F48C 真的超好聽的！\",\n            \"authorDisplayName\":
        \"小霍-mi粉&黃豆\",\n            \"authorProfileImageUrl\": \"https://yt3.ggpht.com/ytc/AAUvwngehwizgWQTu4v2hkLLi_H2lDh2MsnWIyx4P2Ds=s48-c-k-c0xffffffff-no-rj-mo\",\n
        \           \"authorChannelUrl\": \"http://www.youtube.com/channel/UCiuHuSCxA5-pKNcoNRsOgVA\",\n
        \           \"authorChannelId\": {\n              \"value\": \"UCiuHuSCxA5-pKNcoNRsOgVA\"\n
        \           },\n            \"canRate\": true,\n            \"viewerRating\":
        \"none\",\n            \"likeCount\": 4,\n            \"publishedAt\": \"2020-09-24T13:12:59Z\",\n
        \           \"updatedAt\": \"2020-09-24T13:12:59Z\"\n          }\n        },\n
        \       \"canReply\": true,\n        \"totalReplyCount\": 0,\n        \"isPublic\":
        true\n      }\n    },\n    {\n      \"kind\": \"youtube#commentThread\",\n
        \     \"etag\": \"frwf_tDmKBUfy9WzhfXQlZDeJ_o\",\n      \"id\": \"UgyR3LpkTP-PgJToTSh4AaABAg\",\n
        \     \"snippet\": {\n        \"videoId\": \"DA8nk83xumg\",\n        \"topLevelComment\":
        {\n          \"kind\": \"youtube#comment\",\n          \"etag\": \"LDwFTpGCUIjDY4cbJnIXSk3lJKk\",\n
        \         \"id\": \"UgyR3LpkTP-PgJToTSh4AaABAg\",\n          \"snippet\":
        {\n            \"videoId\": \"DA8nk83xumg\",\n            \"textDisplay\":
        \"加油~\",\n            \"textOriginal\": \"加油~\",\n            \"authorDisplayName\":
        \"JiaXiaing\",\n            \"authorProfileImageUrl\": \"https://yt3.ggpht.com/ytc/AAUvwniRTtsQf2gDONma2OzLadtgy9w0uawP8csTU-KNgA=s48-c-k-c0xffffffff-no-rj-mo\",\n
        \           \"authorChannelUrl\": \"http://www.youtube.com/channel/UCrwbDHYA4Rw4upIdhxsqdfw\",\n
        \           \"authorChannelId\": {\n              \"value\": \"UCrwbDHYA4Rw4upIdhxsqdfw\"\n
        \           },\n            \"canRate\": true,\n            \"viewerRating\":
        \"none\",\n            \"likeCount\": 2,\n            \"publishedAt\": \"2020-09-24T13:09:51Z\",\n
        \           \"updatedAt\": \"2020-09-24T13:09:51Z\"\n          }\n        },\n
        \       \"canReply\": true,\n        \"totalReplyCount\": 0,\n        \"isPublic\":
        true\n      }\n    },\n    {\n      \"kind\": \"youtube#commentThread\",\n
        \     \"etag\": \"1745fP_LHSCxBI8AnWYhKjY58-A\",\n      \"id\": \"UgxuQd1ISLB5JISQndx4AaABAg\",\n
        \     \"snippet\": {\n        \"videoId\": \"DA8nk83xumg\",\n        \"topLevelComment\":
        {\n          \"kind\": \"youtube#comment\",\n          \"etag\": \"S6n0OTzuw8feYkNC3niET1YM2SY\",\n
        \         \"id\": \"UgxuQd1ISLB5JISQndx4AaABAg\",\n          \"snippet\":
        {\n            \"videoId\": \"DA8nk83xumg\",\n            \"textDisplay\":
        \"語噥\\u003cbr /\\u003e我是個《默默》支持妳的粉絲，雖然很多活動都沒辦法去到現場幫妳加油，但我是非常支持妳的\\u003cbr
        /\\u003e謝謝妳，讓我的人生增添了許多《色彩》，但想起之前到簽唱會看到妳本人時、《我們》大家一起合唱，聽到妳現場唱歌，當下我真的非常開心，也希望妳能夠《對我好》(威~不是啦，是對所有米粉好啦～\U0001F92A\\u003cbr
        /\\u003e\\u003cbr /\\u003e希望妳不要因為酸民而失去了自己的《節奏》，找會自信，對於酸民就《不在乎》，跟酸民say《no more
        》\\u003cbr /\\u003e語噥的歌有點難湊詞，我已經盡力了\U0001F605\U0001F605\",\n            \"textOriginal\":
        \"語噥\\n我是個《默默》支持妳的粉絲，雖然很多活動都沒辦法去到現場幫妳加油，但我是非常支持妳的\\n謝謝妳，讓我的人生增添了許多《色彩》，但想起之前到簽唱會看到妳本人時、《我們》大家一起合唱，聽到妳現場唱歌，當下我真的非常開心，也希望妳能夠《對我好》(威~不是啦，是對所有米粉好啦～\U0001F92A\\n\\n希望妳不要因為酸民而失去了自己的《節奏》，找會自信，對於酸民就《不在乎》，跟酸民say《no
        more 》\\n語噥的歌有點難湊詞，我已經盡力了\U0001F605\U0001F605\",\n            \"authorDisplayName\":
        \"mi粉卜心粉\",\n            \"authorProfileImageUrl\": \"https://yt3.ggpht.com/ytc/AAUvwnikEOc0y019iA_jYaarxTigJQFcD8F-XM-y2cFmTw=s48-c-k-c0xffffffff-no-rj-mo\",\n
        \           \"authorChannelUrl\": \"http://www.youtube.com/channel/UCfX26igvTwGZmwMDpx2J1_Q\",\n
        \           \"authorChannelId\": {\n              \"value\": \"UCfX26igvTwGZmwMDpx2J1_Q\"\n
        \           },\n            \"canRate\": true,\n            \"viewerRating\":
        \"none\",\n            \"likeCount\": 46,\n            \"publishedAt\": \"2020-09-24T12:40:50Z\",\n
        \           \"updatedAt\": \"2020-12-03T09:30:25Z\"\n          }\n        },\n
        \       \"canReply\": true,\n        \"totalReplyCount\": 2,\n        \"isPublic\":
        true\n      }\n    },\n    {\n      \"kind\": \"youtube#commentThread\",\n
        \     \"etag\": \"W3YHGbuc4gM8CwSywdviryrSspg\",\n      \"id\": \"UgwMfjQrDZ8QSkaPQCZ4AaABAg\",\n
        \     \"snippet\": {\n        \"videoId\": \"DA8nk83xumg\",\n        \"topLevelComment\":
        {\n          \"kind\": \"youtube#comment\",\n          \"etag\": \"7aEt90Zhhpw8s9MRCFZxE_Ha8yI\",\n
        \         \"id\": \"UgwMfjQrDZ8QSkaPQCZ4AaABAg\",\n          \"snippet\":
        {\n            \"videoId\": \"DA8nk83xumg\",\n            \"textDisplay\":
        \"期待喔\U0001F970\U0001F970\U0001F970\U0001F970，現在專輯裡的歌都有MV了！好強❤️❤️\",\n            \"textOriginal\":
        \"期待喔\U0001F970\U0001F970\U0001F970\U0001F970，現在專輯裡的歌都有MV了！好強❤️❤️\",\n            \"authorDisplayName\":
        \"Ting Han chen\",\n            \"authorProfileImageUrl\": \"https://yt3.ggpht.com/ytc/AAUvwnj3_a-5FOU6QLZYqmUHG733HYZsb-raIGLqQQtp_g=s48-c-k-c0xffffffff-no-rj-mo\",\n
        \           \"authorChannelUrl\": \"http://www.youtube.com/channel/UC9Yf34R5Tu7GkJzqFmMi9lg\",\n
        \           \"authorChannelId\": {\n              \"value\": \"UC9Yf34R5Tu7GkJzqFmMi9lg\"\n
        \           },\n            \"canRate\": true,\n            \"viewerRating\":
        \"none\",\n            \"likeCount\": 1,\n            \"publishedAt\": \"2020-09-24T11:00:07Z\",\n
        \           \"updatedAt\": \"2020-09-24T11:00:07Z\"\n          }\n        },\n
        \       \"canReply\": true,\n        \"totalReplyCount\": 0,\n        \"isPublic\":
        true\n      }\n    },\n    {\n      \"kind\": \"youtube#commentThread\",\n
        \     \"etag\": \"urRlcureS4M69pBSthOb5F2uLmA\",\n      \"id\": \"UgzRjuhF-WtrxJWcoIp4AaABAg\",\n
        \     \"snippet\": {\n        \"videoId\": \"DA8nk83xumg\",\n        \"topLevelComment\":
        {\n          \"kind\": \"youtube#comment\",\n          \"etag\": \"fbgFZEMeGbGMoukHEEAdrdkAwno\",\n
        \         \"id\": \"UgzRjuhF-WtrxJWcoIp4AaABAg\",\n          \"snippet\":
        {\n            \"videoId\": \"DA8nk83xumg\",\n            \"textDisplay\":
        \"看封面語噥好像唱的很陶醉\U0001F633好美\U0001F60D！\",\n            \"textOriginal\": \"看封面語噥好像唱的很陶醉\U0001F633好美\U0001F60D！\",\n
        \           \"authorDisplayName\": \"黃子芸\",\n            \"authorProfileImageUrl\":
        \"https://yt3.ggpht.com/ytc/AAUvwngstKzPKsC_Nucdy37W8U6oyai8arsmI6yXXB3Kpw=s48-c-k-c0xffffffff-no-rj-mo\",\n
        \           \"authorChannelUrl\": \"http://www.youtube.com/channel/UCco86v_bM8u1ya_oWK_sRVQ\",\n
        \           \"authorChannelId\": {\n              \"value\": \"UCco86v_bM8u1ya_oWK_sRVQ\"\n
        \           },\n            \"canRate\": true,\n            \"viewerRating\":
        \"none\",\n            \"likeCount\": 2,\n            \"publishedAt\": \"2020-09-24T08:57:22Z\",\n
        \           \"updatedAt\": \"2020-09-24T08:57:22Z\"\n          }\n        },\n
        \       \"canReply\": true,\n        \"totalReplyCount\": 0,\n        \"isPublic\":
        true\n      }\n    },\n    {\n      \"kind\": \"youtube#commentThread\",\n
        \     \"etag\": \"HnGATHpHovebhvuChEV0xCTQmtU\",\n      \"id\": \"UgxliPs26hUgMo0Bc1l4AaABAg\",\n
        \     \"snippet\": {\n        \"videoId\": \"DA8nk83xumg\",\n        \"topLevelComment\":
        {\n          \"kind\": \"youtube#comment\",\n          \"etag\": \"B6kLcdj9YEC6NHpm6PVPxXQcYtc\",\n
        \         \"id\": \"UgxliPs26hUgMo0Bc1l4AaABAg\",\n          \"snippet\":
        {\n            \"videoId\": \"DA8nk83xumg\",\n            \"textDisplay\":
        \"簽到！\",\n            \"textOriginal\": \"簽到！\",\n            \"authorDisplayName\":
        \"陳沂彤\",\n            \"authorProfileImageUrl\": \"https://yt3.ggpht.com/ytc/AAUvwngkstD9OtWX7naB24uDek3wahTy4i1AzzVfTmyYVA=s48-c-k-c0xffffffff-no-rj-mo\",\n
        \           \"authorChannelUrl\": \"http://www.youtube.com/channel/UCuqOC1DjqsGoftU_9pGXKpQ\",\n
        \           \"authorChannelId\": {\n              \"value\": \"UCuqOC1DjqsGoftU_9pGXKpQ\"\n
        \           },\n            \"canRate\": true,\n            \"viewerRating\":
        \"none\",\n            \"likeCount\": 1,\n            \"publishedAt\": \"2020-09-24T08:56:46Z\",\n
        \           \"updatedAt\": \"2020-09-24T08:56:46Z\"\n          }\n        },\n
        \       \"canReply\": true,\n        \"totalReplyCount\": 0,\n        \"isPublic\":
        true\n      }\n    },\n    {\n      \"kind\": \"youtube#commentThread\",\n
        \     \"etag\": \"A2kASAtnnygniYfGG8jHOZdVzd4\",\n      \"id\": \"UgysbKN49gLki30RC7J4AaABAg\",\n
        \     \"snippet\": {\n        \"videoId\": \"DA8nk83xumg\",\n        \"topLevelComment\":
        {\n          \"kind\": \"youtube#comment\",\n          \"etag\": \"DmWJiBqh-n5f6RXbRRTjnzkPn4E\",\n
        \         \"id\": \"UgysbKN49gLki30RC7J4AaABAg\",\n          \"snippet\":
        {\n            \"videoId\": \"DA8nk83xumg\",\n            \"textDisplay\":
        \"這首歌好好聽 麻煩語噥多唱一點抒情歌！ \U0001F47C\U0001F3FB\",\n            \"textOriginal\":
        \"這首歌好好聽 麻煩語噥多唱一點抒情歌！ \U0001F47C\U0001F3FB\",\n            \"authorDisplayName\":
        \"chen jie\",\n            \"authorProfileImageUrl\": \"https://yt3.ggpht.com/ytc/AAUvwnhhj_yDXDA-g4PjdAKDMlNvng9bPdjX1iSHjg=s48-c-k-c0xffffffff-no-rj-mo\",\n
        \           \"authorChannelUrl\": \"http://www.youtube.com/channel/UCBpNfDFFMYtRH1FLSDIFAyg\",\n
        \           \"authorChannelId\": {\n              \"value\": \"UCBpNfDFFMYtRH1FLSDIFAyg\"\n
        \           },\n            \"canRate\": true,\n            \"viewerRating\":
        \"none\",\n            \"likeCount\": 5,\n            \"publishedAt\": \"2020-09-24T05:13:22Z\",\n
        \           \"updatedAt\": \"2020-09-24T05:13:22Z\"\n          }\n        },\n
        \       \"canReply\": true,\n        \"totalReplyCount\": 0,\n        \"isPublic\":
        true\n      }\n    },\n    {\n      \"kind\": \"youtube#commentThread\",\n
        \     \"etag\": \"cKKqU9SkdoEM2fUivRodEQphMGc\",\n      \"id\": \"UgyIzbcJHd4-JfUpW5J4AaABAg\",\n
        \     \"snippet\": {\n        \"videoId\": \"DA8nk83xumg\",\n        \"topLevelComment\":
        {\n          \"kind\": \"youtube#comment\",\n          \"etag\": \"o7CUjtavp4nVzs7oHWg7T3QHRjQ\",\n
        \         \"id\": \"UgyIzbcJHd4-JfUpW5J4AaABAg\",\n          \"snippet\":
        {\n            \"videoId\": \"DA8nk83xumg\",\n            \"textDisplay\":
        \"期待新歌～\",\n            \"textOriginal\": \"期待新歌～\",\n            \"authorDisplayName\":
        \"蘿蔔.\",\n            \"authorProfileImageUrl\": \"https://yt3.ggpht.com/ytc/AAUvwnjrLEYAxRm4f3sRD6rJEhfLlQp5VLFxr5gXPms9=s48-c-k-c0xffffffff-no-rj-mo\",\n
        \           \"authorChannelUrl\": \"http://www.youtube.com/channel/UCRRiuIPtr9tDpbnUXojrnOQ\",\n
        \           \"authorChannelId\": {\n              \"value\": \"UCRRiuIPtr9tDpbnUXojrnOQ\"\n
        \           },\n            \"canRate\": true,\n            \"viewerRating\":
        \"none\",\n            \"likeCount\": 2,\n            \"publishedAt\": \"2020-09-24T05:07:23Z\",\n
        \           \"updatedAt\": \"2020-09-24T05:07:23Z\"\n          }\n        },\n
        \       \"canReply\": true,\n        \"totalReplyCount\": 0,\n        \"isPublic\":
        true\n      }\n    },\n    {\n      \"kind\": \"youtube#commentThread\",\n
        \     \"etag\": \"iK_ozqpy-F-HvNJWBSFvhzyvqJU\",\n      \"id\": \"UgzJ9O6Q-sQ-OQ0TEWR4AaABAg\",\n
        \     \"snippet\": {\n        \"videoId\": \"DA8nk83xumg\",\n        \"topLevelComment\":
        {\n          \"kind\": \"youtube#comment\",\n          \"etag\": \"Irc6L3qEZNrktWnd10CKMD3v-J0\",\n
        \         \"id\": \"UgzJ9O6Q-sQ-OQ0TEWR4AaABAg\",\n          \"snippet\":
        {\n            \"videoId\": \"DA8nk83xumg\",\n            \"textDisplay\":
        \"非常期待 加油 我\",\n            \"textOriginal\": \"非常期待 加油 我\",\n            \"authorDisplayName\":
        \"蘇宥達\",\n            \"authorProfileImageUrl\": \"https://yt3.ggpht.com/ytc/AAUvwngdlApMZhkcv2k3OcRc38m4s8ply50UkBMhWw=s48-c-k-c0xffffffff-no-rj-mo\",\n
        \           \"authorChannelUrl\": \"http://www.youtube.com/channel/UCKvH6ypSiU_MfHoYB78GAPQ\",\n
        \           \"authorChannelId\": {\n              \"value\": \"UCKvH6ypSiU_MfHoYB78GAPQ\"\n
        \           },\n            \"canRate\": true,\n            \"viewerRating\":
        \"none\",\n            \"likeCount\": 2,\n            \"publishedAt\": \"2020-09-24T04:12:04Z\",\n
        \           \"updatedAt\": \"2020-09-24T04:12:04Z\"\n          }\n        },\n
        \       \"canReply\": true,\n        \"totalReplyCount\": 0,\n        \"isPublic\":
        true\n      }\n    },\n    {\n      \"kind\": \"youtube#commentThread\",\n
        \     \"etag\": \"oBcJ3wl6usJffML0ncHJ7j42vE4\",\n      \"id\": \"Ugx6Y8zJRbnKHmqLcWt4AaABAg\",\n
        \     \"snippet\": {\n        \"videoId\": \"DA8nk83xumg\",\n        \"topLevelComment\":
        {\n          \"kind\": \"youtube#comment\",\n          \"etag\": \"vXZTeO4DqPbjTr9Y4-raI9J_jxA\",\n
        \         \"id\": \"Ugx6Y8zJRbnKHmqLcWt4AaABAg\",\n          \"snippet\":
        {\n            \"videoId\": \"DA8nk83xumg\",\n            \"textDisplay\":
        \"天啊，\\u003cbr /\\u003e这首也有MV耶\\u003cbr /\\u003e我很爱这首❤️\\u003cbr /\\u003e\\u003cbr
        /\\u003e这首前奏一开始我就知道会中❤️\\u003cbr /\\u003e语哝温暖的声线直接让我跪下\U0001F618\\u003cbr
        /\\u003e\\u003cbr /\\u003e希望《脑波小姐》大热顺便让语哝知名度大开\U0001F923\U0001F923\\u003cbr
        /\\u003e就像当年叮当一样《下一站幸福》\",\n            \"textOriginal\": \"天啊，\\n这首也有MV耶\\n我很爱这首❤️\\n\\n这首前奏一开始我就知道会中❤️\\n语哝温暖的声线直接让我跪下\U0001F618\\n\\n希望《脑波小姐》大热顺便让语哝知名度大开\U0001F923\U0001F923\\n就像当年叮当一样《下一站幸福》\",\n
        \           \"authorDisplayName\": \"小刘人生杂货店\",\n            \"authorProfileImageUrl\":
        \"https://yt3.ggpht.com/ytc/AAUvwnjathNnamco7ea2DP6OSAxkt_7RsJ63gtpiV4EdPw=s48-c-k-c0xffffffff-no-rj-mo\",\n
        \           \"authorChannelUrl\": \"http://www.youtube.com/channel/UCG4Kgm8FKUSDFuPsQdtjuxA\",\n
        \           \"authorChannelId\": {\n              \"value\": \"UCG4Kgm8FKUSDFuPsQdtjuxA\"\n
        \           },\n            \"canRate\": true,\n            \"viewerRating\":
        \"none\",\n            \"likeCount\": 3,\n            \"publishedAt\": \"2020-09-24T04:10:32Z\",\n
        \           \"updatedAt\": \"2020-09-28T11:53:57Z\"\n          }\n        },\n
        \       \"canReply\": true,\n        \"totalReplyCount\": 0,\n        \"isPublic\":
        true\n      }\n    },\n    {\n      \"kind\": \"youtube#commentThread\",\n
        \     \"etag\": \"NwwCKCRJ5TiK3x00Z6OXmlkRh2U\",\n      \"id\": \"Ugw1NAZZKa8nkZI8wNx4AaABAg\",\n
        \     \"snippet\": {\n        \"videoId\": \"DA8nk83xumg\",\n        \"topLevelComment\":
        {\n          \"kind\": \"youtube#comment\",\n          \"etag\": \"eFOtgz85tNSMumdD0Zv6sUn-AWg\",\n
        \         \"id\": \"Ugw1NAZZKa8nkZI8wNx4AaABAg\",\n          \"snippet\":
        {\n            \"videoId\": \"DA8nk83xumg\",\n            \"textDisplay\":
        \"看mv❤️❤️❤️❤️好興奮\",\n            \"textOriginal\": \"看mv❤️❤️❤️❤️好興奮\",\n            \"authorDisplayName\":
        \"jane Lin\",\n            \"authorProfileImageUrl\": \"https://yt3.ggpht.com/ytc/AAUvwnhXMK0SmBy05TQGPzEAcJ_zlpOBVTtc3m7vmkcjng=s48-c-k-c0xffffffff-no-rj-mo\",\n
        \           \"authorChannelUrl\": \"http://www.youtube.com/channel/UCFuwZpQvXS4k6chuMs--Uyg\",\n
        \           \"authorChannelId\": {\n              \"value\": \"UCFuwZpQvXS4k6chuMs--Uyg\"\n
        \           },\n            \"canRate\": true,\n            \"viewerRating\":
        \"none\",\n            \"likeCount\": 2,\n            \"publishedAt\": \"2020-09-24T03:12:35Z\",\n
        \           \"updatedAt\": \"2020-09-24T03:12:35Z\"\n          }\n        },\n
        \       \"canReply\": true,\n        \"totalReplyCount\": 0,\n        \"isPublic\":
        true\n      }\n    }\n  ]\n}\n"
  recorded_at: Thu, 07 Jan 2021 08:56:39 GMT
recorded_with: VCR 6.0.0
